Component: Arm Compiler for Embedded 6.22 Tool: armlink [5ee90200]

==============================================================================

Section Cross References

    startup_stm32g030xx.o(STACK) refers (Special) to heapauxi.o(.text) for __use_two_region_memory
    startup_stm32g030xx.o(HEAP) refers (Special) to heapauxi.o(.text) for __use_two_region_memory
    startup_stm32g030xx.o(RESET) refers (Special) to heapauxi.o(.text) for __use_two_region_memory
    startup_stm32g030xx.o(RESET) refers to startup_stm32g030xx.o(STACK) for __initial_sp
    startup_stm32g030xx.o(RESET) refers to startup_stm32g030xx.o(.text) for Reset_Handler
    startup_stm32g030xx.o(RESET) refers to stm32g0xx_it.o(.text.NMI_Handler) for NMI_Handler
    startup_stm32g030xx.o(RESET) refers to stm32g0xx_it.o(.text.HardFault_Handler) for HardFault_Handler
    startup_stm32g030xx.o(RESET) refers to sl_slice.o(.text.PendSV_Handler) for PendSV_Handler
    startup_stm32g030xx.o(RESET) refers to stm32g0xx_it.o(.text.SysTick_Handler) for SysTick_Handler
    startup_stm32g030xx.o(.text) refers (Special) to heapauxi.o(.text) for __use_two_region_memory
    startup_stm32g030xx.o(.text) refers to system_stm32g0xx.o(.text.SystemInit) for SystemInit
    startup_stm32g030xx.o(.text) refers to __main.o(!!!main) for __main
    startup_stm32g030xx.o(.text) refers to startup_stm32g030xx.o(HEAP) for Heap_Mem
    startup_stm32g030xx.o(.text) refers to startup_stm32g030xx.o(STACK) for Stack_Mem
    main.o(.text.main) refers to stm32g0xx_hal.o(.text.HAL_Init) for HAL_Init
    main.o(.text.main) refers to main.o(.text.SystemClock_Config) for SystemClock_Config
    main.o(.text.main) refers to gpio.o(.text.MX_GPIO_Init) for MX_GPIO_Init
    main.o(.text.main) refers to _main.o(.text._main) for _main
    main.o(.ARM.exidx.text.main) refers to main.o(.text.main) for [Anonymous Symbol]
    main.o(.text.SystemClock_Config) refers to rt_memclr.o(.text) for __aeabi_memclr4
    main.o(.text.SystemClock_Config) refers to stm32g0xx_hal_pwr_ex.o(.text.HAL_PWREx_ControlVoltageScaling) for HAL_PWREx_ControlVoltageScaling
    main.o(.text.SystemClock_Config) refers to stm32g0xx_hal_rcc.o(.text.HAL_RCC_OscConfig) for HAL_RCC_OscConfig
    main.o(.text.SystemClock_Config) refers to main.o(.text.Error_Handler) for Error_Handler
    main.o(.text.SystemClock_Config) refers to stm32g0xx_hal_rcc.o(.text.HAL_RCC_ClockConfig) for HAL_RCC_ClockConfig
    main.o(.ARM.exidx.text.SystemClock_Config) refers to main.o(.text.SystemClock_Config) for [Anonymous Symbol]
    main.o(.ARM.exidx.text.Error_Handler) refers to main.o(.text.Error_Handler) for [Anonymous Symbol]
    gpio.o(.ARM.exidx.text.MX_GPIO_Init) refers to gpio.o(.text.MX_GPIO_Init) for [Anonymous Symbol]
    stm32g0xx_it.o(.text.NMI_Handler) refers to sloop.o(.text.sl_get_tick) for sl_get_tick
    stm32g0xx_it.o(.text.NMI_Handler) refers to aeabi_sdiv.o(.text) for __aeabi_uidiv
    stm32g0xx_it.o(.text.NMI_Handler) refers to segger_rtt_printf.o(.text.SEGGER_RTT_printf) for SEGGER_RTT_printf
    stm32g0xx_it.o(.text.NMI_Handler) refers to stm32g0xx_it.o(.rodata.str1.1) for [Anonymous Symbol]
    stm32g0xx_it.o(.ARM.exidx.text.NMI_Handler) refers to stm32g0xx_it.o(.text.NMI_Handler) for [Anonymous Symbol]
    stm32g0xx_it.o(.text.HardFault_Handler) refers to sloop.o(.text.sl_get_tick) for sl_get_tick
    stm32g0xx_it.o(.text.HardFault_Handler) refers to aeabi_sdiv.o(.text) for __aeabi_uidiv
    stm32g0xx_it.o(.text.HardFault_Handler) refers to segger_rtt_printf.o(.text.SEGGER_RTT_printf) for SEGGER_RTT_printf
    stm32g0xx_it.o(.text.HardFault_Handler) refers to stm32g0xx_it.o(.rodata.str1.1) for [Anonymous Symbol]
    stm32g0xx_it.o(.ARM.exidx.text.HardFault_Handler) refers to stm32g0xx_it.o(.text.HardFault_Handler) for [Anonymous Symbol]
    stm32g0xx_it.o(.text.SysTick_Handler) refers to stm32g0xx_hal.o(.text.HAL_IncTick) for HAL_IncTick
    stm32g0xx_it.o(.text.SysTick_Handler) refers to sloop.o(.text.sl_tick_irq) for sl_tick_irq
    stm32g0xx_it.o(.ARM.exidx.text.SysTick_Handler) refers to stm32g0xx_it.o(.text.SysTick_Handler) for [Anonymous Symbol]
    stm32g0xx_hal_msp.o(.ARM.exidx.text.HAL_MspInit) refers to stm32g0xx_hal_msp.o(.text.HAL_MspInit) for [Anonymous Symbol]
    stm32g0xx_hal_rcc.o(.text.HAL_RCC_DeInit) refers to stm32g0xx_hal.o(.text.HAL_GetTick) for HAL_GetTick
    stm32g0xx_hal_rcc.o(.text.HAL_RCC_DeInit) refers to stm32g0xx_hal.o(.text.HAL_InitTick) for HAL_InitTick
    stm32g0xx_hal_rcc.o(.text.HAL_RCC_DeInit) refers to system_stm32g0xx.o(.data.SystemCoreClock) for SystemCoreClock
    stm32g0xx_hal_rcc.o(.text.HAL_RCC_DeInit) refers to stm32g0xx_hal.o(.data.uwTickPrio) for uwTickPrio
    stm32g0xx_hal_rcc.o(.ARM.exidx.text.HAL_RCC_DeInit) refers to stm32g0xx_hal_rcc.o(.text.HAL_RCC_DeInit) for [Anonymous Symbol]
    stm32g0xx_hal_rcc.o(.text.HAL_RCC_OscConfig) refers to stm32g0xx_hal.o(.text.HAL_GetTick) for HAL_GetTick
[...]
    ../clib/angel/rt.s                       0x00000000   Number         0  aeabi_idiv0.o ABSOLUTE
    ../clib/angel/rt.s                       0x00000000   Number         0  aeabi_idiv0_sigfpe.o ABSOLUTE
    ../clib/angel/rt.s                       0x00000000   Number         0  rt_div0.o ABSOLUTE
    ../clib/angel/rt.s                       0x00000000   Number         0  rt_raise.o ABSOLUTE
    ../clib/angel/scatterp.s                 0x00000000   Number         0  __scatter.o ABSOLUTE
    ../clib/angel/startup.s                  0x00000000   Number         0  __main.o ABSOLUTE
    ../clib/angel/sys.s                      0x00000000   Number         0  sys_stackheap_outer.o ABSOLUTE
    ../clib/angel/sys.s                      0x00000000   Number         0  libspace.o ABSOLUTE
    ../clib/angel/sys.s                      0x00000000   Number         0  tempstk.o ABSOLUTE
    ../clib/angel/sys.s                      0x00000000   Number         0  use_no_semi.o ABSOLUTE
    ../clib/angel/sys.s                      0x00000000   Number         0  indicate_semi.o ABSOLUTE
    ../clib/angel/sysapp.c                   0x00000000   Number         0  sys_exit.o ABSOLUTE
    ../clib/angel/sysapp.c                   0x00000000   Number         0  sys_exit_hlt.o ABSOLUTE
    ../clib/angel/sysapp.c                   0x00000000   Number         0  sys_wrch.o ABSOLUTE
    ../clib/angel/sysapp.c                   0x00000000   Number         0  sys_wrch_hlt.o ABSOLUTE
    ../clib/angel/sysapp.c                   0x00000000   Number         0  sys_command.o ABSOLUTE
    ../clib/angel/sysapp.c                   0x00000000   Number         0  sys_command_hlt.o ABSOLUTE
    ../clib/armsys.c                         0x00000000   Number         0  argv_veneer.o ABSOLUTE
    ../clib/armsys.c                         0x00000000   Number         0  _get_argv_nomalloc.o ABSOLUTE
    ../clib/armsys.c                         0x00000000   Number         0  no_argv.o ABSOLUTE
    ../clib/division.s                       0x00000000   Number         0  aeabi_sdiv.o ABSOLUTE
    ../clib/division.s                       0x00000000   Number         0  aeabi_sdiv_div0.o ABSOLUTE
    ../clib/heapalloc.c                      0x00000000   Number         0  hrguard.o ABSOLUTE
    ../clib/heapaux.c                        0x00000000   Number         0  heapauxi.o ABSOLUTE
    ../clib/libinit.s                        0x00000000   Number         0  libinit.o ABSOLUTE
    ../clib/libinit.s                        0x00000000   Number         0  libinit2.o ABSOLUTE
    ../clib/libinit.s                        0x00000000   Number         0  libshutdown.o ABSOLUTE
    ../clib/libinit.s                        0x00000000   Number         0  libshutdown2.o ABSOLUTE
    ../clib/memcpset.c                       0x00000000   Number         0  rt_memcpy.o ABSOLUTE
    ../clib/memcpset.c                       0x00000000   Number         0  rt_memcpy.o ABSOLUTE
    ../clib/memcpset.c                       0x00000000   Number         0  rt_memclr.o ABSOLUTE
    ../clib/signal.c                         0x00000000   Number         0  defsig_fpe_outer.o ABSOLUTE
    ../clib/signal.c                         0x00000000   Number         0  defsig_fpe_formal.o ABSOLUTE
    ../clib/signal.c                         0x00000000   Number         0  defsig_exit.o ABSOLUTE
    ../clib/signal.c                         0x00000000   Number         0  defsig_fpe_inner.o ABSOLUTE
    ../clib/signal.c                         0x00000000   Number         0  __raise.o ABSOLUTE
    ../clib/signal.c                         0x00000000   Number         0  defsig_general.o ABSOLUTE
    ../clib/signal.c                         0x00000000   Number         0  defsig_abrt_inner.o ABSOLUTE
    ../clib/signal.c                         0x00000000   Number         0  defsig_rtred_inner.o ABSOLUTE
    ../clib/signal.c                         0x00000000   Number         0  defsig_rtmem_inner.o ABSOLUTE
    ../clib/signal.c                         0x00000000   Number         0  defsig_rtmem_outer.o ABSOLUTE
    ../clib/signal.c                         0x00000000   Number         0  defsig_rtmem_formal.o ABSOLUTE
    ../clib/signal.c                         0x00000000   Number         0  defsig_stak_inner.o ABSOLUTE
    ../clib/signal.c                         0x00000000   Number         0  defsig_pvfn_inner.o ABSOLUTE
    ../clib/signal.c                         0x00000000   Number         0  defsig_cppl_inner.o ABSOLUTE
    ../clib/signal.c                         0x00000000   Number         0  defsig_segv_inner.o ABSOLUTE
    ../clib/signal.c                         0x00000000   Number         0  defsig_other.o ABSOLUTE
    ../clib/signal.s                         0x00000000   Number         0  defsig.o ABSOLUTE
    ../clib/stdlib.c                         0x00000000   Number         0  exit.o ABSOLUTE
    ../clib/string.c                         0x00000000   Number         0  strlen.o ABSOLUTE
    ../fplib/cfplib/fpinit.c                 0x00000000   Number         0  fpinit.o ABSOLUTE
    SEGGER_RTT.c                             0x00000000   Number         0  segger_rtt.o ABSOLUTE
    SEGGER_RTT_printf.c                      0x00000000   Number         0  segger_rtt_printf.o ABSOLUTE
    _main.c                                  0x00000000   Number         0  _main.o ABSOLUTE
    dc.s                                     0x00000000   Number         0  dc.o ABSOLUTE
    gpio.c                                   0x00000000   Number         0  gpio.o ABSOLUTE
    main.c                                   0x00000000   Number         0  main.o ABSOLUTE
    sl_slice.c                               0x00000000   Number         0  sl_slice.o ABSOLUTE
    sloop.c                                  0x00000000   Number         0  sloop.o ABSOLUTE
    startup_stm32g030xx.s                    0x00000000   Number         0  startup_stm32g030xx.o ABSOLUTE
    stm32g0xx_hal.c                          0x00000000   Number         0  stm32g0xx_hal.o ABSOLUTE
    stm32g0xx_hal_cortex.c                   0x00000000   Number         0  stm32g0xx_hal_cortex.o ABSOLUTE
    stm32g0xx_hal_dma.c                      0x00000000   Number         0  stm32g0xx_hal_dma.o ABSOLUTE
    stm32g0xx_hal_dma_ex.c                   0x00000000   Number         0  stm32g0xx_hal_dma_ex.o ABSOLUTE
    stm32g0xx_hal_exti.c                     0x00000000   Number         0  stm32g0xx_hal_exti.o ABSOLUTE
    stm32g0xx_hal_flash.c                    0x00000000   Number         0  stm32g0xx_hal_flash.o ABSOLUTE
    stm32g0xx_hal_flash_ex.c                 0x00000000   Number         0  stm32g0xx_hal_flash_ex.o ABSOLUTE
    stm32g0xx_hal_gpio.c                     0x00000000   Number         0  stm32g0xx_hal_gpio.o ABSOLUTE
    stm32g0xx_hal_msp.c                      0x00000000   Number         0  stm32g0xx_hal_msp.o ABSOLUTE
    stm32g0xx_hal_pwr.c                      0x00000000   Number         0  stm32g0xx_hal_pwr.o ABSOLUTE
    stm32g0xx_hal_pwr_ex.c                   0x00000000   Number         0  stm32g0xx_hal_pwr_ex.o ABSOLUTE
    stm32g0xx_hal_rcc.c                      0x00000000   Number         0  stm32g0xx_hal_rcc.o ABSOLUTE
    stm32g0xx_hal_rcc_ex.c                   0x00000000   Number         0  stm32g0xx_hal_rcc_ex.o ABSOLUTE
    stm32g0xx_it.c                           0x00000000   Number         0  stm32g0xx_it.o ABSOLUTE
    stm32g0xx_ll_rcc.c                       0x00000000   Number         0  stm32g0xx_ll_rcc.o ABSOLUTE
    system_stm32g0xx.c                       0x00000000   Number         0  system_stm32g0xx.o ABSOLUTE
    task_baseInit.c                          0x00000000   Number         0  task_baseinit.o ABSOLUTE
    task_demo.c                              0x00000000   Number         0  task_demo.o ABSOLUTE
    task_flow.c                              0x00000000   Number         0  task_flow.o ABSOLUTE
    task_idle.c                              0x00000000   Number         0  task_idle.o ABSOLUTE
    task_slice.c                             0x00000000   Number         0  task_slice.o ABSOLUTE
    RESET                                    0x08000000   Section      192  startup_stm32g030xx.o(RESET)
    !!!main                                  0x080000c0   Section        8  __main.o(!!!main)
    !!!scatter                               0x080000c8   Section       84  __scatter.o(!!!scatter)
    !!handler_copy                           0x0800011c   Section       26  __scatter_copy.o(!!handler_copy)
    !!handler_null                           0x08000138   Section        2  __scatter.o(!!handler_null)
    !!handler_zi                             0x0800013c   Section       28  __scatter_zi.o(!!handler_zi)
    .ARM.Collect$$libinit$$00000000          0x08000158   Section        2  libinit.o(.ARM.Collect$$libinit$$00000000)
    .ARM.Collect$$libinit$$00000002          0x0800015a   Section        0  libinit2.o(.ARM.Collect$$libinit$$00000002)
    .ARM.Collect$$libinit$$00000004          0x0800015a   Section        0  libinit2.o(.ARM.Collect$$libinit$$00000004)
    .ARM.Collect$$libinit$$00000006          0x0800015a   Section        0  libinit2.o(.ARM.Collect$$libinit$$00000006)
    .ARM.Collect$$libinit$$0000000C          0x0800015a   Section        0  libinit2.o(.ARM.Collect$$libinit$$0000000C)
    .ARM.Collect$$libinit$$0000000E          0x0800015a   Section        0  libinit2.o(.ARM.Collect$$libinit$$0000000E)
    .ARM.Collect$$libinit$$00000010          0x0800015a   Section        0  libinit2.o(.ARM.Collect$$libinit$$00000010)
    .ARM.Collect$$libinit$$00000013          0x0800015a   Section        0  libinit2.o(.ARM.Collect$$libinit$$00000013)
    .ARM.Collect$$libinit$$00000015          0x0800015a   Section        0  libinit2.o(.ARM.Collect$$libinit$$00000015)
    .ARM.Collect$$libinit$$00000017          0x0800015a   Section        0  libinit2.o(.ARM.Collect$$libinit$$00000017)
    .ARM.Collect$$libinit$$00000019          0x0800015a   Section        0  libinit2.o(.ARM.Collect$$libinit$$00000019)
    .ARM.Collect$$libinit$$0000001B          0x0800015a   Section        0  libinit2.o(.ARM.Collect$$libinit$$0000001B)
    .ARM.Collect$$libinit$$0000001D          0x0800015a   Section        0  libinit2.o(.ARM.Collect$$libinit$$0000001D)
    .ARM.Collect$$libinit$$0000001F          0x0800015a   Section        0  libinit2.o(.ARM.Collect$$libinit$$0000001F)
    .ARM.Collect$$libinit$$00000021          0x0800015a   Section        0  libinit2.o(.ARM.Collect$$libinit$$00000021)
    .ARM.Collect$$libinit$$00000023          0x0800015a   Section        0  libinit2.o(.ARM.Collect$$libinit$$00000023)
    .ARM.Collect$$libinit$$00000025          0x0800015a   Section        0  libinit2.o(.ARM.Collect$$libinit$$00000025)
    .ARM.Collect$$libinit$$00000027          0x0800015a   Section        0  libinit2.o(.ARM.Collect$$libinit$$00000027)
    .ARM.Collect$$libinit$$0000002E          0x0800015a   Section        0  libinit2.o(.ARM.Collect$$libinit$$0000002E)
    .ARM.Collect$$libinit$$00000030          0x0800015a   Section        0  libinit2.o(.ARM.Collect$$libinit$$00000030)
    .ARM.Collect$$libinit$$00000032          0x0800015a   Section        0  libinit2.o(.ARM.Collect$$libinit$$00000032)
    .ARM.Collect$$libinit$$00000034          0x0800015a   Section        0  libinit2.o(.ARM.Collect$$libinit$$00000034)
    .ARM.Collect$$libinit$$00000035          0x0800015a   Section        2  libinit2.o(.ARM.Collect$$libinit$$00000035)
    .ARM.Collect$$libshutdown$$00000000      0x0800015c   Section        2  libshutdown.o(.ARM.Collect$$libshutdown$$00000000)
    .ARM.Collect$$libshutdown$$00000002      0x0800015e   Section        0  libshutdown2.o(.ARM.Collect$$libshutdown$$00000002)
    .ARM.Collect$$libshutdown$$00000004      0x0800015e   Section        0  libshutdown2.o(.ARM.Collect$$libshutdown$$00000004)
    .ARM.Collect$$libshutdown$$00000007      0x0800015e   Section        0  libshutdown2.o(.ARM.Collect$$libshutdown$$00000007)
    .ARM.Collect$$libshutdown$$0000000A      0x0800015e   Section        0  libshutdown2.o(.ARM.Collect$$libshutdown$$0000000A)
    .ARM.Collect$$libshutdown$$0000000C      0x0800015e   Section        0  libshutdown2.o(.ARM.Collect$$libshutdown$$0000000C)
    .ARM.Collect$$libshutdown$$0000000F      0x0800015e   Section        0  libshutdown2.o(.ARM.Collect$$libshutdown$$0000000F)
    .ARM.Collect$$libshutdown$$00000010      0x0800015e   Section        2  libshutdown2.o(.ARM.Collect$$libshutdown$$00000010)
    .ARM.Collect$$rtentry$$00000000          0x08000160   Section        0  __rtentry.o(.ARM.Collect$$rtentry$$00000000)
    .ARM.Collect$$rtentry$$00000002          0x08000160   Section        0  __rtentry2.o(.ARM.Collect$$rtentry$$00000002)
    .ARM.Collect$$rtentry$$00000004          0x08000160   Section        6  __rtentry4.o(.ARM.Collect$$rtentry$$00000004)
    .ARM.Collect$$rtentry$$00000009          0x08000166   Section        0  __rtentry2.o(.ARM.Collect$$rtentry$$00000009)
    .ARM.Collect$$rtentry$$0000000A          0x08000166   Section        4  __rtentry2.o(.ARM.Collect$$rtentry$$0000000A)
    .ARM.Collect$$rtentry$$0000000C          0x0800016a   Section        0  __rtentry2.o(.ARM.Collect$$rtentry$$0000000C)
    .ARM.Collect$$rtentry$$0000000D          0x0800016a   Section        8  __rtentry2.o(.ARM.Collect$$rtentry$$0000000D)
    .ARM.Collect$$rtexit$$00000000           0x08000172   Section        2  rtexit.o(.ARM.Collect$$rtexit$$00000000)
    .ARM.Collect$$rtexit$$00000002           0x08000174   Section        0  rtexit2.o(.ARM.Collect$$rtexit$$00000002)
    .ARM.Collect$$rtexit$$00000003           0x08000174   Section        4  rtexit2.o(.ARM.Collect$$rtexit$$00000003)
    .ARM.Collect$$rtexit$$00000004           0x08000178   Section        6  rtexit2.o(.ARM.Collect$$rtexit$$00000004)
    .emb_text                                0x08000180   Section       56  rt_memcpy.o(.emb_text)
    .text                                    0x080001b8   Section       52  startup_stm32g030xx.o(.text)
    .text                                    0x080001ec   Section        0  rt_memcpy.o(.text)
    .text                                    0x0800026e   Section        0  rt_memclr.o(.text)
    .text                                    0x080002b0   Section      364  aeabi_sdiv.o(.text)
    .text                                    0x0800041c   Section        0  heapauxi.o(.text)
    .text                                    0x08000422   Section       62  sys_stackheap_outer.o(.text)
    .text                                    0x08000460   Section        0  exit.o(.text)
    .text                                    0x08000470   Section        8  libspace.o(.text)
    .text                                    0x08000478   Section        0  sys_exit.o(.text)
    .text                                    0x08000484   Section        2  use_no_semi.o(.text)
    [Anonymous Symbol]                       0x08000486   Section        0  main.o(.text.Error_Handler)
    .text                                    0x08000486   Section        0  indicate_semi.o(.text)
    [Anonymous Symbol]                       0x08000494   Section        0  stm32g0xx_hal.o(.text.HAL_GetTick)
    [Anonymous Symbol]                       0x0800049c   Section        0  stm32g0xx_hal.o(.text.HAL_IncTick)
    __arm_cp.5_1                             0x080004ac   Number         4  stm32g0xx_hal.o(.text.HAL_IncTick)
    [Anonymous Symbol]                       0x080004b0   Section        0  stm32g0xx_hal.o(.text.HAL_Init)
    [Anonymous Symbol]                       0x080004e8   Section        0  stm32g0xx_hal.o(.text.HAL_InitTick)
    __arm_cp.1_0                             0x08000560   Number         4  stm32g0xx_hal.o(.text.HAL_InitTick)
    [Anonymous Symbol]                       0x08000564   Section        0  stm32g0xx_hal_msp.o(.text.HAL_MspInit)
    __arm_cp.0_0                             0x08000598   Number         4  stm32g0xx_hal_msp.o(.text.HAL_MspInit)
    __arm_cp.0_1                             0x0800059c   Number         4  stm32g0xx_hal_msp.o(.text.HAL_MspInit)
    [Anonymous Symbol]                       0x080005a0   Section        0  stm32g0xx_hal_cortex.o(.text.HAL_NVIC_SetPriority)
    [Anonymous Symbol]                       0x080005bc   Section        0  stm32g0xx_hal_pwr_ex.o(.text.HAL_PWREx_ControlVoltageScaling)
    __arm_cp.13_0                            0x0800062c   Number         4  stm32g0xx_hal_pwr_ex.o(.text.HAL_PWREx_ControlVoltageScaling)
    __arm_cp.13_2                            0x08000630   Number         4  stm32g0xx_hal_pwr_ex.o(.text.HAL_PWREx_ControlVoltageScaling)
    __arm_cp.13_3                            0x08000634   Number         4  stm32g0xx_hal_pwr_ex.o(.text.HAL_PWREx_ControlVoltageScaling)
    [Anonymous Symbol]                       0x08000638   Section        0  stm32g0xx_hal_rcc.o(.text.HAL_RCC_ClockConfig)
    __arm_cp.2_0                             0x08000874   Number         4  stm32g0xx_hal_rcc.o(.text.HAL_RCC_ClockConfig)
    __arm_cp.2_2                             0x08000878   Number         4  stm32g0xx_hal_rcc.o(.text.HAL_RCC_ClockConfig)
    __arm_cp.2_3                             0x0800087c   Number         4  stm32g0xx_hal_rcc.o(.text.HAL_RCC_ClockConfig)
    __arm_cp.2_5                             0x08000880   Number         4  stm32g0xx_hal_rcc.o(.text.HAL_RCC_ClockConfig)
    __arm_cp.2_6                             0x08000884   Number         4  stm32g0xx_hal_rcc.o(.text.HAL_RCC_ClockConfig)
    __arm_cp.2_7                             0x08000888   Number         4  stm32g0xx_hal_rcc.o(.text.HAL_RCC_ClockConfig)
    __arm_cp.2_8                             0x0800088c   Number         4  stm32g0xx_hal_rcc.o(.text.HAL_RCC_ClockConfig)
    [Anonymous Symbol]                       0x08000890   Section        0  stm32g0xx_hal_rcc.o(.text.HAL_RCC_GetSysClockFreq)
    __arm_cp.3_0                             0x0800099c   Number         4  stm32g0xx_hal_rcc.o(.text.HAL_RCC_GetSysClockFreq)
    __arm_cp.3_1                             0x080009a0   Number         4  stm32g0xx_hal_rcc.o(.text.HAL_RCC_GetSysClockFreq)
    __arm_cp.3_2                             0x080009a4   Number         4  stm32g0xx_hal_rcc.o(.text.HAL_RCC_GetSysClockFreq)
    __arm_cp.3_3                             0x080009a8   Number         4  stm32g0xx_hal_rcc.o(.text.HAL_RCC_GetSysClockFreq)
    __arm_cp.3_4                             0x080009ac   Number         4  stm32g0xx_hal_rcc.o(.text.HAL_RCC_GetSysClockFreq)
    [Anonymous Symbol]                       0x080009b0   Section        0  stm32g0xx_hal_rcc.o(.text.HAL_RCC_OscConfig)
    __arm_cp.1_17                            0x08000de4   Number         4  stm32g0xx_hal_rcc.o(.text.HAL_RCC_OscConfig)
    __arm_cp.1_18                            0x08000de8   Number         4  stm32g0xx_hal_rcc.o(.text.HAL_RCC_OscConfig)
    __arm_cp.1_19                            0x08000dec   Number         4  stm32g0xx_hal_rcc.o(.text.HAL_RCC_OscConfig)
    __arm_cp.1_20                            0x08000df0   Number         4  stm32g0xx_hal_rcc.o(.text.HAL_RCC_OscConfig)
    __arm_cp.1_0                             0x08001024   Number         4  stm32g0xx_hal_rcc.o(.text.HAL_RCC_OscConfig)
    __arm_cp.1_1                             0x08001028   Number         4  stm32g0xx_hal_rcc.o(.text.HAL_RCC_OscConfig)
    __arm_cp.1_2                             0x0800102c   Number         4  stm32g0xx_hal_rcc.o(.text.HAL_RCC_OscConfig)
    __arm_cp.1_7                             0x08001030   Number         4  stm32g0xx_hal_rcc.o(.text.HAL_RCC_OscConfig)
    __arm_cp.1_8                             0x08001034   Number         4  stm32g0xx_hal_rcc.o(.text.HAL_RCC_OscConfig)
    __arm_cp.1_9                             0x08001038   Number         4  stm32g0xx_hal_rcc.o(.text.HAL_RCC_OscConfig)
    __arm_cp.1_10                            0x0800103c   Number         4  stm32g0xx_hal_rcc.o(.text.HAL_RCC_OscConfig)
    __arm_cp.1_11                            0x08001040   Number         4  stm32g0xx_hal_rcc.o(.text.HAL_RCC_OscConfig)
    __arm_cp.1_12                            0x08001044   Number         4  stm32g0xx_hal_rcc.o(.text.HAL_RCC_OscConfig)
    __arm_cp.1_13                            0x08001048   Number         4  stm32g0xx_hal_rcc.o(.text.HAL_RCC_OscConfig)
    [Anonymous Symbol]                       0x0800104c   Section        0  stm32g0xx_hal_cortex.o(.text.HAL_SYSTICK_Config)
    [Anonymous Symbol]                       0x0800105c   Section        0  stm32g0xx_it.o(.text.HardFault_Handler)
    __arm_cp.1_0                             0x080012ec   Number         4  stm32g0xx_it.o(.text.HardFault_Handler)
    __arm_cp.1_1                             0x080012f0   Number         4  stm32g0xx_it.o(.text.HardFault_Handler)
    __arm_cp.1_2                             0x080012f4   Number         4  stm32g0xx_it.o(.text.HardFault_Handler)
    __arm_cp.1_3                             0x080012f8   Number         4  stm32g0xx_it.o(.text.HardFault_Handler)
    __arm_cp.1_4                             0x080012fc   Number         4  stm32g0xx_it.o(.text.HardFault_Handler)
    [Anonymous Symbol]                       0x08001300   Section        0  gpio.o(.text.MX_GPIO_Init)
    __arm_cp.0_0                             0x0800131c   Number         4  gpio.o(.text.MX_GPIO_Init)
    [Anonymous Symbol]                       0x08001320   Section        0  stm32g0xx_it.o(.text.NMI_Handler)
    __arm_cp.0_0                             0x080013bc   Number         4  stm32g0xx_it.o(.text.NMI_Handler)
    __arm_cp.0_1                             0x080013c0   Number         4  stm32g0xx_it.o(.text.NMI_Handler)
    [Anonymous Symbol]                       0x080013c4   Section        0  sl_slice.o(.text.PendSV_Handler)
    to_root                                  0x080013cc   Number         0  sl_slice.o(.text.PendSV_Handler)
    to_slice                                 0x080013d2   Number         0  sl_slice.o(.text.PendSV_Handler)
    [Anonymous Symbol]                       0x080013e4   Section        0  segger_rtt.o(.text.SEGGER_RTT_SetTerminal)
    __arm_cp.32_1                            0x08001498   Number         4  segger_rtt.o(.text.SEGGER_RTT_SetTerminal)
    __arm_cp.32_2                            0x0800149c   Number         4  segger_rtt.o(.text.SEGGER_RTT_SetTerminal)
    [Anonymous Symbol]                       0x080014a0   Section        0  segger_rtt.o(.text.SEGGER_RTT_Write)
    [Anonymous Symbol]                       0x080014e8   Section        0  segger_rtt.o(.text.SEGGER_RTT_WriteNoLock)
    __arm_cp.11_0                            0x08001594   Number         4  segger_rtt.o(.text.SEGGER_RTT_WriteNoLock)
    [Anonymous Symbol]                       0x08001598   Section        0  segger_rtt_printf.o(.text.SEGGER_RTT_printf)
    [Anonymous Symbol]                       0x080015c4   Section        0  segger_rtt_printf.o(.text.SEGGER_RTT_vprintf)
    __arm_cp.0_0                             0x08001910   Number         4  segger_rtt_printf.o(.text.SEGGER_RTT_vprintf)
    SysTick_Config                           0x08001915   Thumb Code    68  stm32g0xx_hal_cortex.o(.text.SysTick_Config)
    [Anonymous Symbol]                       0x08001914   Section        0  stm32g0xx_hal_cortex.o(.text.SysTick_Config)
    __arm_cp.9_0                             0x08001958   Number         4  stm32g0xx_hal_cortex.o(.text.SysTick_Config)
    __arm_cp.9_1                             0x0800195c   Number         4  stm32g0xx_hal_cortex.o(.text.SysTick_Config)
    __arm_cp.9_2                             0x08001960   Number         4  stm32g0xx_hal_cortex.o(.text.SysTick_Config)
    [Anonymous Symbol]                       0x08001964   Section        0  stm32g0xx_it.o(.text.SysTick_Handler)
    [Anonymous Symbol]                       0x08001970   Section        0  main.o(.text.SystemClock_Config)
    [Anonymous Symbol]                       0x080019ee   Section        0  system_stm32g0xx.o(.text.SystemInit)
    _DoInit                                  0x080019f1   Thumb Code   128  segger_rtt.o(.text._DoInit)
    [Anonymous Symbol]                       0x080019f0   Section        0  segger_rtt.o(.text._DoInit)
    __arm_cp.1_0                             0x08001a70   Number         4  segger_rtt.o(.text._DoInit)
    __arm_cp.1_1                             0x08001a74   Number         4  segger_rtt.o(.text._DoInit)
    __arm_cp.1_2                             0x08001a78   Number         4  segger_rtt.o(.text._DoInit)
    __arm_cp.1_3                             0x08001a7c   Number         4  segger_rtt.o(.text._DoInit)
    __arm_cp.1_4                             0x08001a80   Number         4  segger_rtt.o(.text._DoInit)
    _GetAvailWriteSpace                      0x08001a85   Thumb Code    62  segger_rtt.o(.text._GetAvailWriteSpace)
    [Anonymous Symbol]                       0x08001a84   Section        0  segger_rtt.o(.text._GetAvailWriteSpace)
    _PrintInt                                0x08001ac3   Thumb Code   482  segger_rtt_printf.o(.text._PrintInt)
    [Anonymous Symbol]                       0x08001ac2   Section        0  segger_rtt_printf.o(.text._PrintInt)
    _PrintUnsigned                           0x08001ca5   Thumb Code   452  segger_rtt_printf.o(.text._PrintUnsigned)
    [Anonymous Symbol]                       0x08001ca4   Section        0  segger_rtt_printf.o(.text._PrintUnsigned)
    __arm_cp.3_0                             0x08001e68   Number         4  segger_rtt_printf.o(.text._PrintUnsigned)
    _StoreChar                               0x08001e6d   Thumb Code   116  segger_rtt_printf.o(.text._StoreChar)
    [Anonymous Symbol]                       0x08001e6c   Section        0  segger_rtt_printf.o(.text._StoreChar)
    _WriteBlocking                           0x08001ee1   Thumb Code   224  segger_rtt.o(.text._WriteBlocking)
    [Anonymous Symbol]                       0x08001ee0   Section        0  segger_rtt.o(.text._WriteBlocking)
    _WriteNoCheck                            0x08001fc1   Thumb Code   132  segger_rtt.o(.text._WriteNoCheck)
    [Anonymous Symbol]                       0x08001fc0   Section        0  segger_rtt.o(.text._WriteNoCheck)
    __NVIC_SetPriority                       0x08002045   Thumb Code   124  stm32g0xx_hal_cortex.o(.text.__NVIC_SetPriority)
    [Anonymous Symbol]                       0x08002044   Section        0  stm32g0xx_hal_cortex.o(.text.__NVIC_SetPriority)
    __NVIC_SetPriority                       0x080020c1   Thumb Code   124  sl_slice.o(.text.__NVIC_SetPriority)
    [Anonymous Symbol]                       0x080020c0   Section        0  sl_slice.o(.text.__NVIC_SetPriority)
    __arm_cp.2_0                             0x0800213c   Number         4  sl_slice.o(.text.__NVIC_SetPriority)
    __arm_cp.2_1                             0x08002140   Number         4  sl_slice.o(.text.__NVIC_SetPriority)
    [Anonymous Symbol]                       0x08002144   Section        0  _main.o(.text._main)
    __arm_cp.5_0                             0x08002160   Number         4  _main.o(.text._main)
    __arm_cp.5_1                             0x08002164   Number         4  _main.o(.text._main)
    [Anonymous Symbol]                       0x08002168   Section        0  sloop.o(.text.calcul_cpu_load)
    __arm_cp.7_1                             0x080021ec   Number         4  sloop.o(.text.calcul_cpu_load)
    __arm_cp.7_4                             0x080021f0   Number         4  sloop.o(.text.calcul_cpu_load)
    __arm_cp.7_5                             0x080021f4   Number         4  sloop.o(.text.calcul_cpu_load)
    __arm_cp.7_6                             0x080021f8   Number         4  sloop.o(.text.calcul_cpu_load)
    __arm_cp.7_7                             0x080021fc   Number         4  sloop.o(.text.calcul_cpu_load)
    [Anonymous Symbol]                       0x08002200   Section        0  sloop.o(.text.cycle_run)
    __arm_cp.16_0                            0x08002284   Number         4  sloop.o(.text.cycle_run)
    __arm_cp.16_1                            0x08002288   Number         4  sloop.o(.text.cycle_run)
    [Anonymous Symbol]                       0x0800228c   Section        0  sloop.o(.text.load_warning)
    __arm_cp.18_0                            0x0800234c   Number         4  sloop.o(.text.load_warning)
    __arm_cp.18_1                            0x08002350   Number         4  sloop.o(.text.load_warning)
    __arm_cp.18_2                            0x08002354   Number         4  sloop.o(.text.load_warning)
    __arm_cp.18_3                            0x08002358   Number         4  sloop.o(.text.load_warning)
    [Anonymous Symbol]                       0x0800235c   Section        0  sloop.o(.text.loop_counter)
    __arm_cp.5_0                             0x08002368   Number         4  sloop.o(.text.loop_counter)
    [Anonymous Symbol]                       0x0800236c   Section        0  main.o(.text.main)
    [Anonymous Symbol]                       0x08002388   Section        0  sloop.o(.text.multiple_run)
    __arm_cp.17_0                            0x08002430   Number         4  sloop.o(.text.multiple_run)
    __arm_cp.17_1                            0x08002434   Number         4  sloop.o(.text.multiple_run)
    __arm_cp.17_2                            0x08002438   Number         4  sloop.o(.text.multiple_run)
    [Anonymous Symbol]                       0x0800243c   Section        0  sloop.o(.text.mutex_task_run)
    __arm_cp.10_0                            0x08002454   Number         4  sloop.o(.text.mutex_task_run)
    [Anonymous Symbol]                       0x08002458   Section        0  sloop.o(.text.once_task_run)
    __arm_cp.4_0                             0x080024d4   Number         4  sloop.o(.text.once_task_run)
    __arm_cp.4_1                             0x080024d8   Number         4  sloop.o(.text.once_task_run)
    __arm_cp.4_2                             0x080024dc   Number         4  sloop.o(.text.once_task_run)
    __arm_cp.4_3                             0x080024e0   Number         4  sloop.o(.text.once_task_run)
    [Anonymous Symbol]                       0x080024e4   Section        0  sloop.o(.text.parallel_task_run)
    __arm_cp.11_0                            0x08002520   Number         4  sloop.o(.text.parallel_task_run)
    [Anonymous Symbol]                       0x08002524   Section        0  sloop.o(.text.sl_cycle_start)
    __arm_cp.6_1                             0x0800271c   Number         4  sloop.o(.text.sl_cycle_start)
    __arm_cp.6_2                             0x08002720   Number         4  sloop.o(.text.sl_cycle_start)
    __arm_cp.6_3                             0x08002724   Number         4  sloop.o(.text.sl_cycle_start)
    [Anonymous Symbol]                       0x08002728   Section        0  sloop.o(.text.sl_cycle_stop)
    __arm_cp.19_0                            0x0800280c   Number         4  sloop.o(.text.sl_cycle_stop)
    __arm_cp.19_1                            0x08002810   Number         4  sloop.o(.text.sl_cycle_stop)
    [Anonymous Symbol]                       0x08002814   Section        0  sloop.o(.text.sl_delay)
    [Anonymous Symbol]                       0x0800284c   Section        0  sloop.o(.text.sl_get_tick)
    __arm_cp.2_0                             0x08002854   Number         4  sloop.o(.text.sl_get_tick)
    [Anonymous Symbol]                       0x08002858   Section        0  sloop.o(.text.sl_goto)
    __arm_cp.26_0                            0x08002938   Number         4  sloop.o(.text.sl_goto)
    __arm_cp.26_3                            0x0800293c   Number         4  sloop.o(.text.sl_goto)
    __arm_cp.26_4                            0x08002940   Number         4  sloop.o(.text.sl_goto)
    __arm_cp.26_5                            0x08002944   Number         4  sloop.o(.text.sl_goto)
    __arm_cp.26_6                            0x08002948   Number         4  sloop.o(.text.sl_goto)
    [Anonymous Symbol]                       0x0800294c   Section        0  sloop.o(.text.sl_load_new_task)
    __arm_cp.28_0                            0x08002958   Number         4  sloop.o(.text.sl_load_new_task)
    __arm_cp.28_1                            0x0800295c   Number         4  sloop.o(.text.sl_load_new_task)
    [Anonymous Symbol]                       0x08002960   Section        0  sl_slice.o(.text.sl_slice_run)
    [Anonymous Symbol]                       0x08002984   Section        0  sl_slice.o(.text.sl_slice_start)
    __arm_cp.0_0                             0x080029b0   Number         4  sl_slice.o(.text.sl_slice_start)
    __arm_cp.0_1                             0x080029b4   Number         4  sl_slice.o(.text.sl_slice_start)
    [Anonymous Symbol]                       0x080029b8   Section        0  sl_slice.o(.text.sl_slice_yield)
    __arm_cp.5_0                             0x080029d0   Number         4  sl_slice.o(.text.sl_slice_yield)
    __arm_cp.5_1                             0x080029d4   Number         4  sl_slice.o(.text.sl_slice_yield)
    [Anonymous Symbol]                       0x080029d8   Section        0  sloop.o(.text.sl_task_once)
    __arm_cp.13_0                            0x08002b94   Number         4  sloop.o(.text.sl_task_once)
    __arm_cp.13_1                            0x08002b98   Number         4  sloop.o(.text.sl_task_once)
    __arm_cp.13_2                            0x08002b9c   Number         4  sloop.o(.text.sl_task_once)
    __arm_cp.13_4                            0x08002ba0   Number         4  sloop.o(.text.sl_task_once)
    __arm_cp.13_5                            0x08002ba4   Number         4  sloop.o(.text.sl_task_once)
    [Anonymous Symbol]                       0x08002ba8   Section        0  sloop.o(.text.sl_task_start)
    __arm_cp.3_0                             0x08002d48   Number         4  sloop.o(.text.sl_task_start)
    __arm_cp.3_1                             0x08002d4c   Number         4  sloop.o(.text.sl_task_start)
    __arm_cp.3_2                             0x08002d50   Number         4  sloop.o(.text.sl_task_start)
    __arm_cp.3_3                             0x08002d54   Number         4  sloop.o(.text.sl_task_start)
    [Anonymous Symbol]                       0x08002d58   Section        0  sloop.o(.text.sl_tick_irq)
    __arm_cp.12_1                            0x08002d6c   Number         4  sloop.o(.text.sl_tick_irq)
    [Anonymous Symbol]                       0x08002d70   Section        0  sloop.o(.text.sl_wait)
    __arm_cp.29_0                            0x08002eac   Number         4  sloop.o(.text.sl_wait)
    __arm_cp.29_2                            0x08002eb0   Number         4  sloop.o(.text.sl_wait)
    __arm_cp.29_3                            0x08002eb4   Number         4  sloop.o(.text.sl_wait)
    __arm_cp.29_4                            0x08002eb8   Number         4  sloop.o(.text.sl_wait)
    __arm_cp.29_5                            0x08002ebc   Number         4  sloop.o(.text.sl_wait)
    [Anonymous Symbol]                       0x08002ec0   Section        0  sloop.o(.text.sl_wait_break)
    __arm_cp.27_0                            0x08002f64   Number         4  sloop.o(.text.sl_wait_break)
    __arm_cp.27_1                            0x08002f68   Number         4  sloop.o(.text.sl_wait_break)
    __arm_cp.27_2                            0x08002f6c   Number         4  sloop.o(.text.sl_wait_break)
    slice_stack_init                         0x08002f71   Thumb Code   104  sl_slice.o(.text.slice_stack_init)
    [Anonymous Symbol]                       0x08002f70   Section        0  sl_slice.o(.text.slice_stack_init)
    __arm_cp.1_0                             0x08002fd8   Number         4  sl_slice.o(.text.slice_stack_init)
    slice_trap                               0x08002fdd   Thumb Code   156  sl_slice.o(.text.slice_trap)
    [Anonymous Symbol]                       0x08002fdc   Section        0  sl_slice.o(.text.slice_trap)
    __arm_cp.7_0                             0x08003078   Number         4  sl_slice.o(.text.slice_trap)
    __arm_cp.7_1                             0x0800307c   Number         4  sl_slice.o(.text.slice_trap)
    [Anonymous Symbol]                       0x08003080   Section        0  sloop.o(.text.sloop)
    [Anonymous Symbol]                       0x08003090   Section        0  sloop.o(.text.sloop_init)
    __arm_cp.1_0                             0x080032dc   Number         4  sloop.o(.text.sloop_init)
    __arm_cp.1_1                             0x080032e0   Number         4  sloop.o(.text.sloop_init)
    __arm_cp.1_2                             0x080032e4   Number         4  sloop.o(.text.sloop_init)
    __arm_cp.1_3                             0x080032e8   Number         4  sloop.o(.text.sloop_init)
    __arm_cp.1_4                             0x080032ec   Number         4  sloop.o(.text.sloop_init)
    __arm_cp.1_5                             0x080032f0   Number         4  sloop.o(.text.sloop_init)
    __arm_cp.1_6                             0x080032f4   Number         4  sloop.o(.text.sloop_init)
    __arm_cp.1_7                             0x080032f8   Number         4  sloop.o(.text.sloop_init)
    [Anonymous Symbol]                       0x080032fc   Section        0  sloop.o(.text.soft_timer)
    [Anonymous Symbol]                       0x0800330c   Section        0  sloop.o(.text.system_heartbeat)
    __arm_cp.8_0                             0x080033c8   Number         4  sloop.o(.text.system_heartbeat)
    __arm_cp.8_1                             0x080033cc   Number         4  sloop.o(.text.system_heartbeat)
    __arm_cp.8_2                             0x080033d0   Number         4  sloop.o(.text.system_heartbeat)
    [Anonymous Symbol]                       0x080033d4   Section        0  task_baseinit.o(.text.task_baseInit)
    __arm_cp.0_0                             0x0800353c   Number         4  task_baseinit.o(.text.task_baseInit)
    __arm_cp.0_1                             0x08003540   Number         4  task_baseinit.o(.text.task_baseInit)
    __arm_cp.0_3                             0x08003544   Number         4  task_baseinit.o(.text.task_baseInit)
    [Anonymous Symbol]                       0x08003548   Section        0  task_idle.o(.text.task_idle)
    __arm_cp.0_0                             0x080037e0   Number         4  task_idle.o(.text.task_idle)
    __arm_cp.0_1                             0x080037e4   Number         4  task_idle.o(.text.task_idle)
    __arm_cp.0_2                             0x080037e8   Number         4  task_idle.o(.text.task_idle)
    __arm_cp.0_3                             0x080037ec   Number         4  task_idle.o(.text.task_idle)
    __arm_cp.0_4                             0x080037f0   Number         4  task_idle.o(.text.task_idle)
    __arm_cp.0_6                             0x080037f4   Number         4  task_idle.o(.text.task_idle)
    [Anonymous Symbol]                       0x080037f8   Section        0  task_slice.o(.text.task_slice)
    __arm_cp.0_0                             0x08003938   Number         4  task_slice.o(.text.task_slice)
    __arm_cp.0_1                             0x0800393c   Number         4  task_slice.o(.text.task_slice)
    __arm_cp.0_2                             0x08003940   Number         4  task_slice.o(.text.task_slice)
    [Anonymous Symbol]                       0x08003944   Section        0  sloop.o(.text.timeout_run)
    __arm_cp.15_0                            0x080039c8   Number         4  sloop.o(.text.timeout_run)
    __arm_cp.15_1                            0x080039cc   Number         4  sloop.o(.text.timeout_run)
    __arm_cp.15_2                            0x080039d0   Number         4  sloop.o(.text.timeout_run)
    _DoInit._aInitStr                        0x08003a14   Data          17  segger_rtt.o(.rodata._DoInit._aInitStr)
    [Anonymous Symbol]                       0x08003a14   Section        0  segger_rtt.o(.rodata._DoInit._aInitStr)
    _PrintUnsigned._aV2C                     0x08003a25   Data          16  segger_rtt_printf.o(.rodata._PrintUnsigned._aV2C)
    [Anonymous Symbol]                       0x08003a25   Section        0  segger_rtt_printf.o(.rodata._PrintUnsigned._aV2C)
    _aTerminalId                             0x08003a35   Data          16  segger_rtt.o(.rodata._aTerminalId)
    [Anonymous Symbol]                       0x08003a35   Section        0  segger_rtt.o(.rodata._aTerminalId)
    [Anonymous Symbol]                       0x08003a45   Section        0  stm32g0xx_it.o(.rodata.str1.1)
    [Anonymous Symbol]                       0x08003ce1   Section        0  task_baseinit.o(.rodata.str1.1)
    [Anonymous Symbol]                       0x08003d84   Section        0  task_idle.o(.rodata.str1.1)
    [Anonymous Symbol]                       0x08003e32   Section        0  task_slice.o(.rodata.str1.1)
    [Anonymous Symbol]                       0x08003e8c   Section        0  sl_slice.o(.rodata.str1.1)
    [Anonymous Symbol]                       0x080041a3   Section        0  segger_rtt.o(.rodata.str1.1)
    [Anonymous Symbol]                       0x080041ac   Section        0  segger_rtt_printf.o(.rodata.str1.1)
    [Anonymous Symbol]                       0x080041b3   Section        0  sloop.o(.rodata.str1.1)
    .bss                                     0x20000010   Section       96  libspace.o(.bss)
    _ActiveTerminal                          0x20000070   Data           1  segger_rtt.o(.bss._ActiveTerminal)
    [Anonymous Symbol]                       0x20000070   Section        0  segger_rtt.o(.bss._ActiveTerminal)
    _acDownBuffer                            0x200000bc   Data          16  segger_rtt.o(.bss._acDownBuffer)
    [Anonymous Symbol]                       0x200000bc   Section        0  segger_rtt.o(.bss._acDownBuffer)
    _acUpBuffer                              0x200000cc   Data        3072  segger_rtt.o(.bss._acUpBuffer)
    [Anonymous Symbol]                       0x200000cc   Section        0  segger_rtt.o(.bss._acUpBuffer)
    _continue                                0x20000ccc   Data           1  sloop.o(.bss._continue)
    [Anonymous Symbol]                       0x20000ccc   Section        0  sloop.o(.bss._continue)
    break_wait                               0x20000ccd   Data           1  sloop.o(.bss.break_wait)
    [Anonymous Symbol]                       0x20000ccd   Section        0  sloop.o(.bss.break_wait)
    calcul_cpu_load.warning                  0x20000cce   Data           1  sloop.o(.bss.calcul_cpu_load.warning)
    [Anonymous Symbol]                       0x20000cce   Section        0  sloop.o(.bss.calcul_cpu_load.warning)
    cycle_reg                                0x20000cd0   Data         192  sloop.o(.bss.cycle_reg)
    [Anonymous Symbol]                       0x20000cd0   Section        0  sloop.o(.bss.cycle_reg)
    cycle_run.backup_reg                     0x20000d90   Data         192  sloop.o(.bss.cycle_run.backup_reg)
    [Anonymous Symbol]                       0x20000d90   Section        0  sloop.o(.bss.cycle_run.backup_reg)
    g_slice_stack                            0x20000e50   Data         512  sl_slice.o(.bss.g_slice_stack)
    [Anonymous Symbol]                       0x20000e50   Section        0  sl_slice.o(.bss.g_slice_stack)
    g_started                                0x20001050   Data           1  sl_slice.o(.bss.g_started)
    [Anonymous Symbol]                       0x20001050   Section        0  sl_slice.o(.bss.g_started)
    g_state                                  0x20001051   Data           1  sl_slice.o(.bss.g_state)
    [Anonymous Symbol]                       0x20001051   Section        0  sl_slice.o(.bss.g_state)
    load                                     0x20001054   Data           4  sloop.o(.bss.load)
    [Anonymous Symbol]                       0x20001054   Section        0  sloop.o(.bss.load)
    loop                                     0x20001058   Data           4  sloop.o(.bss.loop)
    [Anonymous Symbol]                       0x20001058   Section        0  sloop.o(.bss.loop)
    loop_us                                  0x2000105c   Data           4  sloop.o(.bss.loop_us)
    [Anonymous Symbol]                       0x2000105c   Section        0  sloop.o(.bss.loop_us)
    multiple_reg                             0x20001060   Data         256  sloop.o(.bss.multiple_reg)
    [Anonymous Symbol]                       0x20001060   Section        0  sloop.o(.bss.multiple_reg)
    multiple_run.backup_reg                  0x20001160   Data         256  sloop.o(.bss.multiple_run.backup_reg)
    [Anonymous Symbol]                       0x20001160   Section        0  sloop.o(.bss.multiple_run.backup_reg)
    once_task_reg                            0x20001260   Data          64  sloop.o(.bss.once_task_reg)
    [Anonymous Symbol]                       0x20001260   Section        0  sloop.o(.bss.once_task_reg)
    once_task_run.backup_reg                 0x200012a0   Data          64  sloop.o(.bss.once_task_run.backup_reg)
    [Anonymous Symbol]                       0x200012a0   Section        0  sloop.o(.bss.once_task_run.backup_reg)
    pre_task                                 0x200012e0   Data           4  sloop.o(.bss.pre_task)
    [Anonymous Symbol]                       0x200012e0   Section        0  sloop.o(.bss.pre_task)
    run_task                                 0x200012e4   Data           4  sloop.o(.bss.run_task)
    [Anonymous Symbol]                       0x200012e4   Section        0  sloop.o(.bss.run_task)
    soft_timer_count                         0x200012ec   Data           4  sloop.o(.bss.soft_timer_count)
    [Anonymous Symbol]                       0x200012ec   Section        0  sloop.o(.bss.soft_timer_count)
    system_heartbeat.count                   0x200012f0   Data           4  sloop.o(.bss.system_heartbeat.count)
    [Anonymous Symbol]                       0x200012f0   Section        0  sloop.o(.bss.system_heartbeat.count)
    task_reg                                 0x200012f4   Data         128  sloop.o(.bss.task_reg)
    [Anonymous Symbol]                       0x200012f4   Section        0  sloop.o(.bss.task_reg)
    tick                                     0x20001374   Data           4  sloop.o(.bss.tick)
    [Anonymous Symbol]                       0x20001374   Section        0  sloop.o(.bss.tick)
    timeout_reg                              0x20001378   Data         192  sloop.o(.bss.timeout_reg)
    [Anonymous Symbol]                       0x20001378   Section        0  sloop.o(.bss.timeout_reg)
    timeout_run.backup_reg                   0x20001438   Data         192  sloop.o(.bss.timeout_run.backup_reg)
    [Anonymous Symbol]                       0x20001438   Section        0  sloop.o(.bss.timeout_run.backup_reg)
    wait                                     0x200014fc   Data           1  sloop.o(.bss.wait)
    [Anonymous Symbol]                       0x200014fc   Section        0  sloop.o(.bss.wait)
    Heap_Mem                                 0x20001500   Data           0  startup_stm32g030xx.o(HEAP)
    Stack_Mem                                0x20001500   Data        1024  startup_stm32g030xx.o(STACK)
    HEAP                                     0x20001500   Section        0  startup_stm32g030xx.o(HEAP)
    STACK                                    0x20001500   Section     1024  startup_stm32g030xx.o(STACK)
    __initial_sp                             0x20001900   Data           0  startup_stm32g030xx.o(STACK)

    Global Symbols

    Symbol Name                              Value     Ov Type        Size  Object(Section)

    BuildAttributes$$THM_ISAv3M$S$PE$A:L22$X:L11$S22$IEEE1$IW$~IW$USESV6$~STKCKD$USESV7$~SHL$OSPACE$ROPI$EBA8$UX$STANDARDLIB$REQ8$PRES8$EABIv2 0x00000000   Number         0  anon$$obj.o ABSOLUTE
    __ARM_exceptions_init                     - Undefined Weak Reference
    __alloca_initialize                       - Undefined Weak Reference
    __arm_preinit_                            - Undefined Weak Reference
    __arm_relocate_pie_                       - Undefined Weak Reference
    __cpp_initialize__aeabi_                  - Undefined Weak Reference
    __cxa_finalize                            - Undefined Weak Reference
    __rt_locale                               - Undefined Weak Reference
    __sigvec_lookup                           - Undefined Weak Reference
    _atexit_init                              - Undefined Weak Reference
    _call_atexit_fns                          - Undefined Weak Reference
    _clock_init                               - Undefined Weak Reference
    _fp_trap_init                             - Undefined Weak Reference
    _fp_trap_shutdown                         - Undefined Weak Reference
    _get_lc_collate                           - Undefined Weak Reference
    _get_lc_ctype                             - Undefined Weak Reference
    _get_lc_monetary                          - Undefined Weak Reference
    _get_lc_numeric                           - Undefined Weak Reference
    _get_lc_time                              - Undefined Weak Reference
    _getenv_init                              - Undefined Weak Reference
    _handle_redirection                       - Undefined Weak Reference
    _init_alloc                               - Undefined Weak Reference
    _init_user_alloc                          - Undefined Weak Reference
    _initio                                   - Undefined Weak Reference
    _rand_init                                - Undefined Weak Reference
    _signal_finish                            - Undefined Weak Reference
    _signal_init                              - Undefined Weak Reference
    _terminate_alloc                          - Undefined Weak Reference
    _terminate_user_alloc                     - Undefined Weak Reference
    _terminateio                              - Undefined Weak Reference
    __Vectors_Size                           0x000000c0   Number         0  startup_stm32g030xx.o ABSOLUTE
    __Vectors                                0x08000000   Data           4  startup_stm32g030xx.o(RESET)
    __Vectors_End                            0x080000c0   Data           0  startup_stm32g030xx.o(RESET)
    __main                                   0x080000c1   Thumb Code     8  __main.o(!!!main)
    __scatterload                            0x080000c9   Thumb Code     0  __scatter.o(!!!scatter)
    __scatterload_rt2                        0x080000c9   Thumb Code    74  __scatter.o(!!!scatter)
    __scatterload_rt2_thumb_only             0x080000c9   Thumb Code     0  __scatter.o(!!!scatter)
    __scatterload_loop                       0x080000d3   Thumb Code     0  __scatter.o(!!!scatter)
    __scatterload_copy                       0x0800011d   Thumb Code    26  __scatter_copy.o(!!handler_copy)
    __scatterload_null                       0x08000139   Thumb Code     2  __scatter.o(!!handler_null)
    __scatterload_zeroinit                   0x0800013d   Thumb Code    28  __scatter_zi.o(!!handler_zi)
    __rt_lib_init                            0x08000159   Thumb Code     0  libinit.o(.ARM.Collect$$libinit$$00000000)
    __rt_lib_init_alloca_1                   0x0800015b   Thumb Code     0  libinit2.o(.ARM.Collect$$libinit$$00000030)
    __rt_lib_init_argv_1                     0x0800015b   Thumb Code     0  libinit2.o(.ARM.Collect$$libinit$$0000002E)
    __rt_lib_init_atexit_1                   0x0800015b   Thumb Code     0  libinit2.o(.ARM.Collect$$libinit$$0000001D)
    __rt_lib_init_clock_1                    0x0800015b   Thumb Code     0  libinit2.o(.ARM.Collect$$libinit$$00000023)
    __rt_lib_init_cpp_1                      0x0800015b   Thumb Code     0  libinit2.o(.ARM.Collect$$libinit$$00000034)
    __rt_lib_init_exceptions_1               0x0800015b   Thumb Code     0  libinit2.o(.ARM.Collect$$libinit$$00000032)
    __rt_lib_init_fp_1                       0x0800015b   Thumb Code     0  libinit2.o(.ARM.Collect$$libinit$$00000002)
    __rt_lib_init_fp_trap_1                  0x0800015b   Thumb Code     0  libinit2.o(.ARM.Collect$$libinit$$00000021)
    __rt_lib_init_getenv_1                   0x0800015b   Thumb Code     0  libinit2.o(.ARM.Collect$$libinit$$00000025)
    __rt_lib_init_heap_1                     0x0800015b   Thumb Code     0  libinit2.o(.ARM.Collect$$libinit$$0000000C)
    __rt_lib_init_lc_collate_1               0x0800015b   Thumb Code     0  libinit2.o(.ARM.Collect$$libinit$$00000013)
    __rt_lib_init_lc_ctype_1                 0x0800015b   Thumb Code     0  libinit2.o(.ARM.Collect$$libinit$$00000015)
    __rt_lib_init_lc_monetary_1              0x0800015b   Thumb Code     0  libinit2.o(.ARM.Collect$$libinit$$00000017)
    __rt_lib_init_lc_numeric_1               0x0800015b   Thumb Code     0  libinit2.o(.ARM.Collect$$libinit$$00000019)
    __rt_lib_init_lc_time_1                  0x0800015b   Thumb Code     0  libinit2.o(.ARM.Collect$$libinit$$0000001B)
    __rt_lib_init_preinit_1                  0x0800015b   Thumb Code     0  libinit2.o(.ARM.Collect$$libinit$$00000006)
    __rt_lib_init_rand_1                     0x0800015b   Thumb Code     0  libinit2.o(.ARM.Collect$$libinit$$00000010)
    __rt_lib_init_relocate_pie_1             0x0800015b   Thumb Code     0  libinit2.o(.ARM.Collect$$libinit$$00000004)
    __rt_lib_init_return                     0x0800015b   Thumb Code     0  libinit2.o(.ARM.Collect$$libinit$$00000035)
    __rt_lib_init_signal_1                   0x0800015b   Thumb Code     0  libinit2.o(.ARM.Collect$$libinit$$0000001F)
    __rt_lib_init_stdio_1                    0x0800015b   Thumb Code     0  libinit2.o(.ARM.Collect$$libinit$$00000027)
    __rt_lib_init_user_alloc_1               0x0800015b   Thumb Code     0  libinit2.o(.ARM.Collect$$libinit$$0000000E)
    __rt_lib_shutdown                        0x0800015d   Thumb Code     0  libshutdown.o(.ARM.Collect$$libshutdown$$00000000)
    __rt_lib_shutdown_cpp_1                  0x0800015f   Thumb Code     0  libshutdown2.o(.ARM.Collect$$libshutdown$$00000002)
    __rt_lib_shutdown_fp_trap_1              0x0800015f   Thumb Code     0  libshutdown2.o(.ARM.Collect$$libshutdown$$00000007)
    __rt_lib_shutdown_heap_1                 0x0800015f   Thumb Code     0  libshutdown2.o(.ARM.Collect$$libshutdown$$0000000F)
    __rt_lib_shutdown_return                 0x0800015f   Thumb Code     0  libshutdown2.o(.ARM.Collect$$libshutdown$$00000010)
    __rt_lib_shutdown_signal_1               0x0800015f   Thumb Code     0  libshutdown2.o(.ARM.Collect$$libshutdown$$0000000A)
    __rt_lib_shutdown_stdio_1                0x0800015f   Thumb Code     0  libshutdown2.o(.ARM.Collect$$libshutdown$$00000004)
    __rt_lib_shutdown_user_alloc_1           0x0800015f   Thumb Code     0  libshutdown2.o(.ARM.Collect$$libshutdown$$0000000C)
    __rt_entry                               0x08000161   Thumb Code     0  __rtentry.o(.ARM.Collect$$rtentry$$00000000)
    __rt_entry_presh_1                       0x08000161   Thumb Code     0  __rtentry2.o(.ARM.Collect$$rtentry$$00000002)
    __rt_entry_sh                            0x08000161   Thumb Code     0  __rtentry4.o(.ARM.Collect$$rtentry$$00000004)
    __rt_entry_li                            0x08000167   Thumb Code     0  __rtentry2.o(.ARM.Collect$$rtentry$$0000000A)
    __rt_entry_postsh_1                      0x08000167   Thumb Code     0  __rtentry2.o(.ARM.Collect$$rtentry$$00000009)
    __rt_entry_main                          0x0800016b   Thumb Code     0  __rtentry2.o(.ARM.Collect$$rtentry$$0000000D)
    __rt_entry_postli_1                      0x0800016b   Thumb Code     0  __rtentry2.o(.ARM.Collect$$rtentry$$0000000C)
    __rt_exit                                0x08000173   Thumb Code     0  rtexit.o(.ARM.Collect$$rtexit$$00000000)
    __rt_exit_ls                             0x08000175   Thumb Code     0  rtexit2.o(.ARM.Collect$$rtexit$$00000003)
    __rt_exit_prels_1                        0x08000175   Thumb Code     0  rtexit2.o(.ARM.Collect$$rtexit$$00000002)
    __rt_exit_exit                           0x08000179   Thumb Code     0  rtexit2.o(.ARM.Collect$$rtexit$$00000004)
    __aeabi_memcpy4                          0x08000181   Thumb Code    56  rt_memcpy.o(.emb_text)
    __aeabi_memcpy8                          0x08000181   Thumb Code     0  rt_memcpy.o(.emb_text)
    Reset_Handler                            0x080001b9   Thumb Code     8  startup_stm32g030xx.o(.text)
    SVC_Handler                              0x080001c5   Thumb Code     2  startup_stm32g030xx.o(.text)
    ADC1_IRQHandler                          0x080001cb   Thumb Code     0  startup_stm32g030xx.o(.text)
    DMA1_Ch4_5_DMAMUX1_OVR_IRQHandler        0x080001cb   Thumb Code     0  startup_stm32g030xx.o(.text)
    DMA1_Channel1_IRQHandler                 0x080001cb   Thumb Code     0  startup_stm32g030xx.o(.text)
    DMA1_Channel2_3_IRQHandler               0x080001cb   Thumb Code     0  startup_stm32g030xx.o(.text)
    EXTI0_1_IRQHandler                       0x080001cb   Thumb Code     0  startup_stm32g030xx.o(.text)
    EXTI2_3_IRQHandler                       0x080001cb   Thumb Code     0  startup_stm32g030xx.o(.text)
    EXTI4_15_IRQHandler                      0x080001cb   Thumb Code     0  startup_stm32g030xx.o(.text)
    FLASH_IRQHandler                         0x080001cb   Thumb Code     0  startup_stm32g030xx.o(.text)
    I2C1_IRQHandler                          0x080001cb   Thumb Code     0  startup_stm32g030xx.o(.text)
    I2C2_IRQHandler                          0x080001cb   Thumb Code     0  startup_stm32g030xx.o(.text)
    RCC_IRQHandler                           0x080001cb   Thumb Code     0  startup_stm32g030xx.o(.text)
    RTC_TAMP_IRQHandler                      0x080001cb   Thumb Code     0  startup_stm32g030xx.o(.text)
    SPI1_IRQHandler                          0x080001cb   Thumb Code     0  startup_stm32g030xx.o(.text)
    SPI2_IRQHandler                          0x080001cb   Thumb Code     0  startup_stm32g030xx.o(.text)
    TIM14_IRQHandler                         0x080001cb   Thumb Code     0  startup_stm32g030xx.o(.text)
    TIM16_IRQHandler                         0x080001cb   Thumb Code     0  startup_stm32g030xx.o(.text)
    TIM17_IRQHandler                         0x080001cb   Thumb Code     0  startup_stm32g030xx.o(.text)
    TIM1_BRK_UP_TRG_COM_IRQHandler           0x080001cb   Thumb Code     0  startup_stm32g030xx.o(.text)
    TIM1_CC_IRQHandler                       0x080001cb   Thumb Code     0  startup_stm32g030xx.o(.text)
    TIM3_IRQHandler                          0x080001cb   Thumb Code     0  startup_stm32g030xx.o(.text)
    USART1_IRQHandler                        0x080001cb   Thumb Code     0  startup_stm32g030xx.o(.text)
    USART2_IRQHandler                        0x080001cb   Thumb Code     0  startup_stm32g030xx.o(.text)
    WWDG_IRQHandler                          0x080001cb   Thumb Code     0  startup_stm32g030xx.o(.text)
    __user_initial_stackheap                 0x080001cd   Thumb Code     0  startup_stm32g030xx.o(.text)
    __aeabi_memcpy                           0x080001ed   Thumb Code   130  rt_memcpy.o(.text)
    __rt_memcpy                              0x080001ed   Thumb Code     0  rt_memcpy.o(.text)
    _memset_w                                0x0800026f   Thumb Code    26  rt_memclr.o(.text)
    _memset                                  0x08000289   Thumb Code    30  rt_memclr.o(.text)
    __aeabi_memclr                           0x080002a7   Thumb Code     4  rt_memclr.o(.text)
    __rt_memclr                              0x080002a7   Thumb Code     0  rt_memclr.o(.text)
    __aeabi_memclr4                          0x080002ab   Thumb Code     0  rt_memclr.o(.text)
    __aeabi_memclr8                          0x080002ab   Thumb Code     0  rt_memclr.o(.text)
    __rt_memclr_w                            0x080002ab   Thumb Code     4  rt_memclr.o(.text)
    __aeabi_uidiv                            0x080002b1   Thumb Code     0  aeabi_sdiv.o(.text)
    __aeabi_uidivmod                         0x080002b1   Thumb Code    20  aeabi_sdiv.o(.text)
    __aeabi_idiv                             0x080002c5   Thumb Code     0  aeabi_sdiv.o(.text)
    __aeabi_idivmod                          0x080002c5   Thumb Code   338  aeabi_sdiv.o(.text)
    __use_two_region_memory                  0x0800041d   Thumb Code     2  heapauxi.o(.text)
    __rt_heap_escrow$2region                 0x0800041f   Thumb Code     2  heapauxi.o(.text)
    __rt_heap_expand$2region                 0x08000421   Thumb Code     2  heapauxi.o(.text)
    __user_setup_stackheap                   0x08000423   Thumb Code    62  sys_stackheap_outer.o(.text)
    exit                                     0x08000461   Thumb Code    16  exit.o(.text)
    __user_libspace                          0x08000471   Thumb Code     8  libspace.o(.text)
    __user_perproc_libspace                  0x08000471   Thumb Code     0  libspace.o(.text)
    __user_perthread_libspace                0x08000471   Thumb Code     0  libspace.o(.text)
    _sys_exit                                0x08000479   Thumb Code     8  sys_exit.o(.text)
    __I$use$semihosting                      0x08000485   Thumb Code     0  use_no_semi.o(.text)
    __use_no_semihosting_swi                 0x08000485   Thumb Code     2  use_no_semi.o(.text)
    Error_Handler                            0x08000487   Thumb Code    14  main.o(.text.Error_Handler)
    __semihosting_library_function           0x08000487   Thumb Code     0  indicate_semi.o(.text)
    HAL_GetTick                              0x08000495   Thumb Code     8  stm32g0xx_hal.o(.text.HAL_GetTick)
    HAL_IncTick                              0x0800049d   Thumb Code    16  stm32g0xx_hal.o(.text.HAL_IncTick)
    HAL_Init                                 0x080004b1   Thumb Code    56  stm32g0xx_hal.o(.text.HAL_Init)
    HAL_InitTick                             0x080004e9   Thumb Code   120  stm32g0xx_hal.o(.text.HAL_InitTick)
    HAL_MspInit                              0x08000565   Thumb Code    52  stm32g0xx_hal_msp.o(.text.HAL_MspInit)
    HAL_NVIC_SetPriority                     0x080005a1   Thumb Code    28  stm32g0xx_hal_cortex.o(.text.HAL_NVIC_SetPriority)
    HAL_PWREx_ControlVoltageScaling          0x080005bd   Thumb Code   112  stm32g0xx_hal_pwr_ex.o(.text.HAL_PWREx_ControlVoltageScaling)
    HAL_RCC_ClockConfig                      0x08000639   Thumb Code   572  stm32g0xx_hal_rcc.o(.text.HAL_RCC_ClockConfig)
    HAL_RCC_GetSysClockFreq                  0x08000891   Thumb Code   268  stm32g0xx_hal_rcc.o(.text.HAL_RCC_GetSysClockFreq)
    HAL_RCC_OscConfig                        0x080009b1   Thumb Code  1652  stm32g0xx_hal_rcc.o(.text.HAL_RCC_OscConfig)
    HAL_SYSTICK_Config                       0x0800104d   Thumb Code    16  stm32g0xx_hal_cortex.o(.text.HAL_SYSTICK_Config)
    HardFault_Handler                        0x0800105d   Thumb Code   656  stm32g0xx_it.o(.text.HardFault_Handler)
    MX_GPIO_Init                             0x08001301   Thumb Code    28  gpio.o(.text.MX_GPIO_Init)
    NMI_Handler                              0x08001321   Thumb Code   156  stm32g0xx_it.o(.text.NMI_Handler)
    PendSV_Handler                           0x080013c5   Thumb Code    20  sl_slice.o(.text.PendSV_Handler)
    SEGGER_RTT_SetTerminal                   0x080013e5   Thumb Code   180  segger_rtt.o(.text.SEGGER_RTT_SetTerminal)
    SEGGER_RTT_Write                         0x080014a1   Thumb Code    72  segger_rtt.o(.text.SEGGER_RTT_Write)
    SEGGER_RTT_WriteNoLock                   0x080014e9   Thumb Code   172  segger_rtt.o(.text.SEGGER_RTT_WriteNoLock)
    SEGGER_RTT_printf                        0x08001599   Thumb Code    44  segger_rtt_printf.o(.text.SEGGER_RTT_printf)
    SEGGER_RTT_vprintf                       0x080015c5   Thumb Code   844  segger_rtt_printf.o(.text.SEGGER_RTT_vprintf)
    SysTick_Handler                          0x08001965   Thumb Code    12  stm32g0xx_it.o(.text.SysTick_Handler)
    SystemClock_Config                       0x08001971   Thumb Code   126  main.o(.text.SystemClock_Config)
    SystemInit                               0x080019ef   Thumb Code     2  system_stm32g0xx.o(.text.SystemInit)
    _main                                    0x08002145   Thumb Code    28  _main.o(.text._main)
    calcul_cpu_load                          0x08002169   Thumb Code   132  sloop.o(.text.calcul_cpu_load)
    cycle_run                                0x08002201   Thumb Code   132  sloop.o(.text.cycle_run)
    load_warning                             0x0800228d   Thumb Code   192  sloop.o(.text.load_warning)
    loop_counter                             0x0800235d   Thumb Code    12  sloop.o(.text.loop_counter)
    main                                     0x0800236d   Thumb Code    28  main.o(.text.main)
    multiple_run                             0x08002389   Thumb Code   168  sloop.o(.text.multiple_run)
    mutex_task_run                           0x0800243d   Thumb Code    24  sloop.o(.text.mutex_task_run)
    once_task_run                            0x08002459   Thumb Code   124  sloop.o(.text.once_task_run)
    parallel_task_run                        0x080024e5   Thumb Code    60  sloop.o(.text.parallel_task_run)
    sl_cycle_start                           0x08002525   Thumb Code   504  sloop.o(.text.sl_cycle_start)
    sl_cycle_stop                            0x08002729   Thumb Code   228  sloop.o(.text.sl_cycle_stop)
    sl_delay                                 0x08002815   Thumb Code    56  sloop.o(.text.sl_delay)
    sl_get_tick                              0x0800284d   Thumb Code     8  sloop.o(.text.sl_get_tick)
    sl_goto                                  0x08002859   Thumb Code   224  sloop.o(.text.sl_goto)
    sl_load_new_task                         0x0800294d   Thumb Code    12  sloop.o(.text.sl_load_new_task)
    sl_slice_run                             0x08002961   Thumb Code    36  sl_slice.o(.text.sl_slice_run)
    sl_slice_start                           0x08002985   Thumb Code    44  sl_slice.o(.text.sl_slice_start)
    sl_slice_yield                           0x080029b9   Thumb Code    24  sl_slice.o(.text.sl_slice_yield)
    sl_task_once                             0x080029d9   Thumb Code   444  sloop.o(.text.sl_task_once)
    sl_task_start                            0x08002ba9   Thumb Code   416  sloop.o(.text.sl_task_start)
    sl_tick_irq                              0x08002d59   Thumb Code    20  sloop.o(.text.sl_tick_irq)
    sl_wait                                  0x08002d71   Thumb Code   316  sloop.o(.text.sl_wait)
    sl_wait_break                            0x08002ec1   Thumb Code   164  sloop.o(.text.sl_wait_break)
    sloop                                    0x08003081   Thumb Code    16  sloop.o(.text.sloop)
    sloop_init                               0x08003091   Thumb Code   588  sloop.o(.text.sloop_init)
    soft_timer                               0x080032fd   Thumb Code    16  sloop.o(.text.soft_timer)
    system_heartbeat                         0x0800330d   Thumb Code   188  sloop.o(.text.system_heartbeat)
    task_baseInit                            0x080033d5   Thumb Code   360  task_baseinit.o(.text.task_baseInit)
    task_idle                                0x08003549   Thumb Code   664  task_idle.o(.text.task_idle)
    task_slice                               0x080037f9   Thumb Code   320  task_slice.o(.text.task_slice)
    timeout_run                              0x08003945   Thumb Code   132  sloop.o(.text.timeout_run)
    AHBPrescTable                            0x080039d4   Data          64  system_stm32g0xx.o(.rodata.AHBPrescTable)
    Region$$Table$$Base                      0x08004904   Number         0  anon$$obj.o(Region$$Table)
    Region$$Table$$Limit                     0x08004924   Number         0  anon$$obj.o(Region$$Table)
    SystemCoreClock                          0x20000000   Data           4  system_stm32g0xx.o(.data.SystemCoreClock)
    uwTickFreq                               0x20000004   Data           1  stm32g0xx_hal.o(.data.uwTickFreq)
    uwTickPrio                               0x20000008   Data           4  stm32g0xx_hal.o(.data.uwTickPrio)
    __libspace_start                         0x20000010   Data          96  libspace.o(.bss)
    __temporary_stack_top$libspace           0x20000070   Data           0  libspace.o(.bss)
    _SEGGER_RTT                              0x20000074   Data          72  segger_rtt.o(.bss._SEGGER_RTT)
    sl_free                                  0x200012e8   Data           1  sloop.o(.bss.sl_free)
    sl_init                                  0x200012e9   Data           1  sloop.o(.bss.sl_init)
    uwTick                                   0x200014f8   Data           4  stm32g0xx_hal.o(.bss.uwTick)



==============================================================================

Memory Map of the image

  Image Entry point : 0x080000c1

  Load Region LR_IROM1 (Base: 0x08000000, Size: 0x00004938, Max: 0x00010000, ABSOLUTE)

    Execution Region ER_IROM1 (Exec base: 0x08000000, Load base: 0x08000000, Size: 0x00004924, Max: 0x00010000, ABSOLUTE)

    Exec Addr    Load Addr    Size         Type   Attr      Idx    E Section Name        Object

    0x08000000   0x08000000   0x000000c0   Data   RO            3    RESET               startup_stm32g030xx.o
    0x080000c0   0x080000c0   0x00000008   Code   RO          843  * !!!main             c_p.l(__main.o)
    0x080000c8   0x080000c8   0x00000054   Code   RO         1020    !!!scatter          c_p.l(__scatter.o)
    0x0800011c   0x0800011c   0x0000001a   Code   RO         1024    !!handler_copy      c_p.l(__scatter_copy.o)
    0x08000136   0x08000136   0x00000002   PAD
    0x08000138   0x08000138   0x00000002   Code   RO         1021    !!handler_null      c_p.l(__scatter.o)
    0x0800013a   0x0800013a   0x00000002   PAD
    0x0800013c   0x0800013c   0x0000001c   Code   RO         1026    !!handler_zi        c_p.l(__scatter_zi.o)
    0x08000158   0x08000158   0x00000002   Code   RO          881    .ARM.Collect$$libinit$$00000000  c_p.l(libinit.o)
    0x0800015a   0x0800015a   0x00000000   Code   RO          895    .ARM.Collect$$libinit$$00000002  c_p.l(libinit2.o)
    0x0800015a   0x0800015a   0x00000000   Code   RO          897    .ARM.Collect$$libinit$$00000004  c_p.l(libinit2.o)
    0x0800015a   0x0800015a   0x00000000   Code   RO          899    .ARM.Collect$$libinit$$00000006  c_p.l(libinit2.o)
    0x0800015a   0x0800015a   0x00000000   Code   RO          902    .ARM.Collect$$libinit$$0000000C  c_p.l(libinit2.o)
    0x0800015a   0x0800015a   0x00000000   Code   RO          904    .ARM.Collect$$libinit$$0000000E  c_p.l(libinit2.o)
    0x0800015a   0x0800015a   0x00000000   Code   RO          906    .ARM.Collect$$libinit$$00000010  c_p.l(libinit2.o)
    0x0800015a   0x0800015a   0x00000000   Code   RO          909    .ARM.Collect$$libinit$$00000013  c_p.l(libinit2.o)
    0x0800015a   0x0800015a   0x00000000   Code   RO          911    .ARM.Collect$$libinit$$00000015  c_p.l(libinit2.o)
    0x0800015a   0x0800015a   0x00000000   Code   RO          913    .ARM.Collect$$libinit$$00000017  c_p.l(libinit2.o)
    0x0800015a   0x0800015a   0x00000000   Code   RO          915    .ARM.Collect$$libinit$$00000019  c_p.l(libinit2.o)
    0x0800015a   0x0800015a   0x00000000   Code   RO          917    .ARM.Collect$$libinit$$0000001B  c_p.l(libinit2.o)
    0x0800015a   0x0800015a   0x00000000   Code   RO          919    .ARM.Collect$$libinit$$0000001D  c_p.l(libinit2.o)
    0x0800015a   0x0800015a   0x00000000   Code   RO          921    .ARM.Collect$$libinit$$0000001F  c_p.l(libinit2.o)
    0x0800015a   0x0800015a   0x00000000   Code   RO          923    .ARM.Collect$$libinit$$00000021  c_p.l(libinit2.o)
    0x0800015a   0x0800015a   0x00000000   Code   RO          925    .ARM.Collect$$libinit$$00000023  c_p.l(libinit2.o)
    0x0800015a   0x0800015a   0x00000000   Code   RO          927    .ARM.Collect$$libinit$$00000025  c_p.l(libinit2.o)
    0x0800015a   0x0800015a   0x00000000   Code   RO          929    .ARM.Collect$$libinit$$00000027  c_p.l(libinit2.o)
    0x0800015a   0x0800015a   0x00000000   Code   RO          933    .ARM.Collect$$libinit$$0000002E  c_p.l(libinit2.o)
    0x0800015a   0x0800015a   0x00000000   Code   RO          935    .ARM.Collect$$libinit$$00000030  c_p.l(libinit2.o)
    0x0800015a   0x0800015a   0x00000000   Code   RO          937    .ARM.Collect$$libinit$$00000032  c_p.l(libinit2.o)
    0x0800015a   0x0800015a   0x00000000   Code   RO          939    .ARM.Collect$$libinit$$00000034  c_p.l(libinit2.o)
    0x0800015a   0x0800015a   0x00000002   Code   RO          940    .ARM.Collect$$libinit$$00000035  c_p.l(libinit2.o)
    0x0800015c   0x0800015c   0x00000002   Code   RO          975    .ARM.Collect$$libshutdown$$00000000  c_p.l(libshutdown.o)
    0x0800015e   0x0800015e   0x00000000   Code   RO         1003    .ARM.Collect$$libshutdown$$00000002  c_p.l(libshutdown2.o)
    0x0800015e   0x0800015e   0x00000000   Code   RO         1005    .ARM.Collect$$libshutdown$$00000004  c_p.l(libshutdown2.o)
    0x0800015e   0x0800015e   0x00000000   Code   RO         1008    .ARM.Collect$$libshutdown$$00000007  c_p.l(libshutdown2.o)
    0x0800015e   0x0800015e   0x00000000   Code   RO         1011    .ARM.Collect$$libshutdown$$0000000A  c_p.l(libshutdown2.o)
    0x0800015e   0x0800015e   0x00000000   Code   RO         1013    .ARM.Collect$$libshutdown$$0000000C  c_p.l(libshutdown2.o)
    0x0800015e   0x0800015e   0x00000000   Code   RO         1016    .ARM.Collect$$libshutdown$$0000000F  c_p.l(libshutdown2.o)
    0x0800015e   0x0800015e   0x00000002   Code   RO         1017    .ARM.Collect$$libshutdown$$00000010  c_p.l(libshutdown2.o)
    0x08000160   0x08000160   0x00000000   Code   RO          845    .ARM.Collect$$rtentry$$00000000  c_p.l(__rtentry.o)
    0x08000160   0x08000160   0x00000000   Code   RO          851    .ARM.Collect$$rtentry$$00000002  c_p.l(__rtentry2.o)
    0x08000160   0x08000160   0x00000006   Code   RO          863    .ARM.Collect$$rtentry$$00000004  c_p.l(__rtentry4.o)
    0x08000166   0x08000166   0x00000000   Code   RO          853    .ARM.Collect$$rtentry$$00000009  c_p.l(__rtentry2.o)
    0x08000166   0x08000166   0x00000004   Code   RO          854    .ARM.Collect$$rtentry$$0000000A  c_p.l(__rtentry2.o)
    0x0800016a   0x0800016a   0x00000000   Code   RO          856    .ARM.Collect$$rtentry$$0000000C  c_p.l(__rtentry2.o)
    0x0800016a   0x0800016a   0x00000008   Code   RO          857    .ARM.Collect$$rtentry$$0000000D  c_p.l(__rtentry2.o)
    0x08000172   0x08000172   0x00000002   Code   RO          886    .ARM.Collect$$rtexit$$00000000  c_p.l(rtexit.o)
    0x08000174   0x08000174   0x00000000   Code   RO          946    .ARM.Collect$$rtexit$$00000002  c_p.l(rtexit2.o)
    0x08000174   0x08000174   0x00000004   Code   RO          947    .ARM.Collect$$rtexit$$00000003  c_p.l(rtexit2.o)
    0x08000178   0x08000178   0x00000006   Code   RO          948    .ARM.Collect$$rtexit$$00000004  c_p.l(rtexit2.o)
    0x0800017e   0x0800017e   0x00000002   PAD
    0x08000180   0x08000180   0x00000038   Code   RO          831    .emb_text           c_p.l(rt_memcpy.o)
    0x080001b8   0x080001b8   0x00000034   Code   RO            4    .text               startup_stm32g030xx.o
    0x080001ec   0x080001ec   0x00000082   Code   RO          832    .text               c_p.l(rt_memcpy.o)
    0x0800026e   0x0800026e   0x00000040   Code   RO          835    .text               c_p.l(rt_memclr.o)
    0x080002ae   0x080002ae   0x00000002   PAD
    0x080002b0   0x080002b0   0x0000016c   Code   RO          837    .text               c_p.l(aeabi_sdiv.o)
    0x0800041c   0x0800041c   0x00000006   Code   RO          841    .text               c_p.l(heapauxi.o)
    0x08000422   0x08000422   0x0000003e   Code   RO          867    .text               c_p.l(sys_stackheap_outer.o)
    0x08000460   0x08000460   0x00000010   Code   RO          870    .text               c_p.l(exit.o)
    0x08000470   0x08000470   0x00000008   Code   RO          882    .text               c_p.l(libspace.o)
    0x08000478   0x08000478   0x0000000c   Code   RO          941    .text               c_p.l(sys_exit.o)
    0x08000484   0x08000484   0x00000002   Code   RO          964    .text               c_p.l(use_no_semi.o)
    0x08000486   0x08000486   0x00000000   Code   RO          966    .text               c_p.l(indicate_semi.o)
    0x08000486   0x08000486   0x0000000e   Code   RO           15    .text.Error_Handler  main.o
    0x08000494   0x08000494   0x00000008   Code   RO          405    .text.HAL_GetTick   stm32g0xx_hal.o
    0x0800049c   0x0800049c   0x00000014   Code   RO          403    .text.HAL_IncTick   stm32g0xx_hal.o
    0x080004b0   0x080004b0   0x00000038   Code   RO          393    .text.HAL_Init      stm32g0xx_hal.o
    0x080004e8   0x080004e8   0x0000007c   Code   RO          395    .text.HAL_InitTick  stm32g0xx_hal.o
    0x08000564   0x08000564   0x0000003c   Code   RO           47    .text.HAL_MspInit   stm32g0xx_hal_msp.o
    0x080005a0   0x080005a0   0x0000001c   Code   RO          334    .text.HAL_NVIC_SetPriority  stm32g0xx_hal_cortex.o
    0x080005bc   0x080005bc   0x0000007c   Code   RO          321    .text.HAL_PWREx_ControlVoltageScaling  stm32g0xx_hal_pwr_ex.o
    0x08000638   0x08000638   0x00000258   Code   RO           59    .text.HAL_RCC_ClockConfig  stm32g0xx_hal_rcc.o
    0x08000890   0x08000890   0x00000120   Code   RO           61    .text.HAL_RCC_GetSysClockFreq  stm32g0xx_hal_rcc.o
    0x080009b0   0x080009b0   0x0000069c   Code   RO           57    .text.HAL_RCC_OscConfig  stm32g0xx_hal_rcc.o
    0x0800104c   0x0800104c   0x00000010   Code   RO          350    .text.HAL_SYSTICK_Config  stm32g0xx_hal_cortex.o
    0x0800105c   0x0800105c   0x000002a4   Code   RO           35    .text.HardFault_Handler  stm32g0xx_it.o
    0x08001300   0x08001300   0x00000020   Code   RO           25    .text.MX_GPIO_Init  gpio.o
    0x08001320   0x08001320   0x000000a4   Code   RO           33    .text.NMI_Handler   stm32g0xx_it.o
    0x080013c4   0x080013c4   0x00000020   Code   RO          609    .text.PendSV_Handler  sl_slice.o
    0x080013e4   0x080013e4   0x000000bc   Code   RO          688    .text.SEGGER_RTT_SetTerminal  segger_rtt.o
    0x080014a0   0x080014a0   0x00000048   Code   RO          650    .text.SEGGER_RTT_Write  segger_rtt.o
    0x080014e8   0x080014e8   0x000000b0   Code   RO          646    .text.SEGGER_RTT_WriteNoLock  segger_rtt.o
    0x08001598   0x08001598   0x0000002c   Code   RO          720    .text.SEGGER_RTT_printf  segger_rtt_printf.o
    0x080015c4   0x080015c4   0x00000350   Code   RO          712    .text.SEGGER_RTT_vprintf  segger_rtt_printf.o
    0x08001914   0x08001914   0x00000050   Code   RO          352    .text.SysTick_Config  stm32g0xx_hal_cortex.o
    0x08001964   0x08001964   0x0000000c   Code   RO           37    .text.SysTick_Handler  stm32g0xx_it.o
    0x08001970   0x08001970   0x0000007e   Code   RO           13    .text.SystemClock_Config  main.o
    0x080019ee   0x080019ee   0x00000002   Code   RO          486    .text.SystemInit    system_stm32g0xx.o
    0x080019f0   0x080019f0   0x00000094   Code   RO          626    .text._DoInit       segger_rtt.o
    0x08001a84   0x08001a84   0x0000003e   Code   RO          640    .text._GetAvailWriteSpace  segger_rtt.o
    0x08001ac2   0x08001ac2   0x000001e2   Code   RO          716    .text._PrintInt     segger_rtt_printf.o
    0x08001ca4   0x08001ca4   0x000001c8   Code   RO          718    .text._PrintUnsigned  segger_rtt_printf.o
    0x08001e6c   0x08001e6c   0x00000074   Code   RO          714    .text._StoreChar    segger_rtt_printf.o
    0x08001ee0   0x08001ee0   0x000000e0   Code   RO          644    .text._WriteBlocking  segger_rtt.o
    0x08001fc0   0x08001fc0   0x00000084   Code   RO          642    .text._WriteNoCheck  segger_rtt.o
    0x08002044   0x08002044   0x0000007c   Code   RO          336    .text.__NVIC_SetPriority  stm32g0xx_hal_cortex.o
    0x080020c0   0x080020c0   0x00000084   Code   RO          601    .text.__NVIC_SetPriority  sl_slice.o
    0x08002144   0x08002144   0x00000024   Code   RO          510    .text._main         _main.o
    0x08002168   0x08002168   0x00000098   Code   RO          745    .text.calcul_cpu_load  sloop.o
    0x08002200   0x08002200   0x0000008c   Code   RO          763    .text.cycle_run     sloop.o
    0x0800228c   0x0800228c   0x000000d0   Code   RO          767    .text.load_warning  sloop.o
    0x0800235c   0x0800235c   0x00000010   Code   RO          741    .text.loop_counter  sloop.o
    0x0800236c   0x0800236c   0x0000001c   Code   RO           11    .text.main          main.o
    0x08002388   0x08002388   0x000000b4   Code   RO          765    .text.multiple_run  sloop.o
    0x0800243c   0x0800243c   0x0000001c   Code   RO          751    .text.mutex_task_run  sloop.o
    0x08002458   0x08002458   0x0000008c   Code   RO          739    .text.once_task_run  sloop.o
    0x080024e4   0x080024e4   0x00000040   Code   RO          753    .text.parallel_task_run  sloop.o
    0x08002524   0x08002524   0x00000204   Code   RO          743    .text.sl_cycle_start  sloop.o
    0x08002728   0x08002728   0x000000ec   Code   RO          769    .text.sl_cycle_stop  sloop.o
    0x08002814   0x08002814   0x00000038   Code   RO          771    .text.sl_delay      sloop.o
    0x0800284c   0x0800284c   0x0000000c   Code   RO          735    .text.sl_get_tick   sloop.o
    0x08002858   0x08002858   0x000000f4   Code   RO          783    .text.sl_goto       sloop.o
    0x0800294c   0x0800294c   0x00000014   Code   RO          787    .text.sl_load_new_task  sloop.o
    0x08002960   0x08002960   0x00000024   Code   RO          605    .text.sl_slice_run  sl_slice.o
    0x08002984   0x08002984   0x00000034   Code   RO          597    .text.sl_slice_start  sl_slice.o
    0x080029b8   0x080029b8   0x00000020   Code   RO          607    .text.sl_slice_yield  sl_slice.o
    0x080029d8   0x080029d8   0x000001d0   Code   RO          757    .text.sl_task_once  sloop.o
    0x08002ba8   0x08002ba8   0x000001b0   Code   RO          737    .text.sl_task_start  sloop.o
    0x08002d58   0x08002d58   0x00000018   Code   RO          755    .text.sl_tick_irq   sloop.o
    0x08002d70   0x08002d70   0x00000150   Code   RO          789    .text.sl_wait       sloop.o
    0x08002ec0   0x08002ec0   0x000000b0   Code   RO          785    .text.sl_wait_break  sloop.o
    0x08002f70   0x08002f70   0x0000006c   Code   RO          599    .text.slice_stack_init  sl_slice.o
    0x08002fdc   0x08002fdc   0x000000a4   Code   RO          611    .text.slice_trap    sl_slice.o
    0x08003080   0x08003080   0x00000010   Code   RO          749    .text.sloop         sloop.o
    0x08003090   0x08003090   0x0000026c   Code   RO          733    .text.sloop_init    sloop.o
    0x080032fc   0x080032fc   0x00000010   Code   RO          759    .text.soft_timer    sloop.o
    0x0800330c   0x0800330c   0x000000c8   Code   RO          747    .text.system_heartbeat  sloop.o
    0x080033d4   0x080033d4   0x00000174   Code   RO          519    .text.task_baseInit  task_baseinit.o
    0x08003548   0x08003548   0x000002b0   Code   RO          579    .text.task_idle     task_idle.o
    0x080037f8   0x080037f8   0x0000014c   Code   RO          588    .text.task_slice    task_slice.o
    0x08003944   0x08003944   0x00000090   Code   RO          761    .text.timeout_run   sloop.o
    0x080039d4   0x080039d4   0x00000040   Data   RO          491    .rodata.AHBPrescTable  system_stm32g0xx.o
    0x08003a14   0x08003a14   0x00000011   Data   RO          701    .rodata._DoInit._aInitStr  segger_rtt.o
    0x08003a25   0x08003a25   0x00000010   Data   RO          723    .rodata._PrintUnsigned._aV2C  segger_rtt_printf.o
    0x08003a35   0x08003a35   0x00000010   Data   RO          699    .rodata._aTerminalId  segger_rtt.o
    0x08003a45   0x08003a45   0x0000029c   Data   RO           39    .rodata.str1.1      stm32g0xx_it.o
    0x08003ce1   0x08003ce1   0x000000a3   Data   RO          521    .rodata.str1.1      task_baseinit.o
    0x08003d84   0x08003d84   0x000000ae   Data   RO          581    .rodata.str1.1      task_idle.o
    0x08003e32   0x08003e32   0x0000005a   Data   RO          590    .rodata.str1.1      task_slice.o
    0x08003e8c   0x08003e8c   0x00000317   Data   RO          615    .rodata.str1.1      sl_slice.o
    0x080041a3   0x080041a3   0x00000009   Data   RO          702    .rodata.str1.1      segger_rtt.o
    0x080041ac   0x080041ac   0x00000007   Data   RO          722    .rodata.str1.1      segger_rtt_printf.o
    0x080041b3   0x080041b3   0x00000751   Data   RO          797    .rodata.str1.1      sloop.o
    0x08004904   0x08004904   0x00000020   Data   RO         1019    Region$$Table       anon$$obj.o


    Execution Region RW_IRAM1 (Exec base: 0x20000000, Load base: 0x08004928, Size: 0x00001900, Max: 0x00002000, ABSOLUTE)

    Exec Addr    Load Addr    Size         Type   Attr      Idx    E Section Name        Object

    0x20000000   0x08004928   0x00000004   Data   RW          490    .data.SystemCoreClock  system_stm32g0xx.o
    0x20000004   0x0800492c   0x00000001   Data   RW          452    .data.uwTickFreq    stm32g0xx_hal.o
    0x20000005   0x0800492d   0x00000003   PAD
    0x20000008   0x08004930   0x00000004   Data   RW          451    .data.uwTickPrio    stm32g0xx_hal.o
    0x2000000c   0x08004934   0x00000004   PAD
    0x20000010        -       0x00000060   Zero   RW          883    .bss                c_p.l(libspace.o)
    0x20000070        -       0x00000001   Zero   RW          700    .bss._ActiveTerminal  segger_rtt.o
    0x20000071   0x08004934   0x00000003   PAD
    0x20000074        -       0x00000048   Zero   RW          698    .bss._SEGGER_RTT    segger_rtt.o
    0x200000bc        -       0x00000010   Zero   RW          704    .bss._acDownBuffer  segger_rtt.o
    0x200000cc        -       0x00000c00   Zero   RW          703    .bss._acUpBuffer    segger_rtt.o
    0x20000ccc        -       0x00000001   Zero   RW          820    .bss._continue      sloop.o
    0x20000ccd        -       0x00000001   Zero   RW          819    .bss.break_wait     sloop.o
    0x20000cce        -       0x00000001   Zero   RW          801    .bss.calcul_cpu_load.warning  sloop.o
    0x20000ccf   0x08004934   0x00000001   PAD
    0x20000cd0        -       0x000000c0   Zero   RW          807    .bss.cycle_reg      sloop.o
    0x20000d90        -       0x000000c0   Zero   RW          806    .bss.cycle_run.backup_reg  sloop.o
    0x20000e50        -       0x00000200   Zero   RW          613    .bss.g_slice_stack  sl_slice.o
    0x20001050        -       0x00000001   Zero   RW          614    .bss.g_started      sl_slice.o
    0x20001051        -       0x00000001   Zero   RW          616    .bss.g_state        sl_slice.o
    0x20001052   0x08004934   0x00000002   PAD
    0x20001054        -       0x00000004   Zero   RW          803    .bss.load           sloop.o
    0x20001058        -       0x00000004   Zero   RW          800    .bss.loop           sloop.o
    0x2000105c        -       0x00000004   Zero   RW          802    .bss.loop_us        sloop.o
    0x20001060        -       0x00000100   Zero   RW          809    .bss.multiple_reg   sloop.o
    0x20001160        -       0x00000100   Zero   RW          808    .bss.multiple_run.backup_reg  sloop.o
    0x20001260        -       0x00000040   Zero   RW          812    .bss.once_task_reg  sloop.o
    0x200012a0        -       0x00000040   Zero   RW          811    .bss.once_task_run.backup_reg  sloop.o
    0x200012e0        -       0x00000004   Zero   RW          817    .bss.pre_task       sloop.o
    0x200012e4        -       0x00000004   Zero   RW          815    .bss.run_task       sloop.o
    0x200012e8        -       0x00000001   Zero   RW          818    .bss.sl_free        sloop.o
    0x200012e9        -       0x00000001   Zero   RW          816    .bss.sl_init        sloop.o
    0x200012ea   0x08004934   0x00000002   PAD
    0x200012ec        -       0x00000004   Zero   RW          813    .bss.soft_timer_count  sloop.o
    0x200012f0        -       0x00000004   Zero   RW          799    .bss.system_heartbeat.count  sloop.o
    0x200012f4        -       0x00000080   Zero   RW          810    .bss.task_reg       sloop.o
    0x20001374        -       0x00000004   Zero   RW          798    .bss.tick           sloop.o
    0x20001378        -       0x000000c0   Zero   RW          805    .bss.timeout_reg    sloop.o
    0x20001438        -       0x000000c0   Zero   RW          804    .bss.timeout_run.backup_reg  sloop.o
    0x200014f8        -       0x00000004   Zero   RW          453    .bss.uwTick         stm32g0xx_hal.o
    0x200014fc        -       0x00000001   Zero   RW          814    .bss.wait           sloop.o
    0x200014fd   0x08004934   0x00000003   PAD
    0x20001500        -       0x00000000   Zero   RW            2    HEAP                startup_stm32g030xx.o
    0x20001500        -       0x00000400   Zero   RW            1    STACK               startup_stm32g030xx.o


==============================================================================

Image component sizes


      Code (inc. data)   RO Data    RW Data    ZI Data      Debug   Object Name

        36          8          0          0          0        718   _main.o
        32          4          0          0          0       1194   gpio.o
       168          0          0          0          0       1627   main.o
      1002         32         42          0       3161      13981   segger_rtt.o
      1946         64         23          0          0       4010   segger_rtt_printf.o
       556         48        791          0        514       3616   sl_slice.o
      4440        264       1873          0       1574       8644   sloop.o
        52         22        192          0       1024        604   startup_stm32g030xx.o
       208          8          0          5          4       6422   stm32g0xx_hal.o
       248         12          0          0          0       6297   stm32g0xx_hal_cortex.o
        60          8          0          0          0       1258   stm32g0xx_hal_msp.o
       124         12          0          0          0       3940   stm32g0xx_hal_pwr_ex.o
      2580        116          0          0          0       8900   stm32g0xx_hal_rcc.o
       852         28        668          0          0       1414   stm32g0xx_it.o
         2          0         64          4          0       1851   system_stm32g0xx.o
       372         12        163          0          0        585   task_baseinit.o
       688         24        174          0          0        931   task_idle.o
       332         12         90          0          0        867   task_slice.o

    ----------------------------------------------------------------------
     13698        674       4112         12       6292      66859   Object Totals
         0          0         32          0          0          0   (incl. Generated)
         0          0          0          3         15          0   (incl. Padding)

    ----------------------------------------------------------------------

      Code (inc. data)   RO Data    RW Data    ZI Data      Debug   Library Member Name

         8          0          0          0          0         68   __main.o
         0          0          0          0          0          0   __rtentry.o
        12          0          0          0          0          0   __rtentry2.o
         6          0          0          0          0          0   __rtentry4.o
        86         10          0          0          0          0   __scatter.o
        26          0          0          0          0          0   __scatter_copy.o
        28          0          0          0          0          0   __scatter_zi.o
       364          4          0          0          0         92   aeabi_sdiv.o
        16          0          0          0          0         68   exit.o
         6          0          0          0          0        136   heapauxi.o
         0          0          0          0          0          0   indicate_semi.o
         2          0          0          0          0          0   libinit.o
         2          0          0          0          0          0   libinit2.o
         2          0          0          0          0          0   libshutdown.o
         2          0          0          0          0          0   libshutdown2.o
         8          4          0          0         96         68   libspace.o
        64          0          0          0          0        108   rt_memclr.o
       186          0          0          0          0        144   rt_memcpy.o
         2          0          0          0          0          0   rtexit.o
        10          0          0          0          0          0   rtexit2.o
        12          4          0          0          0         60   sys_exit.o
        62          0          0          0          0         80   sys_stackheap_outer.o
         2          0          0          0          0         68   use_no_semi.o

    ----------------------------------------------------------------------
       914         22          0          0         96        892   Library Totals
         8          0          0          0          0          0   (incl. Padding)

    ----------------------------------------------------------------------

      Code (inc. data)   RO Data    RW Data    ZI Data      Debug   Library Name

       906         22          0          0         96        892   c_p.l

    ----------------------------------------------------------------------
       914         22          0          0         96        892   Library Totals

    ----------------------------------------------------------------------

==============================================================================


      Code (inc. data)   RO Data    RW Data    ZI Data      Debug   

     14612        696       4112         12       6388      67215   Grand Totals
     14612        696       4112         12       6388      67215   ELF Image Totals
     14612        696       4112         12          0          0   ROM Totals

==============================================================================

    Total RO  Size (Code + RO Data)                18724 (  18.29kB)
    Total RW  Size (RW Data + ZI Data)              6400 (   6.25kB)
    Total ROM Size (Code + RO Data + RW Data)      18736 (  18.30kB)

==============================================================================

