Component: Arm Compiler for Embedded 6.22 Tool: armlink [5ee90200]

==============================================================================

Section Cross References

    startup_stm32g030xx.o(STACK) refers (Special) to heapauxi.o(.text) for __use_two_region_memory
    startup_stm32g030xx.o(HEAP) refers (Special) to heapauxi.o(.text) for __use_two_region_memory
    startup_stm32g030xx.o(RESET) refers (Special) to heapauxi.o(.text) for __use_two_region_memory
    startup_stm32g030xx.o(RESET) refers to startup_stm32g030xx.o(STACK) for __initial_sp
    startup_stm32g030xx.o(RESET) refers to startup_stm32g030xx.o(.text) for Reset_Handler
    startup_stm32g030xx.o(RESET) refers to stm32g0xx_it.o(.text.NMI_Handler) for NMI_Handler
    startup_stm32g030xx.o(RESET) refers to stm32g0xx_it.o(.text.HardFault_Handler) for HardFault_Handler
    startup_stm32g030xx.o(RESET) refers to sl_slice.o(.text.PendSV_Handler) for PendSV_Handler
    startup_stm32g030xx.o(RESET) refers to stm32g0xx_it.o(.text.SysTick_Handler) for SysTick_Handler
    startup_stm32g030xx.o(RESET) refers to stm32g0xx_it.o(.text.TIM14_IRQHandler) for TIM14_IRQHandler
    startup_stm32g030xx.o(.text) refers (Special) to heapauxi.o(.text) for __use_two_region_memory
    startup_stm32g030xx.o(.text) refers to system_stm32g0xx.o(.text.SystemInit) for SystemInit
    startup_stm32g030xx.o(.text) refers to __main.o(!!!main) for __main
    startup_stm32g030xx.o(.text) refers to startup_stm32g030xx.o(HEAP) for Heap_Mem
    startup_stm32g030xx.o(.text) refers to startup_stm32g030xx.o(STACK) for Stack_Mem
    main.o(.text.main) refers to stm32g0xx_hal.o(.text.HAL_Init) for HAL_Init
    main.o(.text.main) refers to main.o(.text.SystemClock_Config) for SystemClock_Config
    main.o(.text.main) refers to gpio.o(.text.MX_GPIO_Init) for MX_GPIO_Init
    main.o(.text.main) refers to tim.o(.text.MX_TIM14_Init) for MX_TIM14_Init
    main.o(.text.main) refers to _main.o(.text._main) for _main
    main.o(.ARM.exidx.text.main) refers to main.o(.text.main) for [Anonymous Symbol]
    main.o(.text.SystemClock_Config) refers to rt_memclr.o(.text) for __aeabi_memclr4
    main.o(.text.SystemClock_Config) refers to stm32g0xx_hal_pwr_ex.o(.text.HAL_PWREx_ControlVoltageScaling) for HAL_PWREx_ControlVoltageScaling
    main.o(.text.SystemClock_Config) refers to stm32g0xx_hal_rcc.o(.text.HAL_RCC_OscConfig) for HAL_RCC_OscConfig
    main.o(.text.SystemClock_Config) refers to main.o(.text.Error_Handler) for Error_Handler
    main.o(.text.SystemClock_Config) refers to stm32g0xx_hal_rcc.o(.text.HAL_RCC_ClockConfig) for HAL_RCC_ClockConfig
    main.o(.ARM.exidx.text.SystemClock_Config) refers to main.o(.text.SystemClock_Config) for [Anonymous Symbol]
    main.o(.ARM.exidx.text.Error_Handler) refers to main.o(.text.Error_Handler) for [Anonymous Symbol]
    gpio.o(.ARM.exidx.text.MX_GPIO_Init) refers to gpio.o(.text.MX_GPIO_Init) for [Anonymous Symbol]
    tim.o(.text.MX_TIM14_Init) refers to stm32g0xx_hal_tim.o(.text.HAL_TIM_Base_Init) for HAL_TIM_Base_Init
    tim.o(.text.MX_TIM14_Init) refers to main.o(.text.Error_Handler) for Error_Handler
    tim.o(.text.MX_TIM14_Init) refers to tim.o(.bss.htim14) for htim14
    tim.o(.ARM.exidx.text.MX_TIM14_Init) refers to tim.o(.text.MX_TIM14_Init) for [Anonymous Symbol]
    tim.o(.text.HAL_TIM_Base_MspInit) refers to stm32g0xx_hal_cortex.o(.text.HAL_NVIC_SetPriority) for HAL_NVIC_SetPriority
    tim.o(.text.HAL_TIM_Base_MspInit) refers to stm32g0xx_hal_cortex.o(.text.HAL_NVIC_EnableIRQ) for HAL_NVIC_EnableIRQ
    tim.o(.ARM.exidx.text.HAL_TIM_Base_MspInit) refers to tim.o(.text.HAL_TIM_Base_MspInit) for [Anonymous Symbol]
    tim.o(.text.HAL_TIM_Base_MspDeInit) refers to stm32g0xx_hal_cortex.o(.text.HAL_NVIC_DisableIRQ) for HAL_NVIC_DisableIRQ
    tim.o(.ARM.exidx.text.HAL_TIM_Base_MspDeInit) refers to tim.o(.text.HAL_TIM_Base_MspDeInit) for [Anonymous Symbol]
    stm32g0xx_it.o(.text.NMI_Handler) refers to sloop.o(.text.sl_get_tick) for sl_get_tick
    stm32g0xx_it.o(.text.NMI_Handler) refers to aeabi_sdiv.o(.text) for __aeabi_uidiv
    stm32g0xx_it.o(.text.NMI_Handler) refers to segger_rtt_printf.o(.text.SEGGER_RTT_printf) for SEGGER_RTT_printf
    stm32g0xx_it.o(.text.NMI_Handler) refers to stm32g0xx_it.o(.rodata.str1.1) for [Anonymous Symbol]
    stm32g0xx_it.o(.ARM.exidx.text.NMI_Handler) refers to stm32g0xx_it.o(.text.NMI_Handler) for [Anonymous Symbol]
    stm32g0xx_it.o(.text.HardFault_Handler) refers to sloop.o(.text.sl_get_tick) for sl_get_tick
    stm32g0xx_it.o(.text.HardFault_Handler) refers to aeabi_sdiv.o(.text) for __aeabi_uidiv
    stm32g0xx_it.o(.text.HardFault_Handler) refers to segger_rtt_printf.o(.text.SEGGER_RTT_printf) for SEGGER_RTT_printf
    stm32g0xx_it.o(.text.HardFault_Handler) refers to stm32g0xx_it.o(.rodata.str1.1) for [Anonymous Symbol]
    stm32g0xx_it.o(.ARM.exidx.text.HardFault_Handler) refers to stm32g0xx_it.o(.text.HardFault_Handler) for [Anonymous Symbol]
[...]
    .ARM.Collect$$libinit$$00000000          0x08000158   Section        2  libinit.o(.ARM.Collect$$libinit$$00000000)
    .ARM.Collect$$libinit$$00000002          0x0800015a   Section        0  libinit2.o(.ARM.Collect$$libinit$$00000002)
    .ARM.Collect$$libinit$$00000004          0x0800015a   Section        0  libinit2.o(.ARM.Collect$$libinit$$00000004)
    .ARM.Collect$$libinit$$00000006          0x0800015a   Section        0  libinit2.o(.ARM.Collect$$libinit$$00000006)
    .ARM.Collect$$libinit$$0000000C          0x0800015a   Section        0  libinit2.o(.ARM.Collect$$libinit$$0000000C)
    .ARM.Collect$$libinit$$0000000E          0x0800015a   Section        0  libinit2.o(.ARM.Collect$$libinit$$0000000E)
    .ARM.Collect$$libinit$$00000010          0x0800015a   Section        0  libinit2.o(.ARM.Collect$$libinit$$00000010)
    .ARM.Collect$$libinit$$00000013          0x0800015a   Section        0  libinit2.o(.ARM.Collect$$libinit$$00000013)
    .ARM.Collect$$libinit$$00000015          0x0800015a   Section        0  libinit2.o(.ARM.Collect$$libinit$$00000015)
    .ARM.Collect$$libinit$$00000017          0x0800015a   Section        0  libinit2.o(.ARM.Collect$$libinit$$00000017)
    .ARM.Collect$$libinit$$00000019          0x0800015a   Section        0  libinit2.o(.ARM.Collect$$libinit$$00000019)
    .ARM.Collect$$libinit$$0000001B          0x0800015a   Section        0  libinit2.o(.ARM.Collect$$libinit$$0000001B)
    .ARM.Collect$$libinit$$0000001D          0x0800015a   Section        0  libinit2.o(.ARM.Collect$$libinit$$0000001D)
    .ARM.Collect$$libinit$$0000001F          0x0800015a   Section        0  libinit2.o(.ARM.Collect$$libinit$$0000001F)
    .ARM.Collect$$libinit$$00000021          0x0800015a   Section        0  libinit2.o(.ARM.Collect$$libinit$$00000021)
    .ARM.Collect$$libinit$$00000023          0x0800015a   Section        0  libinit2.o(.ARM.Collect$$libinit$$00000023)
    .ARM.Collect$$libinit$$00000025          0x0800015a   Section        0  libinit2.o(.ARM.Collect$$libinit$$00000025)
    .ARM.Collect$$libinit$$00000027          0x0800015a   Section        0  libinit2.o(.ARM.Collect$$libinit$$00000027)
    .ARM.Collect$$libinit$$0000002E          0x0800015a   Section        0  libinit2.o(.ARM.Collect$$libinit$$0000002E)
    .ARM.Collect$$libinit$$00000030          0x0800015a   Section        0  libinit2.o(.ARM.Collect$$libinit$$00000030)
    .ARM.Collect$$libinit$$00000032          0x0800015a   Section        0  libinit2.o(.ARM.Collect$$libinit$$00000032)
    .ARM.Collect$$libinit$$00000034          0x0800015a   Section        0  libinit2.o(.ARM.Collect$$libinit$$00000034)
    .ARM.Collect$$libinit$$00000035          0x0800015a   Section        2  libinit2.o(.ARM.Collect$$libinit$$00000035)
    .ARM.Collect$$libshutdown$$00000000      0x0800015c   Section        2  libshutdown.o(.ARM.Collect$$libshutdown$$00000000)
    .ARM.Collect$$libshutdown$$00000002      0x0800015e   Section        0  libshutdown2.o(.ARM.Collect$$libshutdown$$00000002)
    .ARM.Collect$$libshutdown$$00000004      0x0800015e   Section        0  libshutdown2.o(.ARM.Collect$$libshutdown$$00000004)
    .ARM.Collect$$libshutdown$$00000007      0x0800015e   Section        0  libshutdown2.o(.ARM.Collect$$libshutdown$$00000007)
    .ARM.Collect$$libshutdown$$0000000A      0x0800015e   Section        0  libshutdown2.o(.ARM.Collect$$libshutdown$$0000000A)
    .ARM.Collect$$libshutdown$$0000000C      0x0800015e   Section        0  libshutdown2.o(.ARM.Collect$$libshutdown$$0000000C)
    .ARM.Collect$$libshutdown$$0000000F      0x0800015e   Section        0  libshutdown2.o(.ARM.Collect$$libshutdown$$0000000F)
    .ARM.Collect$$libshutdown$$00000010      0x0800015e   Section        2  libshutdown2.o(.ARM.Collect$$libshutdown$$00000010)
    .ARM.Collect$$rtentry$$00000000          0x08000160   Section        0  __rtentry.o(.ARM.Collect$$rtentry$$00000000)
    .ARM.Collect$$rtentry$$00000002          0x08000160   Section        0  __rtentry2.o(.ARM.Collect$$rtentry$$00000002)
    .ARM.Collect$$rtentry$$00000004          0x08000160   Section        6  __rtentry4.o(.ARM.Collect$$rtentry$$00000004)
    .ARM.Collect$$rtentry$$00000009          0x08000166   Section        0  __rtentry2.o(.ARM.Collect$$rtentry$$00000009)
    .ARM.Collect$$rtentry$$0000000A          0x08000166   Section        4  __rtentry2.o(.ARM.Collect$$rtentry$$0000000A)
    .ARM.Collect$$rtentry$$0000000C          0x0800016a   Section        0  __rtentry2.o(.ARM.Collect$$rtentry$$0000000C)
    .ARM.Collect$$rtentry$$0000000D          0x0800016a   Section        8  __rtentry2.o(.ARM.Collect$$rtentry$$0000000D)
    .ARM.Collect$$rtexit$$00000000           0x08000172   Section        2  rtexit.o(.ARM.Collect$$rtexit$$00000000)
    .ARM.Collect$$rtexit$$00000002           0x08000174   Section        0  rtexit2.o(.ARM.Collect$$rtexit$$00000002)
    .ARM.Collect$$rtexit$$00000003           0x08000174   Section        4  rtexit2.o(.ARM.Collect$$rtexit$$00000003)
    .ARM.Collect$$rtexit$$00000004           0x08000178   Section        6  rtexit2.o(.ARM.Collect$$rtexit$$00000004)
    .emb_text                                0x08000180   Section       56  rt_memcpy.o(.emb_text)
    .text                                    0x080001b8   Section       52  startup_stm32g030xx.o(.text)
    .text                                    0x080001ec   Section        0  rt_memcpy.o(.text)
    .text                                    0x0800026e   Section        0  rt_memclr.o(.text)
    .text                                    0x080002b0   Section      364  aeabi_sdiv.o(.text)
    .text                                    0x0800041c   Section        0  heapauxi.o(.text)
    .text                                    0x08000422   Section       62  sys_stackheap_outer.o(.text)
    .text                                    0x08000460   Section        0  exit.o(.text)
    .text                                    0x08000470   Section        8  libspace.o(.text)
    .text                                    0x08000478   Section        0  sys_exit.o(.text)
    .text                                    0x08000484   Section        2  use_no_semi.o(.text)
    [Anonymous Symbol]                       0x08000486   Section        0  main.o(.text.Error_Handler)
    .text                                    0x08000486   Section        0  indicate_semi.o(.text)
    [Anonymous Symbol]                       0x08000494   Section        0  stm32g0xx_hal.o(.text.HAL_GetTick)
    [Anonymous Symbol]                       0x0800049c   Section        0  stm32g0xx_hal.o(.text.HAL_IncTick)
    __arm_cp.5_1                             0x080004ac   Number         4  stm32g0xx_hal.o(.text.HAL_IncTick)
    [Anonymous Symbol]                       0x080004b0   Section        0  stm32g0xx_hal.o(.text.HAL_Init)
    [Anonymous Symbol]                       0x080004e8   Section        0  stm32g0xx_hal.o(.text.HAL_InitTick)
    __arm_cp.1_0                             0x08000560   Number         4  stm32g0xx_hal.o(.text.HAL_InitTick)
    [Anonymous Symbol]                       0x08000564   Section        0  stm32g0xx_hal_msp.o(.text.HAL_MspInit)
    __arm_cp.0_0                             0x080005a8   Number         4  stm32g0xx_hal_msp.o(.text.HAL_MspInit)
    __arm_cp.0_1                             0x080005ac   Number         4  stm32g0xx_hal_msp.o(.text.HAL_MspInit)
    [Anonymous Symbol]                       0x080005b0   Section        0  stm32g0xx_hal_cortex.o(.text.HAL_NVIC_EnableIRQ)
    [Anonymous Symbol]                       0x080005c6   Section        0  stm32g0xx_hal_cortex.o(.text.HAL_NVIC_SetPriority)
    [Anonymous Symbol]                       0x080005e4   Section        0  stm32g0xx_hal_pwr_ex.o(.text.HAL_PWREx_ControlVoltageScaling)
    __arm_cp.13_0                            0x08000654   Number         4  stm32g0xx_hal_pwr_ex.o(.text.HAL_PWREx_ControlVoltageScaling)
    __arm_cp.13_2                            0x08000658   Number         4  stm32g0xx_hal_pwr_ex.o(.text.HAL_PWREx_ControlVoltageScaling)
    __arm_cp.13_3                            0x0800065c   Number         4  stm32g0xx_hal_pwr_ex.o(.text.HAL_PWREx_ControlVoltageScaling)
    [Anonymous Symbol]                       0x08000660   Section        0  stm32g0xx_hal_rcc.o(.text.HAL_RCC_ClockConfig)
    __arm_cp.2_0                             0x0800089c   Number         4  stm32g0xx_hal_rcc.o(.text.HAL_RCC_ClockConfig)
    __arm_cp.2_2                             0x080008a0   Number         4  stm32g0xx_hal_rcc.o(.text.HAL_RCC_ClockConfig)
    __arm_cp.2_3                             0x080008a4   Number         4  stm32g0xx_hal_rcc.o(.text.HAL_RCC_ClockConfig)
    __arm_cp.2_5                             0x080008a8   Number         4  stm32g0xx_hal_rcc.o(.text.HAL_RCC_ClockConfig)
    __arm_cp.2_6                             0x080008ac   Number         4  stm32g0xx_hal_rcc.o(.text.HAL_RCC_ClockConfig)
    __arm_cp.2_7                             0x080008b0   Number         4  stm32g0xx_hal_rcc.o(.text.HAL_RCC_ClockConfig)
    __arm_cp.2_8                             0x080008b4   Number         4  stm32g0xx_hal_rcc.o(.text.HAL_RCC_ClockConfig)
    [Anonymous Symbol]                       0x080008b8   Section        0  stm32g0xx_hal_rcc.o(.text.HAL_RCC_GetSysClockFreq)
    __arm_cp.3_0                             0x080009c4   Number         4  stm32g0xx_hal_rcc.o(.text.HAL_RCC_GetSysClockFreq)
    __arm_cp.3_1                             0x080009c8   Number         4  stm32g0xx_hal_rcc.o(.text.HAL_RCC_GetSysClockFreq)
    __arm_cp.3_2                             0x080009cc   Number         4  stm32g0xx_hal_rcc.o(.text.HAL_RCC_GetSysClockFreq)
    __arm_cp.3_3                             0x080009d0   Number         4  stm32g0xx_hal_rcc.o(.text.HAL_RCC_GetSysClockFreq)
    __arm_cp.3_4                             0x080009d4   Number         4  stm32g0xx_hal_rcc.o(.text.HAL_RCC_GetSysClockFreq)
    [Anonymous Symbol]                       0x080009d8   Section        0  stm32g0xx_hal_rcc.o(.text.HAL_RCC_OscConfig)
    __arm_cp.1_17                            0x08000e0c   Number         4  stm32g0xx_hal_rcc.o(.text.HAL_RCC_OscConfig)
    __arm_cp.1_18                            0x08000e10   Number         4  stm32g0xx_hal_rcc.o(.text.HAL_RCC_OscConfig)
    __arm_cp.1_19                            0x08000e14   Number         4  stm32g0xx_hal_rcc.o(.text.HAL_RCC_OscConfig)
    __arm_cp.1_20                            0x08000e18   Number         4  stm32g0xx_hal_rcc.o(.text.HAL_RCC_OscConfig)
    __arm_cp.1_0                             0x0800104c   Number         4  stm32g0xx_hal_rcc.o(.text.HAL_RCC_OscConfig)
    __arm_cp.1_1                             0x08001050   Number         4  stm32g0xx_hal_rcc.o(.text.HAL_RCC_OscConfig)
    __arm_cp.1_2                             0x08001054   Number         4  stm32g0xx_hal_rcc.o(.text.HAL_RCC_OscConfig)
    __arm_cp.1_7                             0x08001058   Number         4  stm32g0xx_hal_rcc.o(.text.HAL_RCC_OscConfig)
    __arm_cp.1_8                             0x0800105c   Number         4  stm32g0xx_hal_rcc.o(.text.HAL_RCC_OscConfig)
    __arm_cp.1_9                             0x08001060   Number         4  stm32g0xx_hal_rcc.o(.text.HAL_RCC_OscConfig)
    __arm_cp.1_10                            0x08001064   Number         4  stm32g0xx_hal_rcc.o(.text.HAL_RCC_OscConfig)
    __arm_cp.1_11                            0x08001068   Number         4  stm32g0xx_hal_rcc.o(.text.HAL_RCC_OscConfig)
    __arm_cp.1_12                            0x0800106c   Number         4  stm32g0xx_hal_rcc.o(.text.HAL_RCC_OscConfig)
    __arm_cp.1_13                            0x08001070   Number         4  stm32g0xx_hal_rcc.o(.text.HAL_RCC_OscConfig)
    [Anonymous Symbol]                       0x08001074   Section        0  stm32g0xx_hal_cortex.o(.text.HAL_SYSTICK_Config)
    [Anonymous Symbol]                       0x08001084   Section        0  stm32g0xx_hal_tim_ex.o(.text.HAL_TIMEx_Break2Callback)
    [Anonymous Symbol]                       0x0800108c   Section        0  stm32g0xx_hal_tim_ex.o(.text.HAL_TIMEx_BreakCallback)
    [Anonymous Symbol]                       0x08001094   Section        0  stm32g0xx_hal_tim_ex.o(.text.HAL_TIMEx_CommutCallback)
    [Anonymous Symbol]                       0x0800109c   Section        0  stm32g0xx_hal_tim.o(.text.HAL_TIM_Base_Init)
    [Anonymous Symbol]                       0x08001148   Section        0  tim.o(.text.HAL_TIM_Base_MspInit)
    __arm_cp.1_0                             0x0800118c   Number         4  tim.o(.text.HAL_TIM_Base_MspInit)
    __arm_cp.1_1                             0x08001190   Number         4  tim.o(.text.HAL_TIM_Base_MspInit)
    [Anonymous Symbol]                       0x08001194   Section        0  stm32g0xx_hal_tim.o(.text.HAL_TIM_Base_Start_IT)
    __arm_cp.7_0                             0x08001228   Number         4  stm32g0xx_hal_tim.o(.text.HAL_TIM_Base_Start_IT)
    __arm_cp.7_1                             0x0800122c   Number         4  stm32g0xx_hal_tim.o(.text.HAL_TIM_Base_Start_IT)
    __arm_cp.7_2                             0x08001230   Number         4  stm32g0xx_hal_tim.o(.text.HAL_TIM_Base_Start_IT)
    [Anonymous Symbol]                       0x08001234   Section        0  stm32g0xx_hal_tim.o(.text.HAL_TIM_Base_Stop_IT)
    __arm_cp.8_0                             0x08001284   Number         4  stm32g0xx_hal_tim.o(.text.HAL_TIM_Base_Stop_IT)
    __arm_cp.8_1                             0x08001288   Number         4  stm32g0xx_hal_tim.o(.text.HAL_TIM_Base_Stop_IT)
    [Anonymous Symbol]                       0x0800128c   Section        0  stm32g0xx_hal_tim.o(.text.HAL_TIM_IC_CaptureCallback)
    [Anonymous Symbol]                       0x08001294   Section        0  stm32g0xx_hal_tim.o(.text.HAL_TIM_IRQHandler)
    __arm_cp.67_0                            0x080014f0   Number         4  stm32g0xx_hal_tim.o(.text.HAL_TIM_IRQHandler)
    __arm_cp.67_1                            0x080014f4   Number         4  stm32g0xx_hal_tim.o(.text.HAL_TIM_IRQHandler)
    [Anonymous Symbol]                       0x080014f8   Section        0  stm32g0xx_hal_tim.o(.text.HAL_TIM_OC_DelayElapsedCallback)
    [Anonymous Symbol]                       0x08001500   Section        0  stm32g0xx_hal_tim.o(.text.HAL_TIM_PWM_PulseFinishedCallback)
    [Anonymous Symbol]                       0x08001508   Section        0  sl_slice.o(.text.HAL_TIM_PeriodElapsedCallback)
    [Anonymous Symbol]                       0x08001524   Section        0  stm32g0xx_hal_tim.o(.text.HAL_TIM_TriggerCallback)
    [Anonymous Symbol]                       0x0800152c   Section        0  stm32g0xx_it.o(.text.HardFault_Handler)
    __arm_cp.1_0                             0x080017bc   Number         4  stm32g0xx_it.o(.text.HardFault_Handler)
    __arm_cp.1_1                             0x080017c0   Number         4  stm32g0xx_it.o(.text.HardFault_Handler)
    __arm_cp.1_2                             0x080017c4   Number         4  stm32g0xx_it.o(.text.HardFault_Handler)
    __arm_cp.1_3                             0x080017c8   Number         4  stm32g0xx_it.o(.text.HardFault_Handler)
    __arm_cp.1_4                             0x080017cc   Number         4  stm32g0xx_it.o(.text.HardFault_Handler)
    [Anonymous Symbol]                       0x080017d0   Section        0  gpio.o(.text.MX_GPIO_Init)
    __arm_cp.0_0                             0x080017ec   Number         4  gpio.o(.text.MX_GPIO_Init)
    [Anonymous Symbol]                       0x080017f0   Section        0  tim.o(.text.MX_TIM14_Init)
    __arm_cp.0_0                             0x0800181c   Number         4  tim.o(.text.MX_TIM14_Init)
    __arm_cp.0_1                             0x08001820   Number         4  tim.o(.text.MX_TIM14_Init)
    [Anonymous Symbol]                       0x08001824   Section        0  stm32g0xx_it.o(.text.NMI_Handler)
    __arm_cp.0_0                             0x080018c0   Number         4  stm32g0xx_it.o(.text.NMI_Handler)
    __arm_cp.0_1                             0x080018c4   Number         4  stm32g0xx_it.o(.text.NMI_Handler)
    [Anonymous Symbol]                       0x080018c8   Section        0  sl_slice.o(.text.PendSV_Handler)
    to_root_path                             0x080018d2   Number         0  sl_slice.o(.text.PendSV_Handler)
    to_slice_path                            0x0800191e   Number         0  sl_slice.o(.text.PendSV_Handler)
    [Anonymous Symbol]                       0x08001978   Section        0  segger_rtt.o(.text.SEGGER_RTT_SetTerminal)
    __arm_cp.32_1                            0x08001a2c   Number         4  segger_rtt.o(.text.SEGGER_RTT_SetTerminal)
    __arm_cp.32_2                            0x08001a30   Number         4  segger_rtt.o(.text.SEGGER_RTT_SetTerminal)
    [Anonymous Symbol]                       0x08001a34   Section        0  segger_rtt.o(.text.SEGGER_RTT_Write)
    [Anonymous Symbol]                       0x08001a7c   Section        0  segger_rtt.o(.text.SEGGER_RTT_WriteNoLock)
    __arm_cp.11_0                            0x08001b28   Number         4  segger_rtt.o(.text.SEGGER_RTT_WriteNoLock)
    [Anonymous Symbol]                       0x08001b2c   Section        0  segger_rtt_printf.o(.text.SEGGER_RTT_printf)
    [Anonymous Symbol]                       0x08001b58   Section        0  segger_rtt_printf.o(.text.SEGGER_RTT_vprintf)
    __arm_cp.0_0                             0x08001ea4   Number         4  segger_rtt_printf.o(.text.SEGGER_RTT_vprintf)
    SysTick_Config                           0x08001ea9   Thumb Code    68  stm32g0xx_hal_cortex.o(.text.SysTick_Config)
    [Anonymous Symbol]                       0x08001ea8   Section        0  stm32g0xx_hal_cortex.o(.text.SysTick_Config)
    __arm_cp.9_0                             0x08001eec   Number         4  stm32g0xx_hal_cortex.o(.text.SysTick_Config)
    __arm_cp.9_1                             0x08001ef0   Number         4  stm32g0xx_hal_cortex.o(.text.SysTick_Config)
    __arm_cp.9_2                             0x08001ef4   Number         4  stm32g0xx_hal_cortex.o(.text.SysTick_Config)
    [Anonymous Symbol]                       0x08001ef8   Section        0  stm32g0xx_it.o(.text.SysTick_Handler)
    [Anonymous Symbol]                       0x08001f04   Section        0  main.o(.text.SystemClock_Config)
    [Anonymous Symbol]                       0x08001f82   Section        0  system_stm32g0xx.o(.text.SystemInit)
    [Anonymous Symbol]                       0x08001f84   Section        0  stm32g0xx_it.o(.text.TIM14_IRQHandler)
    __arm_cp.3_0                             0x08001f90   Number         4  stm32g0xx_it.o(.text.TIM14_IRQHandler)
    [Anonymous Symbol]                       0x08001f94   Section        0  stm32g0xx_hal_tim.o(.text.TIM_Base_SetConfig)
    __arm_cp.2_0                             0x08002074   Number         4  stm32g0xx_hal_tim.o(.text.TIM_Base_SetConfig)
    __arm_cp.2_1                             0x08002078   Number         4  stm32g0xx_hal_tim.o(.text.TIM_Base_SetConfig)
    __arm_cp.2_2                             0x0800207c   Number         4  stm32g0xx_hal_tim.o(.text.TIM_Base_SetConfig)
    __arm_cp.2_3                             0x08002080   Number         4  stm32g0xx_hal_tim.o(.text.TIM_Base_SetConfig)
    __arm_cp.2_4                             0x08002084   Number         4  stm32g0xx_hal_tim.o(.text.TIM_Base_SetConfig)
    _DoInit                                  0x08002089   Thumb Code   124  segger_rtt.o(.text._DoInit)
    [Anonymous Symbol]                       0x08002088   Section        0  segger_rtt.o(.text._DoInit)
    __arm_cp.1_0                             0x08002104   Number         4  segger_rtt.o(.text._DoInit)
    __arm_cp.1_1                             0x08002108   Number         4  segger_rtt.o(.text._DoInit)
    __arm_cp.1_2                             0x0800210c   Number         4  segger_rtt.o(.text._DoInit)
    __arm_cp.1_3                             0x08002110   Number         4  segger_rtt.o(.text._DoInit)
    __arm_cp.1_4                             0x08002114   Number         4  segger_rtt.o(.text._DoInit)
    _GetAvailWriteSpace                      0x08002119   Thumb Code    62  segger_rtt.o(.text._GetAvailWriteSpace)
    [Anonymous Symbol]                       0x08002118   Section        0  segger_rtt.o(.text._GetAvailWriteSpace)
    _PrintInt                                0x08002157   Thumb Code   482  segger_rtt_printf.o(.text._PrintInt)
    [Anonymous Symbol]                       0x08002156   Section        0  segger_rtt_printf.o(.text._PrintInt)
    _PrintUnsigned                           0x08002339   Thumb Code   452  segger_rtt_printf.o(.text._PrintUnsigned)
    [Anonymous Symbol]                       0x08002338   Section        0  segger_rtt_printf.o(.text._PrintUnsigned)
    __arm_cp.3_0                             0x080024fc   Number         4  segger_rtt_printf.o(.text._PrintUnsigned)
    _StoreChar                               0x08002501   Thumb Code   116  segger_rtt_printf.o(.text._StoreChar)
    [Anonymous Symbol]                       0x08002500   Section        0  segger_rtt_printf.o(.text._StoreChar)
    _WriteBlocking                           0x08002575   Thumb Code   224  segger_rtt.o(.text._WriteBlocking)
    [Anonymous Symbol]                       0x08002574   Section        0  segger_rtt.o(.text._WriteBlocking)
    _WriteNoCheck                            0x08002655   Thumb Code   132  segger_rtt.o(.text._WriteNoCheck)
    [Anonymous Symbol]                       0x08002654   Section        0  segger_rtt.o(.text._WriteNoCheck)
    __NVIC_EnableIRQ                         0x080026d9   Thumb Code    40  stm32g0xx_hal_cortex.o(.text.__NVIC_EnableIRQ)
    [Anonymous Symbol]                       0x080026d8   Section        0  stm32g0xx_hal_cortex.o(.text.__NVIC_EnableIRQ)
    __arm_cp.3_0                             0x08002700   Number         4  stm32g0xx_hal_cortex.o(.text.__NVIC_EnableIRQ)
    __NVIC_SetPriority                       0x08002705   Thumb Code   124  stm32g0xx_hal_cortex.o(.text.__NVIC_SetPriority)
    [Anonymous Symbol]                       0x08002704   Section        0  stm32g0xx_hal_cortex.o(.text.__NVIC_SetPriority)
    __arm_cp.1_0                             0x08002780   Number         4  stm32g0xx_hal_cortex.o(.text.__NVIC_SetPriority)
    __arm_cp.1_1                             0x08002784   Number         4  stm32g0xx_hal_cortex.o(.text.__NVIC_SetPriority)
    [Anonymous Symbol]                       0x08002788   Section        0  _main.o(.text._main)
    __arm_cp.5_0                             0x0800279c   Number         4  _main.o(.text._main)
    [Anonymous Symbol]                       0x080027a0   Section        0  sloop.o(.text.calcul_cpu_load)
    __arm_cp.7_1                             0x08002824   Number         4  sloop.o(.text.calcul_cpu_load)
    __arm_cp.7_4                             0x08002828   Number         4  sloop.o(.text.calcul_cpu_load)
    __arm_cp.7_5                             0x0800282c   Number         4  sloop.o(.text.calcul_cpu_load)
    __arm_cp.7_6                             0x08002830   Number         4  sloop.o(.text.calcul_cpu_load)
    __arm_cp.7_7                             0x08002834   Number         4  sloop.o(.text.calcul_cpu_load)
    [Anonymous Symbol]                       0x08002838   Section        0  sloop.o(.text.cycle_run)
    __arm_cp.16_0                            0x080028bc   Number         4  sloop.o(.text.cycle_run)
    __arm_cp.16_1                            0x080028c0   Number         4  sloop.o(.text.cycle_run)
    [Anonymous Symbol]                       0x080028c4   Section        0  sloop.o(.text.load_warning)
    __arm_cp.18_0                            0x08002984   Number         4  sloop.o(.text.load_warning)
    __arm_cp.18_1                            0x08002988   Number         4  sloop.o(.text.load_warning)
    __arm_cp.18_2                            0x0800298c   Number         4  sloop.o(.text.load_warning)
    __arm_cp.18_3                            0x08002990   Number         4  sloop.o(.text.load_warning)
    [Anonymous Symbol]                       0x08002994   Section        0  sloop.o(.text.loop_counter)
    __arm_cp.5_0                             0x080029a0   Number         4  sloop.o(.text.loop_counter)
    [Anonymous Symbol]                       0x080029a4   Section        0  main.o(.text.main)
    [Anonymous Symbol]                       0x080029c4   Section        0  sloop.o(.text.multiple_run)
    __arm_cp.17_0                            0x08002a6c   Number         4  sloop.o(.text.multiple_run)
    __arm_cp.17_1                            0x08002a70   Number         4  sloop.o(.text.multiple_run)
    __arm_cp.17_2                            0x08002a74   Number         4  sloop.o(.text.multiple_run)
    [Anonymous Symbol]                       0x08002a78   Section        0  sloop.o(.text.mutex_task_run)
    __arm_cp.10_0                            0x08002a90   Number         4  sloop.o(.text.mutex_task_run)
    [Anonymous Symbol]                       0x08002a94   Section        0  sloop.o(.text.once_task_run)
    __arm_cp.4_0                             0x08002b10   Number         4  sloop.o(.text.once_task_run)
    __arm_cp.4_1                             0x08002b14   Number         4  sloop.o(.text.once_task_run)
    __arm_cp.4_2                             0x08002b18   Number         4  sloop.o(.text.once_task_run)
    __arm_cp.4_3                             0x08002b1c   Number         4  sloop.o(.text.once_task_run)
    [Anonymous Symbol]                       0x08002b20   Section        0  sloop.o(.text.parallel_task_run)
    __arm_cp.11_0                            0x08002b5c   Number         4  sloop.o(.text.parallel_task_run)
    [Anonymous Symbol]                       0x08002b60   Section        0  sloop.o(.text.sl_cycle_start)
    __arm_cp.6_1                             0x08002d58   Number         4  sloop.o(.text.sl_cycle_start)
    __arm_cp.6_2                             0x08002d5c   Number         4  sloop.o(.text.sl_cycle_start)
    __arm_cp.6_3                             0x08002d60   Number         4  sloop.o(.text.sl_cycle_start)
    [Anonymous Symbol]                       0x08002d64   Section        0  sloop.o(.text.sl_cycle_stop)
    __arm_cp.19_0                            0x08002e48   Number         4  sloop.o(.text.sl_cycle_stop)
    __arm_cp.19_1                            0x08002e4c   Number         4  sloop.o(.text.sl_cycle_stop)
    [Anonymous Symbol]                       0x08002e50   Section        0  sloop.o(.text.sl_delay)
    [Anonymous Symbol]                       0x08002e88   Section        0  sloop.o(.text.sl_get_tick)
    __arm_cp.2_0                             0x08002e90   Number         4  sloop.o(.text.sl_get_tick)
    [Anonymous Symbol]                       0x08002e94   Section        0  sloop.o(.text.sl_goto)
    __arm_cp.26_0                            0x08002f74   Number         4  sloop.o(.text.sl_goto)
    __arm_cp.26_3                            0x08002f78   Number         4  sloop.o(.text.sl_goto)
    __arm_cp.26_4                            0x08002f7c   Number         4  sloop.o(.text.sl_goto)
    __arm_cp.26_5                            0x08002f80   Number         4  sloop.o(.text.sl_goto)
    __arm_cp.26_6                            0x08002f84   Number         4  sloop.o(.text.sl_goto)
    [Anonymous Symbol]                       0x08002f88   Section        0  sloop.o(.text.sl_load_new_task)
    __arm_cp.28_0                            0x08002f94   Number         4  sloop.o(.text.sl_load_new_task)
    __arm_cp.28_1                            0x08002f98   Number         4  sloop.o(.text.sl_load_new_task)
    [Anonymous Symbol]                       0x08002f9c   Section        0  sl_slice.o(.text.sl_slice_run)
    [Anonymous Symbol]                       0x08002fd8   Section        0  sl_slice.o(.text.sl_slice_start)
    __arm_cp.0_1                             0x080030a8   Number         4  sl_slice.o(.text.sl_slice_start)
    __arm_cp.0_2                             0x080030ac   Number         4  sl_slice.o(.text.sl_slice_start)
    __arm_cp.0_3                             0x080030b0   Number         4  sl_slice.o(.text.sl_slice_start)
    [Anonymous Symbol]                       0x080030b4   Section        0  sl_slice.o(.text.sl_slice_yield)
    __arm_cp.5_0                             0x080030d4   Number         4  sl_slice.o(.text.sl_slice_yield)
    __arm_cp.5_1                             0x080030d8   Number         4  sl_slice.o(.text.sl_slice_yield)
    __arm_cp.5_2                             0x080030dc   Number         4  sl_slice.o(.text.sl_slice_yield)
    [Anonymous Symbol]                       0x080030e0   Section        0  sloop.o(.text.sl_task_once)
    __arm_cp.13_0                            0x0800329c   Number         4  sloop.o(.text.sl_task_once)
    __arm_cp.13_1                            0x080032a0   Number         4  sloop.o(.text.sl_task_once)
    __arm_cp.13_2                            0x080032a4   Number         4  sloop.o(.text.sl_task_once)
    __arm_cp.13_4                            0x080032a8   Number         4  sloop.o(.text.sl_task_once)
    __arm_cp.13_5                            0x080032ac   Number         4  sloop.o(.text.sl_task_once)
    [Anonymous Symbol]                       0x080032b0   Section        0  sloop.o(.text.sl_task_start)
    __arm_cp.3_0                             0x08003450   Number         4  sloop.o(.text.sl_task_start)
    __arm_cp.3_1                             0x08003454   Number         4  sloop.o(.text.sl_task_start)
    __arm_cp.3_2                             0x08003458   Number         4  sloop.o(.text.sl_task_start)
    __arm_cp.3_3                             0x0800345c   Number         4  sloop.o(.text.sl_task_start)
    [Anonymous Symbol]                       0x08003460   Section        0  sloop.o(.text.sl_tick_irq)
    __arm_cp.12_1                            0x08003474   Number         4  sloop.o(.text.sl_tick_irq)
    [Anonymous Symbol]                       0x08003478   Section        0  sloop.o(.text.sl_wait)
    __arm_cp.29_0                            0x080035b4   Number         4  sloop.o(.text.sl_wait)
    __arm_cp.29_2                            0x080035b8   Number         4  sloop.o(.text.sl_wait)
    __arm_cp.29_3                            0x080035bc   Number         4  sloop.o(.text.sl_wait)
    __arm_cp.29_4                            0x080035c0   Number         4  sloop.o(.text.sl_wait)
    __arm_cp.29_5                            0x080035c4   Number         4  sloop.o(.text.sl_wait)
    [Anonymous Symbol]                       0x080035c8   Section        0  sloop.o(.text.sl_wait_break)
    __arm_cp.27_0                            0x0800366c   Number         4  sloop.o(.text.sl_wait_break)
    __arm_cp.27_1                            0x08003670   Number         4  sloop.o(.text.sl_wait_break)
    __arm_cp.27_2                            0x08003674   Number         4  sloop.o(.text.sl_wait_break)
    slice_stack_init                         0x08003679   Thumb Code   136  sl_slice.o(.text.slice_stack_init)
    [Anonymous Symbol]                       0x08003678   Section        0  sl_slice.o(.text.slice_stack_init)
    __arm_cp.1_0                             0x08003700   Number         4  sl_slice.o(.text.slice_stack_init)
    __arm_cp.1_1                             0x08003704   Number         4  sl_slice.o(.text.slice_stack_init)
    slice_trap                               0x08003709   Thumb Code   156  sl_slice.o(.text.slice_trap)
    [Anonymous Symbol]                       0x08003708   Section        0  sl_slice.o(.text.slice_trap)
    __arm_cp.7_0                             0x080037a4   Number         4  sl_slice.o(.text.slice_trap)
    __arm_cp.7_1                             0x080037a8   Number         4  sl_slice.o(.text.slice_trap)
    [Anonymous Symbol]                       0x080037ac   Section        0  sloop.o(.text.sloop)
    [Anonymous Symbol]                       0x080037b8   Section        0  sloop.o(.text.sloop_init)
    __arm_cp.1_0                             0x08003a04   Number         4  sloop.o(.text.sloop_init)
    __arm_cp.1_1                             0x08003a08   Number         4  sloop.o(.text.sloop_init)
    __arm_cp.1_2                             0x08003a0c   Number         4  sloop.o(.text.sloop_init)
    __arm_cp.1_3                             0x08003a10   Number         4  sloop.o(.text.sloop_init)
    __arm_cp.1_4                             0x08003a14   Number         4  sloop.o(.text.sloop_init)
    __arm_cp.1_5                             0x08003a18   Number         4  sloop.o(.text.sloop_init)
    __arm_cp.1_6                             0x08003a1c   Number         4  sloop.o(.text.sloop_init)
    __arm_cp.1_7                             0x08003a20   Number         4  sloop.o(.text.sloop_init)
    [Anonymous Symbol]                       0x08003a24   Section        0  sloop.o(.text.soft_timer)
    [Anonymous Symbol]                       0x08003a34   Section        0  sloop.o(.text.system_heartbeat)
    __arm_cp.8_0                             0x08003af0   Number         4  sloop.o(.text.system_heartbeat)
    __arm_cp.8_1                             0x08003af4   Number         4  sloop.o(.text.system_heartbeat)
    __arm_cp.8_2                             0x08003af8   Number         4  sloop.o(.text.system_heartbeat)
    [Anonymous Symbol]                       0x08003afc   Section        0  task_baseinit.o(.text.task_baseInit)
    __arm_cp.0_1                             0x08003c6c   Number         4  task_baseinit.o(.text.task_baseInit)
    __arm_cp.0_3                             0x08003c70   Number         4  task_baseinit.o(.text.task_baseInit)
    __arm_cp.0_4                             0x08003c74   Number         4  task_baseinit.o(.text.task_baseInit)
    [Anonymous Symbol]                       0x08003c78   Section        0  task_idle.o(.text.task_idle)
    __arm_cp.0_0                             0x08003e7c   Number         4  task_idle.o(.text.task_idle)
    __arm_cp.0_1                             0x08003e80   Number         4  task_idle.o(.text.task_idle)
    __arm_cp.0_2                             0x08003e84   Number         4  task_idle.o(.text.task_idle)
    __arm_cp.0_3                             0x08003e88   Number         4  task_idle.o(.text.task_idle)
    __arm_cp.0_4                             0x08003e8c   Number         4  task_idle.o(.text.task_idle)
    __arm_cp.0_5                             0x08003e90   Number         4  task_idle.o(.text.task_idle)
    [Anonymous Symbol]                       0x08003e94   Section        0  task_slice.o(.text.task_slice)
    __arm_cp.0_0                             0x08003f38   Number         4  task_slice.o(.text.task_slice)
    __arm_cp.0_1                             0x08003f3c   Number         4  task_slice.o(.text.task_slice)
    [Anonymous Symbol]                       0x08003f40   Section        0  sloop.o(.text.timeout_run)
    __arm_cp.15_0                            0x08003fc4   Number         4  sloop.o(.text.timeout_run)
    __arm_cp.15_1                            0x08003fc8   Number         4  sloop.o(.text.timeout_run)
    __arm_cp.15_2                            0x08003fcc   Number         4  sloop.o(.text.timeout_run)
    _DoInit._aInitStr                        0x08004010   Data          17  segger_rtt.o(.rodata._DoInit._aInitStr)
    [Anonymous Symbol]                       0x08004010   Section        0  segger_rtt.o(.rodata._DoInit._aInitStr)
    _PrintUnsigned._aV2C                     0x08004021   Data          16  segger_rtt_printf.o(.rodata._PrintUnsigned._aV2C)
    [Anonymous Symbol]                       0x08004021   Section        0  segger_rtt_printf.o(.rodata._PrintUnsigned._aV2C)
    _aTerminalId                             0x08004031   Data          16  segger_rtt.o(.rodata._aTerminalId)
    [Anonymous Symbol]                       0x08004031   Section        0  segger_rtt.o(.rodata._aTerminalId)
    [Anonymous Symbol]                       0x08004041   Section        0  stm32g0xx_it.o(.rodata.str1.1)
    [Anonymous Symbol]                       0x080042dd   Section        0  task_baseinit.o(.rodata.str1.1)
    [Anonymous Symbol]                       0x08004380   Section        0  task_idle.o(.rodata.str1.1)
    [Anonymous Symbol]                       0x080043d8   Section        0  task_slice.o(.rodata.str1.1)
    [Anonymous Symbol]                       0x08004432   Section        0  sl_slice.o(.rodata.str1.1)
    [Anonymous Symbol]                       0x08004552   Section        0  segger_rtt.o(.rodata.str1.1)
    [Anonymous Symbol]                       0x0800455b   Section        0  segger_rtt_printf.o(.rodata.str1.1)
    [Anonymous Symbol]                       0x08004562   Section        0  sloop.o(.rodata.str1.1)
    .bss                                     0x20000010   Section       96  libspace.o(.bss)
    _ActiveTerminal                          0x20000070   Data           1  segger_rtt.o(.bss._ActiveTerminal)
    [Anonymous Symbol]                       0x20000070   Section        0  segger_rtt.o(.bss._ActiveTerminal)
    _acDownBuffer                            0x200000bc   Data          16  segger_rtt.o(.bss._acDownBuffer)
    [Anonymous Symbol]                       0x200000bc   Section        0  segger_rtt.o(.bss._acDownBuffer)
    _acUpBuffer                              0x200000cc   Data        2048  segger_rtt.o(.bss._acUpBuffer)
    [Anonymous Symbol]                       0x200000cc   Section        0  segger_rtt.o(.bss._acUpBuffer)
    _continue                                0x200008cc   Data           1  sloop.o(.bss._continue)
    [Anonymous Symbol]                       0x200008cc   Section        0  sloop.o(.bss._continue)
    break_wait                               0x200008cd   Data           1  sloop.o(.bss.break_wait)
    [Anonymous Symbol]                       0x200008cd   Section        0  sloop.o(.bss.break_wait)
    calcul_cpu_load.warning                  0x200008ce   Data           1  sloop.o(.bss.calcul_cpu_load.warning)
    [Anonymous Symbol]                       0x200008ce   Section        0  sloop.o(.bss.calcul_cpu_load.warning)
    cycle_reg                                0x200008d0   Data         192  sloop.o(.bss.cycle_reg)
    [Anonymous Symbol]                       0x200008d0   Section        0  sloop.o(.bss.cycle_reg)
    cycle_run.backup_reg                     0x20000990   Data         192  sloop.o(.bss.cycle_run.backup_reg)
    [Anonymous Symbol]                       0x20000990   Section        0  sloop.o(.bss.cycle_run.backup_reg)
    load                                     0x20000a9c   Data           4  sloop.o(.bss.load)
    [Anonymous Symbol]                       0x20000a9c   Section        0  sloop.o(.bss.load)
    loop                                     0x20000aa0   Data           4  sloop.o(.bss.loop)
    [Anonymous Symbol]                       0x20000aa0   Section        0  sloop.o(.bss.loop)
    loop_us                                  0x20000aa4   Data           4  sloop.o(.bss.loop_us)
    [Anonymous Symbol]                       0x20000aa4   Section        0  sloop.o(.bss.loop_us)
    multiple_reg                             0x20000aa8   Data         256  sloop.o(.bss.multiple_reg)
    [Anonymous Symbol]                       0x20000aa8   Section        0  sloop.o(.bss.multiple_reg)
    multiple_run.backup_reg                  0x20000ba8   Data         256  sloop.o(.bss.multiple_run.backup_reg)
    [Anonymous Symbol]                       0x20000ba8   Section        0  sloop.o(.bss.multiple_run.backup_reg)
    once_task_reg                            0x20000ca8   Data          64  sloop.o(.bss.once_task_reg)
    [Anonymous Symbol]                       0x20000ca8   Section        0  sloop.o(.bss.once_task_reg)
    once_task_run.backup_reg                 0x20000ce8   Data          64  sloop.o(.bss.once_task_run.backup_reg)
    [Anonymous Symbol]                       0x20000ce8   Section        0  sloop.o(.bss.once_task_run.backup_reg)
    pre_task                                 0x20000d28   Data           4  sloop.o(.bss.pre_task)
    [Anonymous Symbol]                       0x20000d28   Section        0  sloop.o(.bss.pre_task)
    run_task                                 0x20000d2c   Data           4  sloop.o(.bss.run_task)
    [Anonymous Symbol]                       0x20000d2c   Section        0  sloop.o(.bss.run_task)
    slice_stack                              0x20000d34   Data         512  sl_slice.o(.bss.slice_stack)
    [Anonymous Symbol]                       0x20000d34   Section        0  sl_slice.o(.bss.slice_stack)
    soft_timer_count                         0x20000f34   Data           4  sloop.o(.bss.soft_timer_count)
    [Anonymous Symbol]                       0x20000f34   Section        0  sloop.o(.bss.soft_timer_count)
    system_heartbeat.count                   0x20000f38   Data           4  sloop.o(.bss.system_heartbeat.count)
    [Anonymous Symbol]                       0x20000f38   Section        0  sloop.o(.bss.system_heartbeat.count)
    task_reg                                 0x20000f3c   Data         128  sloop.o(.bss.task_reg)
    [Anonymous Symbol]                       0x20000f3c   Section        0  sloop.o(.bss.task_reg)
    tick                                     0x20000fbc   Data           4  sloop.o(.bss.tick)
    [Anonymous Symbol]                       0x20000fbc   Section        0  sloop.o(.bss.tick)
    timeout_reg                              0x20000fc0   Data         192  sloop.o(.bss.timeout_reg)
    [Anonymous Symbol]                       0x20000fc0   Section        0  sloop.o(.bss.timeout_reg)
    timeout_run.backup_reg                   0x20001080   Data         192  sloop.o(.bss.timeout_run.backup_reg)
    [Anonymous Symbol]                       0x20001080   Section        0  sloop.o(.bss.timeout_run.backup_reg)
    to_slice                                 0x20001140   Data           1  sl_slice.o(.bss.to_slice)
    [Anonymous Symbol]                       0x20001140   Section        0  sl_slice.o(.bss.to_slice)
    wait                                     0x20001148   Data           1  sloop.o(.bss.wait)
    [Anonymous Symbol]                       0x20001148   Section        0  sloop.o(.bss.wait)
    Heap_Mem                                 0x20001150   Data           0  startup_stm32g030xx.o(HEAP)
    Stack_Mem                                0x20001150   Data        1024  startup_stm32g030xx.o(STACK)
    HEAP                                     0x20001150   Section        0  startup_stm32g030xx.o(HEAP)
    STACK                                    0x20001150   Section     1024  startup_stm32g030xx.o(STACK)
    __initial_sp                             0x20001550   Data           0  startup_stm32g030xx.o(STACK)

    Global Symbols

    Symbol Name                              Value     Ov Type        Size  Object(Section)

    BuildAttributes$$THM_ISAv3M$S$PE$A:L22$X:L11$S22$IEEE1$IW$~IW$USESV6$~STKCKD$USESV7$~SHL$OSPACE$ROPI$EBA8$UX$STANDARDLIB$REQ8$PRES8$EABIv2 0x00000000   Number         0  anon$$obj.o ABSOLUTE
    __ARM_exceptions_init                     - Undefined Weak Reference
    __alloca_initialize                       - Undefined Weak Reference
    __arm_preinit_                            - Undefined Weak Reference
    __arm_relocate_pie_                       - Undefined Weak Reference
    __cpp_initialize__aeabi_                  - Undefined Weak Reference
    __cxa_finalize                            - Undefined Weak Reference
    __rt_locale                               - Undefined Weak Reference
    __sigvec_lookup                           - Undefined Weak Reference
    _atexit_init                              - Undefined Weak Reference
    _call_atexit_fns                          - Undefined Weak Reference
    _clock_init                               - Undefined Weak Reference
    _fp_trap_init                             - Undefined Weak Reference
    _fp_trap_shutdown                         - Undefined Weak Reference
    _get_lc_collate                           - Undefined Weak Reference
    _get_lc_ctype                             - Undefined Weak Reference
    _get_lc_monetary                          - Undefined Weak Reference
    _get_lc_numeric                           - Undefined Weak Reference
    _get_lc_time                              - Undefined Weak Reference
    _getenv_init                              - Undefined Weak Reference
    _handle_redirection                       - Undefined Weak Reference
    _init_alloc                               - Undefined Weak Reference
    _init_user_alloc                          - Undefined Weak Reference
    _initio                                   - Undefined Weak Reference
    _rand_init                                - Undefined Weak Reference
    _signal_finish                            - Undefined Weak Reference
    _signal_init                              - Undefined Weak Reference
    _terminate_alloc                          - Undefined Weak Reference
    _terminate_user_alloc                     - Undefined Weak Reference
    _terminateio                              - Undefined Weak Reference
    __Vectors_Size                           0x000000c0   Number         0  startup_stm32g030xx.o ABSOLUTE
    __Vectors                                0x08000000   Data           4  startup_stm32g030xx.o(RESET)
    __Vectors_End                            0x080000c0   Data           0  startup_stm32g030xx.o(RESET)
    __main                                   0x080000c1   Thumb Code     8  __main.o(!!!main)
    __scatterload                            0x080000c9   Thumb Code     0  __scatter.o(!!!scatter)
    __scatterload_rt2                        0x080000c9   Thumb Code    74  __scatter.o(!!!scatter)
    __scatterload_rt2_thumb_only             0x080000c9   Thumb Code     0  __scatter.o(!!!scatter)
    __scatterload_loop                       0x080000d3   Thumb Code     0  __scatter.o(!!!scatter)
    __scatterload_copy                       0x0800011d   Thumb Code    26  __scatter_copy.o(!!handler_copy)
    __scatterload_null                       0x08000139   Thumb Code     2  __scatter.o(!!handler_null)
    __scatterload_zeroinit                   0x0800013d   Thumb Code    28  __scatter_zi.o(!!handler_zi)
    __rt_lib_init                            0x08000159   Thumb Code     0  libinit.o(.ARM.Collect$$libinit$$00000000)
    __rt_lib_init_alloca_1                   0x0800015b   Thumb Code     0  libinit2.o(.ARM.Collect$$libinit$$00000030)
    __rt_lib_init_argv_1                     0x0800015b   Thumb Code     0  libinit2.o(.ARM.Collect$$libinit$$0000002E)
    __rt_lib_init_atexit_1                   0x0800015b   Thumb Code     0  libinit2.o(.ARM.Collect$$libinit$$0000001D)
    __rt_lib_init_clock_1                    0x0800015b   Thumb Code     0  libinit2.o(.ARM.Collect$$libinit$$00000023)
    __rt_lib_init_cpp_1                      0x0800015b   Thumb Code     0  libinit2.o(.ARM.Collect$$libinit$$00000034)
    __rt_lib_init_exceptions_1               0x0800015b   Thumb Code     0  libinit2.o(.ARM.Collect$$libinit$$00000032)
    __rt_lib_init_fp_1                       0x0800015b   Thumb Code     0  libinit2.o(.ARM.Collect$$libinit$$00000002)
    __rt_lib_init_fp_trap_1                  0x0800015b   Thumb Code     0  libinit2.o(.ARM.Collect$$libinit$$00000021)
    __rt_lib_init_getenv_1                   0x0800015b   Thumb Code     0  libinit2.o(.ARM.Collect$$libinit$$00000025)
    __rt_lib_init_heap_1                     0x0800015b   Thumb Code     0  libinit2.o(.ARM.Collect$$libinit$$0000000C)
    __rt_lib_init_lc_collate_1               0x0800015b   Thumb Code     0  libinit2.o(.ARM.Collect$$libinit$$00000013)
    __rt_lib_init_lc_ctype_1                 0x0800015b   Thumb Code     0  libinit2.o(.ARM.Collect$$libinit$$00000015)
    __rt_lib_init_lc_monetary_1              0x0800015b   Thumb Code     0  libinit2.o(.ARM.Collect$$libinit$$00000017)
    __rt_lib_init_lc_numeric_1               0x0800015b   Thumb Code     0  libinit2.o(.ARM.Collect$$libinit$$00000019)
    __rt_lib_init_lc_time_1                  0x0800015b   Thumb Code     0  libinit2.o(.ARM.Collect$$libinit$$0000001B)
    __rt_lib_init_preinit_1                  0x0800015b   Thumb Code     0  libinit2.o(.ARM.Collect$$libinit$$00000006)
    __rt_lib_init_rand_1                     0x0800015b   Thumb Code     0  libinit2.o(.ARM.Collect$$libinit$$00000010)
    __rt_lib_init_relocate_pie_1             0x0800015b   Thumb Code     0  libinit2.o(.ARM.Collect$$libinit$$00000004)
    __rt_lib_init_return                     0x0800015b   Thumb Code     0  libinit2.o(.ARM.Collect$$libinit$$00000035)
    __rt_lib_init_signal_1                   0x0800015b   Thumb Code     0  libinit2.o(.ARM.Collect$$libinit$$0000001F)
    __rt_lib_init_stdio_1                    0x0800015b   Thumb Code     0  libinit2.o(.ARM.Collect$$libinit$$00000027)
    __rt_lib_init_user_alloc_1               0x0800015b   Thumb Code     0  libinit2.o(.ARM.Collect$$libinit$$0000000E)
    __rt_lib_shutdown                        0x0800015d   Thumb Code     0  libshutdown.o(.ARM.Collect$$libshutdown$$00000000)
    __rt_lib_shutdown_cpp_1                  0x0800015f   Thumb Code     0  libshutdown2.o(.ARM.Collect$$libshutdown$$00000002)
    __rt_lib_shutdown_fp_trap_1              0x0800015f   Thumb Code     0  libshutdown2.o(.ARM.Collect$$libshutdown$$00000007)
    __rt_lib_shutdown_heap_1                 0x0800015f   Thumb Code     0  libshutdown2.o(.ARM.Collect$$libshutdown$$0000000F)
    __rt_lib_shutdown_return                 0x0800015f   Thumb Code     0  libshutdown2.o(.ARM.Collect$$libshutdown$$00000010)
    __rt_lib_shutdown_signal_1               0x0800015f   Thumb Code     0  libshutdown2.o(.ARM.Collect$$libshutdown$$0000000A)
    __rt_lib_shutdown_stdio_1                0x0800015f   Thumb Code     0  libshutdown2.o(.ARM.Collect$$libshutdown$$00000004)
    __rt_lib_shutdown_user_alloc_1           0x0800015f   Thumb Code     0  libshutdown2.o(.ARM.Collect$$libshutdown$$0000000C)
    __rt_entry                               0x08000161   Thumb Code     0  __rtentry.o(.ARM.Collect$$rtentry$$00000000)
    __rt_entry_presh_1                       0x08000161   Thumb Code     0  __rtentry2.o(.ARM.Collect$$rtentry$$00000002)
    __rt_entry_sh                            0x08000161   Thumb Code     0  __rtentry4.o(.ARM.Collect$$rtentry$$00000004)
    __rt_entry_li                            0x08000167   Thumb Code     0  __rtentry2.o(.ARM.Collect$$rtentry$$0000000A)
    __rt_entry_postsh_1                      0x08000167   Thumb Code     0  __rtentry2.o(.ARM.Collect$$rtentry$$00000009)
    __rt_entry_main                          0x0800016b   Thumb Code     0  __rtentry2.o(.ARM.Collect$$rtentry$$0000000D)
    __rt_entry_postli_1                      0x0800016b   Thumb Code     0  __rtentry2.o(.ARM.Collect$$rtentry$$0000000C)
    __rt_exit                                0x08000173   Thumb Code     0  rtexit.o(.ARM.Collect$$rtexit$$00000000)
    __rt_exit_ls                             0x08000175   Thumb Code     0  rtexit2.o(.ARM.Collect$$rtexit$$00000003)
    __rt_exit_prels_1                        0x08000175   Thumb Code     0  rtexit2.o(.ARM.Collect$$rtexit$$00000002)
    __rt_exit_exit                           0x08000179   Thumb Code     0  rtexit2.o(.ARM.Collect$$rtexit$$00000004)
    __aeabi_memcpy4                          0x08000181   Thumb Code    56  rt_memcpy.o(.emb_text)
    __aeabi_memcpy8                          0x08000181   Thumb Code     0  rt_memcpy.o(.emb_text)
    Reset_Handler                            0x080001b9   Thumb Code     8  startup_stm32g030xx.o(.text)
    SVC_Handler                              0x080001c5   Thumb Code     2  startup_stm32g030xx.o(.text)
    ADC1_IRQHandler                          0x080001cb   Thumb Code     0  startup_stm32g030xx.o(.text)
    DMA1_Ch4_5_DMAMUX1_OVR_IRQHandler        0x080001cb   Thumb Code     0  startup_stm32g030xx.o(.text)
    DMA1_Channel1_IRQHandler                 0x080001cb   Thumb Code     0  startup_stm32g030xx.o(.text)
    DMA1_Channel2_3_IRQHandler               0x080001cb   Thumb Code     0  startup_stm32g030xx.o(.text)
    EXTI0_1_IRQHandler                       0x080001cb   Thumb Code     0  startup_stm32g030xx.o(.text)
    EXTI2_3_IRQHandler                       0x080001cb   Thumb Code     0  startup_stm32g030xx.o(.text)
    EXTI4_15_IRQHandler                      0x080001cb   Thumb Code     0  startup_stm32g030xx.o(.text)
    FLASH_IRQHandler                         0x080001cb   Thumb Code     0  startup_stm32g030xx.o(.text)
    I2C1_IRQHandler                          0x080001cb   Thumb Code     0  startup_stm32g030xx.o(.text)
    I2C2_IRQHandler                          0x080001cb   Thumb Code     0  startup_stm32g030xx.o(.text)
    RCC_IRQHandler                           0x080001cb   Thumb Code     0  startup_stm32g030xx.o(.text)
    RTC_TAMP_IRQHandler                      0x080001cb   Thumb Code     0  startup_stm32g030xx.o(.text)
    SPI1_IRQHandler                          0x080001cb   Thumb Code     0  startup_stm32g030xx.o(.text)
    SPI2_IRQHandler                          0x080001cb   Thumb Code     0  startup_stm32g030xx.o(.text)
    TIM16_IRQHandler                         0x080001cb   Thumb Code     0  startup_stm32g030xx.o(.text)
    TIM17_IRQHandler                         0x080001cb   Thumb Code     0  startup_stm32g030xx.o(.text)
    TIM1_BRK_UP_TRG_COM_IRQHandler           0x080001cb   Thumb Code     0  startup_stm32g030xx.o(.text)
    TIM1_CC_IRQHandler                       0x080001cb   Thumb Code     0  startup_stm32g030xx.o(.text)
    TIM3_IRQHandler                          0x080001cb   Thumb Code     0  startup_stm32g030xx.o(.text)
    USART1_IRQHandler                        0x080001cb   Thumb Code     0  startup_stm32g030xx.o(.text)
    USART2_IRQHandler                        0x080001cb   Thumb Code     0  startup_stm32g030xx.o(.text)
    WWDG_IRQHandler                          0x080001cb   Thumb Code     0  startup_stm32g030xx.o(.text)
    __user_initial_stackheap                 0x080001cd   Thumb Code     0  startup_stm32g030xx.o(.text)
    __aeabi_memcpy                           0x080001ed   Thumb Code   130  rt_memcpy.o(.text)
    __rt_memcpy                              0x080001ed   Thumb Code     0  rt_memcpy.o(.text)
    _memset_w                                0x0800026f   Thumb Code    26  rt_memclr.o(.text)
    _memset                                  0x08000289   Thumb Code    30  rt_memclr.o(.text)
    __aeabi_memclr                           0x080002a7   Thumb Code     4  rt_memclr.o(.text)
    __rt_memclr                              0x080002a7   Thumb Code     0  rt_memclr.o(.text)
    __aeabi_memclr4                          0x080002ab   Thumb Code     0  rt_memclr.o(.text)
    __aeabi_memclr8                          0x080002ab   Thumb Code     0  rt_memclr.o(.text)
    __rt_memclr_w                            0x080002ab   Thumb Code     4  rt_memclr.o(.text)
    __aeabi_uidiv                            0x080002b1   Thumb Code     0  aeabi_sdiv.o(.text)
    __aeabi_uidivmod                         0x080002b1   Thumb Code    20  aeabi_sdiv.o(.text)
    __aeabi_idiv                             0x080002c5   Thumb Code     0  aeabi_sdiv.o(.text)
    __aeabi_idivmod                          0x080002c5   Thumb Code   338  aeabi_sdiv.o(.text)
    __use_two_region_memory                  0x0800041d   Thumb Code     2  heapauxi.o(.text)
    __rt_heap_escrow$2region                 0x0800041f   Thumb Code     2  heapauxi.o(.text)
    __rt_heap_expand$2region                 0x08000421   Thumb Code     2  heapauxi.o(.text)
    __user_setup_stackheap                   0x08000423   Thumb Code    62  sys_stackheap_outer.o(.text)
    exit                                     0x08000461   Thumb Code    16  exit.o(.text)
    __user_libspace                          0x08000471   Thumb Code     8  libspace.o(.text)
    __user_perproc_libspace                  0x08000471   Thumb Code     0  libspace.o(.text)
    __user_perthread_libspace                0x08000471   Thumb Code     0  libspace.o(.text)
    _sys_exit                                0x08000479   Thumb Code     8  sys_exit.o(.text)
    __I$use$semihosting                      0x08000485   Thumb Code     0  use_no_semi.o(.text)
    __use_no_semihosting_swi                 0x08000485   Thumb Code     2  use_no_semi.o(.text)
    Error_Handler                            0x08000487   Thumb Code    14  main.o(.text.Error_Handler)
    __semihosting_library_function           0x08000487   Thumb Code     0  indicate_semi.o(.text)
    HAL_GetTick                              0x08000495   Thumb Code     8  stm32g0xx_hal.o(.text.HAL_GetTick)
    HAL_IncTick                              0x0800049d   Thumb Code    16  stm32g0xx_hal.o(.text.HAL_IncTick)
    HAL_Init                                 0x080004b1   Thumb Code    56  stm32g0xx_hal.o(.text.HAL_Init)
    HAL_InitTick                             0x080004e9   Thumb Code   120  stm32g0xx_hal.o(.text.HAL_InitTick)
    HAL_MspInit                              0x08000565   Thumb Code    68  stm32g0xx_hal_msp.o(.text.HAL_MspInit)
    HAL_NVIC_EnableIRQ                       0x080005b1   Thumb Code    22  stm32g0xx_hal_cortex.o(.text.HAL_NVIC_EnableIRQ)
    HAL_NVIC_SetPriority                     0x080005c7   Thumb Code    28  stm32g0xx_hal_cortex.o(.text.HAL_NVIC_SetPriority)
    HAL_PWREx_ControlVoltageScaling          0x080005e5   Thumb Code   112  stm32g0xx_hal_pwr_ex.o(.text.HAL_PWREx_ControlVoltageScaling)
    HAL_RCC_ClockConfig                      0x08000661   Thumb Code   572  stm32g0xx_hal_rcc.o(.text.HAL_RCC_ClockConfig)
    HAL_RCC_GetSysClockFreq                  0x080008b9   Thumb Code   268  stm32g0xx_hal_rcc.o(.text.HAL_RCC_GetSysClockFreq)
    HAL_RCC_OscConfig                        0x080009d9   Thumb Code  1652  stm32g0xx_hal_rcc.o(.text.HAL_RCC_OscConfig)
    HAL_SYSTICK_Config                       0x08001075   Thumb Code    16  stm32g0xx_hal_cortex.o(.text.HAL_SYSTICK_Config)
    HAL_TIMEx_Break2Callback                 0x08001085   Thumb Code     8  stm32g0xx_hal_tim_ex.o(.text.HAL_TIMEx_Break2Callback)
    HAL_TIMEx_BreakCallback                  0x0800108d   Thumb Code     8  stm32g0xx_hal_tim_ex.o(.text.HAL_TIMEx_BreakCallback)
    HAL_TIMEx_CommutCallback                 0x08001095   Thumb Code     8  stm32g0xx_hal_tim_ex.o(.text.HAL_TIMEx_CommutCallback)
    HAL_TIM_Base_Init                        0x0800109d   Thumb Code   170  stm32g0xx_hal_tim.o(.text.HAL_TIM_Base_Init)
    HAL_TIM_Base_MspInit                     0x08001149   Thumb Code    68  tim.o(.text.HAL_TIM_Base_MspInit)
    HAL_TIM_Base_Start_IT                    0x08001195   Thumb Code   148  stm32g0xx_hal_tim.o(.text.HAL_TIM_Base_Start_IT)
    HAL_TIM_Base_Stop_IT                     0x08001235   Thumb Code    80  stm32g0xx_hal_tim.o(.text.HAL_TIM_Base_Stop_IT)
    HAL_TIM_IC_CaptureCallback               0x0800128d   Thumb Code     8  stm32g0xx_hal_tim.o(.text.HAL_TIM_IC_CaptureCallback)
    HAL_TIM_IRQHandler                       0x08001295   Thumb Code   604  stm32g0xx_hal_tim.o(.text.HAL_TIM_IRQHandler)
    HAL_TIM_OC_DelayElapsedCallback          0x080014f9   Thumb Code     8  stm32g0xx_hal_tim.o(.text.HAL_TIM_OC_DelayElapsedCallback)
    HAL_TIM_PWM_PulseFinishedCallback        0x08001501   Thumb Code     8  stm32g0xx_hal_tim.o(.text.HAL_TIM_PWM_PulseFinishedCallback)
    HAL_TIM_PeriodElapsedCallback            0x08001509   Thumb Code    28  sl_slice.o(.text.HAL_TIM_PeriodElapsedCallback)
    HAL_TIM_TriggerCallback                  0x08001525   Thumb Code     8  stm32g0xx_hal_tim.o(.text.HAL_TIM_TriggerCallback)
    HardFault_Handler                        0x0800152d   Thumb Code   656  stm32g0xx_it.o(.text.HardFault_Handler)
    MX_GPIO_Init                             0x080017d1   Thumb Code    28  gpio.o(.text.MX_GPIO_Init)
    MX_TIM14_Init                            0x080017f1   Thumb Code    44  tim.o(.text.MX_TIM14_Init)
    NMI_Handler                              0x08001825   Thumb Code   156  stm32g0xx_it.o(.text.NMI_Handler)
    PendSV_Handler                           0x080018c9   Thumb Code   162  sl_slice.o(.text.PendSV_Handler)
    SEGGER_RTT_SetTerminal                   0x08001979   Thumb Code   180  segger_rtt.o(.text.SEGGER_RTT_SetTerminal)
    SEGGER_RTT_Write                         0x08001a35   Thumb Code    72  segger_rtt.o(.text.SEGGER_RTT_Write)
    SEGGER_RTT_WriteNoLock                   0x08001a7d   Thumb Code   172  segger_rtt.o(.text.SEGGER_RTT_WriteNoLock)
    SEGGER_RTT_printf                        0x08001b2d   Thumb Code    44  segger_rtt_printf.o(.text.SEGGER_RTT_printf)
    SEGGER_RTT_vprintf                       0x08001b59   Thumb Code   844  segger_rtt_printf.o(.text.SEGGER_RTT_vprintf)
    SysTick_Handler                          0x08001ef9   Thumb Code    12  stm32g0xx_it.o(.text.SysTick_Handler)
    SystemClock_Config                       0x08001f05   Thumb Code   126  main.o(.text.SystemClock_Config)
    SystemInit                               0x08001f83   Thumb Code     2  system_stm32g0xx.o(.text.SystemInit)
    TIM14_IRQHandler                         0x08001f85   Thumb Code    12  stm32g0xx_it.o(.text.TIM14_IRQHandler)
    TIM_Base_SetConfig                       0x08001f95   Thumb Code   224  stm32g0xx_hal_tim.o(.text.TIM_Base_SetConfig)
    _main                                    0x08002789   Thumb Code    20  _main.o(.text._main)
    calcul_cpu_load                          0x080027a1   Thumb Code   132  sloop.o(.text.calcul_cpu_load)
    cycle_run                                0x08002839   Thumb Code   132  sloop.o(.text.cycle_run)
    load_warning                             0x080028c5   Thumb Code   192  sloop.o(.text.load_warning)
    loop_counter                             0x08002995   Thumb Code    12  sloop.o(.text.loop_counter)
    main                                     0x080029a5   Thumb Code    32  main.o(.text.main)
    multiple_run                             0x080029c5   Thumb Code   168  sloop.o(.text.multiple_run)
    mutex_task_run                           0x08002a79   Thumb Code    24  sloop.o(.text.mutex_task_run)
    once_task_run                            0x08002a95   Thumb Code   124  sloop.o(.text.once_task_run)
    parallel_task_run                        0x08002b21   Thumb Code    60  sloop.o(.text.parallel_task_run)
    sl_cycle_start                           0x08002b61   Thumb Code   504  sloop.o(.text.sl_cycle_start)
    sl_cycle_stop                            0x08002d65   Thumb Code   228  sloop.o(.text.sl_cycle_stop)
    sl_delay                                 0x08002e51   Thumb Code    56  sloop.o(.text.sl_delay)
    sl_get_tick                              0x08002e89   Thumb Code     8  sloop.o(.text.sl_get_tick)
    sl_goto                                  0x08002e95   Thumb Code   224  sloop.o(.text.sl_goto)
    sl_load_new_task                         0x08002f89   Thumb Code    12  sloop.o(.text.sl_load_new_task)
    sl_slice_run                             0x08002f9d   Thumb Code    60  sl_slice.o(.text.sl_slice_run)
    sl_slice_start                           0x08002fd9   Thumb Code   208  sl_slice.o(.text.sl_slice_start)
    sl_slice_yield                           0x080030b5   Thumb Code    32  sl_slice.o(.text.sl_slice_yield)
    sl_task_once                             0x080030e1   Thumb Code   444  sloop.o(.text.sl_task_once)
    sl_task_start                            0x080032b1   Thumb Code   416  sloop.o(.text.sl_task_start)
    sl_tick_irq                              0x08003461   Thumb Code    20  sloop.o(.text.sl_tick_irq)
    sl_wait                                  0x08003479   Thumb Code   316  sloop.o(.text.sl_wait)
    sl_wait_break                            0x080035c9   Thumb Code   164  sloop.o(.text.sl_wait_break)
    sloop                                    0x080037ad   Thumb Code    12  sloop.o(.text.sloop)
    sloop_init                               0x080037b9   Thumb Code   588  sloop.o(.text.sloop_init)
    soft_timer                               0x08003a25   Thumb Code    16  sloop.o(.text.soft_timer)
    system_heartbeat                         0x08003a35   Thumb Code   188  sloop.o(.text.system_heartbeat)
    task_baseInit                            0x08003afd   Thumb Code   368  task_baseinit.o(.text.task_baseInit)
    task_idle                                0x08003c79   Thumb Code   516  task_idle.o(.text.task_idle)
    task_slice                               0x08003e95   Thumb Code   164  task_slice.o(.text.task_slice)
    timeout_run                              0x08003f41   Thumb Code   132  sloop.o(.text.timeout_run)
    AHBPrescTable                            0x08003fd0   Data          64  system_stm32g0xx.o(.rodata.AHBPrescTable)
    Region$$Table$$Base                      0x08004cb4   Number         0  anon$$obj.o(Region$$Table)
    Region$$Table$$Limit                     0x08004cd4   Number         0  anon$$obj.o(Region$$Table)
    SystemCoreClock                          0x20000000   Data           4  system_stm32g0xx.o(.data.SystemCoreClock)
    uwTickFreq                               0x20000004   Data           1  stm32g0xx_hal.o(.data.uwTickFreq)
    uwTickPrio                               0x20000008   Data           4  stm32g0xx_hal.o(.data.uwTickPrio)
    __libspace_start                         0x20000010   Data          96  libspace.o(.bss)
    __temporary_stack_top$libspace           0x20000070   Data           0  libspace.o(.bss)
    _SEGGER_RTT                              0x20000074   Data          72  segger_rtt.o(.bss._SEGGER_RTT)
    htim14                                   0x20000a50   Data          76  tim.o(.bss.htim14)
    sl_free                                  0x20000d30   Data           1  sloop.o(.bss.sl_free)
    sl_init                                  0x20000d31   Data           1  sloop.o(.bss.sl_init)
    uwTick                                   0x20001144   Data           4  stm32g0xx_hal.o(.bss.uwTick)



==============================================================================

Memory Map of the image

  Image Entry point : 0x080000c1

  Load Region LR_IROM1 (Base: 0x08000000, Size: 0x00004ce8, Max: 0x00010000, ABSOLUTE)

    Execution Region ER_IROM1 (Exec base: 0x08000000, Load base: 0x08000000, Size: 0x00004cd4, Max: 0x00010000, ABSOLUTE)

    Exec Addr    Load Addr    Size         Type   Attr      Idx    E Section Name        Object

    0x08000000   0x08000000   0x000000c0   Data   RO            3    RESET               startup_stm32g030xx.o
    0x080000c0   0x080000c0   0x00000008   Code   RO         1210  * !!!main             c_p.l(__main.o)
    0x080000c8   0x080000c8   0x00000054   Code   RO         1387    !!!scatter          c_p.l(__scatter.o)
    0x0800011c   0x0800011c   0x0000001a   Code   RO         1391    !!handler_copy      c_p.l(__scatter_copy.o)
    0x08000136   0x08000136   0x00000002   PAD
    0x08000138   0x08000138   0x00000002   Code   RO         1388    !!handler_null      c_p.l(__scatter.o)
    0x0800013a   0x0800013a   0x00000002   PAD
    0x0800013c   0x0800013c   0x0000001c   Code   RO         1393    !!handler_zi        c_p.l(__scatter_zi.o)
    0x08000158   0x08000158   0x00000002   Code   RO         1248    .ARM.Collect$$libinit$$00000000  c_p.l(libinit.o)
    0x0800015a   0x0800015a   0x00000000   Code   RO         1262    .ARM.Collect$$libinit$$00000002  c_p.l(libinit2.o)
    0x0800015a   0x0800015a   0x00000000   Code   RO         1264    .ARM.Collect$$libinit$$00000004  c_p.l(libinit2.o)
    0x0800015a   0x0800015a   0x00000000   Code   RO         1266    .ARM.Collect$$libinit$$00000006  c_p.l(libinit2.o)
    0x0800015a   0x0800015a   0x00000000   Code   RO         1269    .ARM.Collect$$libinit$$0000000C  c_p.l(libinit2.o)
    0x0800015a   0x0800015a   0x00000000   Code   RO         1271    .ARM.Collect$$libinit$$0000000E  c_p.l(libinit2.o)
    0x0800015a   0x0800015a   0x00000000   Code   RO         1273    .ARM.Collect$$libinit$$00000010  c_p.l(libinit2.o)
    0x0800015a   0x0800015a   0x00000000   Code   RO         1276    .ARM.Collect$$libinit$$00000013  c_p.l(libinit2.o)
    0x0800015a   0x0800015a   0x00000000   Code   RO         1278    .ARM.Collect$$libinit$$00000015  c_p.l(libinit2.o)
    0x0800015a   0x0800015a   0x00000000   Code   RO         1280    .ARM.Collect$$libinit$$00000017  c_p.l(libinit2.o)
    0x0800015a   0x0800015a   0x00000000   Code   RO         1282    .ARM.Collect$$libinit$$00000019  c_p.l(libinit2.o)
    0x0800015a   0x0800015a   0x00000000   Code   RO         1284    .ARM.Collect$$libinit$$0000001B  c_p.l(libinit2.o)
    0x0800015a   0x0800015a   0x00000000   Code   RO         1286    .ARM.Collect$$libinit$$0000001D  c_p.l(libinit2.o)
    0x0800015a   0x0800015a   0x00000000   Code   RO         1288    .ARM.Collect$$libinit$$0000001F  c_p.l(libinit2.o)
    0x0800015a   0x0800015a   0x00000000   Code   RO         1290    .ARM.Collect$$libinit$$00000021  c_p.l(libinit2.o)
    0x0800015a   0x0800015a   0x00000000   Code   RO         1292    .ARM.Collect$$libinit$$00000023  c_p.l(libinit2.o)
    0x0800015a   0x0800015a   0x00000000   Code   RO         1294    .ARM.Collect$$libinit$$00000025  c_p.l(libinit2.o)
    0x0800015a   0x0800015a   0x00000000   Code   RO         1296    .ARM.Collect$$libinit$$00000027  c_p.l(libinit2.o)
    0x0800015a   0x0800015a   0x00000000   Code   RO         1300    .ARM.Collect$$libinit$$0000002E  c_p.l(libinit2.o)
    0x0800015a   0x0800015a   0x00000000   Code   RO         1302    .ARM.Collect$$libinit$$00000030  c_p.l(libinit2.o)
    0x0800015a   0x0800015a   0x00000000   Code   RO         1304    .ARM.Collect$$libinit$$00000032  c_p.l(libinit2.o)
    0x0800015a   0x0800015a   0x00000000   Code   RO         1306    .ARM.Collect$$libinit$$00000034  c_p.l(libinit2.o)
    0x0800015a   0x0800015a   0x00000002   Code   RO         1307    .ARM.Collect$$libinit$$00000035  c_p.l(libinit2.o)
    0x0800015c   0x0800015c   0x00000002   Code   RO         1342    .ARM.Collect$$libshutdown$$00000000  c_p.l(libshutdown.o)
    0x0800015e   0x0800015e   0x00000000   Code   RO         1370    .ARM.Collect$$libshutdown$$00000002  c_p.l(libshutdown2.o)
    0x0800015e   0x0800015e   0x00000000   Code   RO         1372    .ARM.Collect$$libshutdown$$00000004  c_p.l(libshutdown2.o)
    0x0800015e   0x0800015e   0x00000000   Code   RO         1375    .ARM.Collect$$libshutdown$$00000007  c_p.l(libshutdown2.o)
    0x0800015e   0x0800015e   0x00000000   Code   RO         1378    .ARM.Collect$$libshutdown$$0000000A  c_p.l(libshutdown2.o)
    0x0800015e   0x0800015e   0x00000000   Code   RO         1380    .ARM.Collect$$libshutdown$$0000000C  c_p.l(libshutdown2.o)
    0x0800015e   0x0800015e   0x00000000   Code   RO         1383    .ARM.Collect$$libshutdown$$0000000F  c_p.l(libshutdown2.o)
    0x0800015e   0x0800015e   0x00000002   Code   RO         1384    .ARM.Collect$$libshutdown$$00000010  c_p.l(libshutdown2.o)
    0x08000160   0x08000160   0x00000000   Code   RO         1212    .ARM.Collect$$rtentry$$00000000  c_p.l(__rtentry.o)
    0x08000160   0x08000160   0x00000000   Code   RO         1218    .ARM.Collect$$rtentry$$00000002  c_p.l(__rtentry2.o)
    0x08000160   0x08000160   0x00000006   Code   RO         1230    .ARM.Collect$$rtentry$$00000004  c_p.l(__rtentry4.o)
    0x08000166   0x08000166   0x00000000   Code   RO         1220    .ARM.Collect$$rtentry$$00000009  c_p.l(__rtentry2.o)
    0x08000166   0x08000166   0x00000004   Code   RO         1221    .ARM.Collect$$rtentry$$0000000A  c_p.l(__rtentry2.o)
    0x0800016a   0x0800016a   0x00000000   Code   RO         1223    .ARM.Collect$$rtentry$$0000000C  c_p.l(__rtentry2.o)
    0x0800016a   0x0800016a   0x00000008   Code   RO         1224    .ARM.Collect$$rtentry$$0000000D  c_p.l(__rtentry2.o)
    0x08000172   0x08000172   0x00000002   Code   RO         1253    .ARM.Collect$$rtexit$$00000000  c_p.l(rtexit.o)
    0x08000174   0x08000174   0x00000000   Code   RO         1313    .ARM.Collect$$rtexit$$00000002  c_p.l(rtexit2.o)
    0x08000174   0x08000174   0x00000004   Code   RO         1314    .ARM.Collect$$rtexit$$00000003  c_p.l(rtexit2.o)
    0x08000178   0x08000178   0x00000006   Code   RO         1315    .ARM.Collect$$rtexit$$00000004  c_p.l(rtexit2.o)
    0x0800017e   0x0800017e   0x00000002   PAD
    0x08000180   0x08000180   0x00000038   Code   RO         1198    .emb_text           c_p.l(rt_memcpy.o)
    0x080001b8   0x080001b8   0x00000034   Code   RO            4    .text               startup_stm32g030xx.o
    0x080001ec   0x080001ec   0x00000082   Code   RO         1199    .text               c_p.l(rt_memcpy.o)
    0x0800026e   0x0800026e   0x00000040   Code   RO         1202    .text               c_p.l(rt_memclr.o)
    0x080002ae   0x080002ae   0x00000002   PAD
    0x080002b0   0x080002b0   0x0000016c   Code   RO         1204    .text               c_p.l(aeabi_sdiv.o)
    0x0800041c   0x0800041c   0x00000006   Code   RO         1208    .text               c_p.l(heapauxi.o)
    0x08000422   0x08000422   0x0000003e   Code   RO         1234    .text               c_p.l(sys_stackheap_outer.o)
    0x08000460   0x08000460   0x00000010   Code   RO         1237    .text               c_p.l(exit.o)
    0x08000470   0x08000470   0x00000008   Code   RO         1249    .text               c_p.l(libspace.o)
    0x08000478   0x08000478   0x0000000c   Code   RO         1308    .text               c_p.l(sys_exit.o)
    0x08000484   0x08000484   0x00000002   Code   RO         1331    .text               c_p.l(use_no_semi.o)
    0x08000486   0x08000486   0x00000000   Code   RO         1333    .text               c_p.l(indicate_semi.o)
    0x08000486   0x08000486   0x0000000e   Code   RO           15    .text.Error_Handler  main.o
    0x08000494   0x08000494   0x00000008   Code   RO          773    .text.HAL_GetTick   stm32g0xx_hal.o
    0x0800049c   0x0800049c   0x00000014   Code   RO          771    .text.HAL_IncTick   stm32g0xx_hal.o
    0x080004b0   0x080004b0   0x00000038   Code   RO          761    .text.HAL_Init      stm32g0xx_hal.o
    0x080004e8   0x080004e8   0x0000007c   Code   RO          763    .text.HAL_InitTick  stm32g0xx_hal.o
    0x08000564   0x08000564   0x0000004c   Code   RO           63    .text.HAL_MspInit   stm32g0xx_hal_msp.o
    0x080005b0   0x080005b0   0x00000016   Code   RO          706    .text.HAL_NVIC_EnableIRQ  stm32g0xx_hal_cortex.o
    0x080005c6   0x080005c6   0x0000001c   Code   RO          702    .text.HAL_NVIC_SetPriority  stm32g0xx_hal_cortex.o
    0x080005e2   0x080005e2   0x00000002   PAD
    0x080005e4   0x080005e4   0x0000007c   Code   RO          689    .text.HAL_PWREx_ControlVoltageScaling  stm32g0xx_hal_pwr_ex.o
    0x08000660   0x08000660   0x00000258   Code   RO          427    .text.HAL_RCC_ClockConfig  stm32g0xx_hal_rcc.o
    0x080008b8   0x080008b8   0x00000120   Code   RO          429    .text.HAL_RCC_GetSysClockFreq  stm32g0xx_hal_rcc.o
    0x080009d8   0x080009d8   0x0000069c   Code   RO          425    .text.HAL_RCC_OscConfig  stm32g0xx_hal_rcc.o
    0x08001074   0x08001074   0x00000010   Code   RO          718    .text.HAL_SYSTICK_Config  stm32g0xx_hal_cortex.o
    0x08001084   0x08001084   0x00000008   Code   RO          410    .text.HAL_TIMEx_Break2Callback  stm32g0xx_hal_tim_ex.o
    0x0800108c   0x0800108c   0x00000008   Code   RO          408    .text.HAL_TIMEx_BreakCallback  stm32g0xx_hal_tim_ex.o
    0x08001094   0x08001094   0x00000008   Code   RO          404    .text.HAL_TIMEx_CommutCallback  stm32g0xx_hal_tim_ex.o
    0x0800109c   0x0800109c   0x000000aa   Code   RO           71    .text.HAL_TIM_Base_Init  stm32g0xx_hal_tim.o
    0x08001146   0x08001146   0x00000002   PAD
    0x08001148   0x08001148   0x0000004c   Code   RO           35    .text.HAL_TIM_Base_MspInit  tim.o
    0x08001194   0x08001194   0x000000a0   Code   RO           85    .text.HAL_TIM_Base_Start_IT  stm32g0xx_hal_tim.o
    0x08001234   0x08001234   0x00000058   Code   RO           87    .text.HAL_TIM_Base_Stop_IT  stm32g0xx_hal_tim.o
    0x0800128c   0x0800128c   0x00000008   Code   RO          207    .text.HAL_TIM_IC_CaptureCallback  stm32g0xx_hal_tim.o
    0x08001294   0x08001294   0x00000264   Code   RO          205    .text.HAL_TIM_IRQHandler  stm32g0xx_hal_tim.o
    0x080014f8   0x080014f8   0x00000008   Code   RO          209    .text.HAL_TIM_OC_DelayElapsedCallback  stm32g0xx_hal_tim.o
    0x08001500   0x08001500   0x00000008   Code   RO          211    .text.HAL_TIM_PWM_PulseFinishedCallback  stm32g0xx_hal_tim.o
    0x08001508   0x08001508   0x0000001c   Code   RO          973    .text.HAL_TIM_PeriodElapsedCallback  sl_slice.o
    0x08001524   0x08001524   0x00000008   Code   RO          215    .text.HAL_TIM_TriggerCallback  stm32g0xx_hal_tim.o
    0x0800152c   0x0800152c   0x000002a4   Code   RO           49    .text.HardFault_Handler  stm32g0xx_it.o
    0x080017d0   0x080017d0   0x00000020   Code   RO           25    .text.MX_GPIO_Init  gpio.o
    0x080017f0   0x080017f0   0x00000034   Code   RO           33    .text.MX_TIM14_Init  tim.o
    0x08001824   0x08001824   0x000000a4   Code   RO           47    .text.NMI_Handler   stm32g0xx_it.o
    0x080018c8   0x080018c8   0x000000b0   Code   RO          977    .text.PendSV_Handler  sl_slice.o
    0x08001978   0x08001978   0x000000bc   Code   RO         1055    .text.SEGGER_RTT_SetTerminal  segger_rtt.o
    0x08001a34   0x08001a34   0x00000048   Code   RO         1017    .text.SEGGER_RTT_Write  segger_rtt.o
    0x08001a7c   0x08001a7c   0x000000b0   Code   RO         1013    .text.SEGGER_RTT_WriteNoLock  segger_rtt.o
    0x08001b2c   0x08001b2c   0x0000002c   Code   RO         1087    .text.SEGGER_RTT_printf  segger_rtt_printf.o
    0x08001b58   0x08001b58   0x00000350   Code   RO         1079    .text.SEGGER_RTT_vprintf  segger_rtt_printf.o
    0x08001ea8   0x08001ea8   0x00000050   Code   RO          720    .text.SysTick_Config  stm32g0xx_hal_cortex.o
    0x08001ef8   0x08001ef8   0x0000000c   Code   RO           51    .text.SysTick_Handler  stm32g0xx_it.o
    0x08001f04   0x08001f04   0x0000007e   Code   RO           13    .text.SystemClock_Config  main.o
    0x08001f82   0x08001f82   0x00000002   Code   RO          854    .text.SystemInit    system_stm32g0xx.o
    0x08001f84   0x08001f84   0x00000010   Code   RO           53    .text.TIM14_IRQHandler  stm32g0xx_it.o
    0x08001f94   0x08001f94   0x000000f4   Code   RO           75    .text.TIM_Base_SetConfig  stm32g0xx_hal_tim.o
    0x08002088   0x08002088   0x00000090   Code   RO          993    .text._DoInit       segger_rtt.o
    0x08002118   0x08002118   0x0000003e   Code   RO         1007    .text._GetAvailWriteSpace  segger_rtt.o
    0x08002156   0x08002156   0x000001e2   Code   RO         1083    .text._PrintInt     segger_rtt_printf.o
    0x08002338   0x08002338   0x000001c8   Code   RO         1085    .text._PrintUnsigned  segger_rtt_printf.o
    0x08002500   0x08002500   0x00000074   Code   RO         1081    .text._StoreChar    segger_rtt_printf.o
    0x08002574   0x08002574   0x000000e0   Code   RO         1011    .text._WriteBlocking  segger_rtt.o
    0x08002654   0x08002654   0x00000084   Code   RO         1009    .text._WriteNoCheck  segger_rtt.o
    0x080026d8   0x080026d8   0x0000002c   Code   RO          708    .text.__NVIC_EnableIRQ  stm32g0xx_hal_cortex.o
    0x08002704   0x08002704   0x00000084   Code   RO          704    .text.__NVIC_SetPriority  stm32g0xx_hal_cortex.o
    0x08002788   0x08002788   0x00000018   Code   RO          878    .text._main         _main.o
    0x080027a0   0x080027a0   0x00000098   Code   RO         1112    .text.calcul_cpu_load  sloop.o
    0x08002838   0x08002838   0x0000008c   Code   RO         1130    .text.cycle_run     sloop.o
    0x080028c4   0x080028c4   0x000000d0   Code   RO         1134    .text.load_warning  sloop.o
    0x08002994   0x08002994   0x00000010   Code   RO         1108    .text.loop_counter  sloop.o
    0x080029a4   0x080029a4   0x00000020   Code   RO           11    .text.main          main.o
    0x080029c4   0x080029c4   0x000000b4   Code   RO         1132    .text.multiple_run  sloop.o
    0x08002a78   0x08002a78   0x0000001c   Code   RO         1118    .text.mutex_task_run  sloop.o
    0x08002a94   0x08002a94   0x0000008c   Code   RO         1106    .text.once_task_run  sloop.o
    0x08002b20   0x08002b20   0x00000040   Code   RO         1120    .text.parallel_task_run  sloop.o
    0x08002b60   0x08002b60   0x00000204   Code   RO         1110    .text.sl_cycle_start  sloop.o
    0x08002d64   0x08002d64   0x000000ec   Code   RO         1136    .text.sl_cycle_stop  sloop.o
    0x08002e50   0x08002e50   0x00000038   Code   RO         1138    .text.sl_delay      sloop.o
    0x08002e88   0x08002e88   0x0000000c   Code   RO         1102    .text.sl_get_tick   sloop.o
    0x08002e94   0x08002e94   0x000000f4   Code   RO         1150    .text.sl_goto       sloop.o
    0x08002f88   0x08002f88   0x00000014   Code   RO         1154    .text.sl_load_new_task  sloop.o
    0x08002f9c   0x08002f9c   0x0000003c   Code   RO          969    .text.sl_slice_run  sl_slice.o
    0x08002fd8   0x08002fd8   0x000000dc   Code   RO          965    .text.sl_slice_start  sl_slice.o
    0x080030b4   0x080030b4   0x0000002c   Code   RO          975    .text.sl_slice_yield  sl_slice.o
    0x080030e0   0x080030e0   0x000001d0   Code   RO         1124    .text.sl_task_once  sloop.o
    0x080032b0   0x080032b0   0x000001b0   Code   RO         1104    .text.sl_task_start  sloop.o
    0x08003460   0x08003460   0x00000018   Code   RO         1122    .text.sl_tick_irq   sloop.o
    0x08003478   0x08003478   0x00000150   Code   RO         1156    .text.sl_wait       sloop.o
    0x080035c8   0x080035c8   0x000000b0   Code   RO         1152    .text.sl_wait_break  sloop.o
    0x08003678   0x08003678   0x00000090   Code   RO          967    .text.slice_stack_init  sl_slice.o
    0x08003708   0x08003708   0x000000a4   Code   RO          979    .text.slice_trap    sl_slice.o
    0x080037ac   0x080037ac   0x0000000c   Code   RO         1116    .text.sloop         sloop.o
    0x080037b8   0x080037b8   0x0000026c   Code   RO         1100    .text.sloop_init    sloop.o
    0x08003a24   0x08003a24   0x00000010   Code   RO         1126    .text.soft_timer    sloop.o
    0x08003a34   0x08003a34   0x000000c8   Code   RO         1114    .text.system_heartbeat  sloop.o
    0x08003afc   0x08003afc   0x0000017c   Code   RO          887    .text.task_baseInit  task_baseinit.o
    0x08003c78   0x08003c78   0x0000021c   Code   RO          947    .text.task_idle     task_idle.o
    0x08003e94   0x08003e94   0x000000ac   Code   RO          956    .text.task_slice    task_slice.o
    0x08003f40   0x08003f40   0x00000090   Code   RO         1128    .text.timeout_run   sloop.o
    0x08003fd0   0x08003fd0   0x00000040   Data   RO          859    .rodata.AHBPrescTable  system_stm32g0xx.o
    0x08004010   0x08004010   0x00000011   Data   RO         1068    .rodata._DoInit._aInitStr  segger_rtt.o
    0x08004021   0x08004021   0x00000010   Data   RO         1090    .rodata._PrintUnsigned._aV2C  segger_rtt_printf.o
    0x08004031   0x08004031   0x00000010   Data   RO         1066    .rodata._aTerminalId  segger_rtt.o
    0x08004041   0x08004041   0x0000029c   Data   RO           55    .rodata.str1.1      stm32g0xx_it.o
    0x080042dd   0x080042dd   0x000000a3   Data   RO          889    .rodata.str1.1      task_baseinit.o
    0x08004380   0x08004380   0x00000058   Data   RO          949    .rodata.str1.1      task_idle.o
    0x080043d8   0x080043d8   0x0000005a   Data   RO          958    .rodata.str1.1      task_slice.o
    0x08004432   0x08004432   0x00000120   Data   RO          981    .rodata.str1.1      sl_slice.o
    0x08004552   0x08004552   0x00000009   Data   RO         1069    .rodata.str1.1      segger_rtt.o
    0x0800455b   0x0800455b   0x00000007   Data   RO         1089    .rodata.str1.1      segger_rtt_printf.o
    0x08004562   0x08004562   0x00000751   Data   RO         1164    .rodata.str1.1      sloop.o
    0x08004cb3   0x08004cb3   0x00000001   PAD
    0x08004cb4   0x08004cb4   0x00000020   Data   RO         1386    Region$$Table       anon$$obj.o


    Execution Region RW_IRAM1 (Exec base: 0x20000000, Load base: 0x08004cd8, Size: 0x00001550, Max: 0x00002000, ABSOLUTE)

    Exec Addr    Load Addr    Size         Type   Attr      Idx    E Section Name        Object

    0x20000000   0x08004cd8   0x00000004   Data   RW          858    .data.SystemCoreClock  system_stm32g0xx.o
    0x20000004   0x08004cdc   0x00000001   Data   RW          820    .data.uwTickFreq    stm32g0xx_hal.o
    0x20000005   0x08004cdd   0x00000003   PAD
    0x20000008   0x08004ce0   0x00000004   Data   RW          819    .data.uwTickPrio    stm32g0xx_hal.o
    0x2000000c   0x08004ce4   0x00000004   PAD
    0x20000010        -       0x00000060   Zero   RW         1250    .bss                c_p.l(libspace.o)
    0x20000070        -       0x00000001   Zero   RW         1067    .bss._ActiveTerminal  segger_rtt.o
    0x20000071   0x08004ce4   0x00000003   PAD
    0x20000074        -       0x00000048   Zero   RW         1065    .bss._SEGGER_RTT    segger_rtt.o
    0x200000bc        -       0x00000010   Zero   RW         1071    .bss._acDownBuffer  segger_rtt.o
    0x200000cc        -       0x00000800   Zero   RW         1070    .bss._acUpBuffer    segger_rtt.o
    0x200008cc        -       0x00000001   Zero   RW         1187    .bss._continue      sloop.o
    0x200008cd        -       0x00000001   Zero   RW         1186    .bss.break_wait     sloop.o
    0x200008ce        -       0x00000001   Zero   RW         1168    .bss.calcul_cpu_load.warning  sloop.o
    0x200008cf   0x08004ce4   0x00000001   PAD
    0x200008d0        -       0x000000c0   Zero   RW         1174    .bss.cycle_reg      sloop.o
    0x20000990        -       0x000000c0   Zero   RW         1173    .bss.cycle_run.backup_reg  sloop.o
    0x20000a50        -       0x0000004c   Zero   RW           39    .bss.htim14         tim.o
    0x20000a9c        -       0x00000004   Zero   RW         1170    .bss.load           sloop.o
    0x20000aa0        -       0x00000004   Zero   RW         1167    .bss.loop           sloop.o
    0x20000aa4        -       0x00000004   Zero   RW         1169    .bss.loop_us        sloop.o
    0x20000aa8        -       0x00000100   Zero   RW         1176    .bss.multiple_reg   sloop.o
    0x20000ba8        -       0x00000100   Zero   RW         1175    .bss.multiple_run.backup_reg  sloop.o
    0x20000ca8        -       0x00000040   Zero   RW         1179    .bss.once_task_reg  sloop.o
    0x20000ce8        -       0x00000040   Zero   RW         1178    .bss.once_task_run.backup_reg  sloop.o
    0x20000d28        -       0x00000004   Zero   RW         1184    .bss.pre_task       sloop.o
    0x20000d2c        -       0x00000004   Zero   RW         1182    .bss.run_task       sloop.o
    0x20000d30        -       0x00000001   Zero   RW         1185    .bss.sl_free        sloop.o
    0x20000d31        -       0x00000001   Zero   RW         1183    .bss.sl_init        sloop.o
    0x20000d32   0x08004ce4   0x00000002   PAD
    0x20000d34        -       0x00000200   Zero   RW          983    .bss.slice_stack    sl_slice.o
    0x20000f34        -       0x00000004   Zero   RW         1180    .bss.soft_timer_count  sloop.o
    0x20000f38        -       0x00000004   Zero   RW         1166    .bss.system_heartbeat.count  sloop.o
    0x20000f3c        -       0x00000080   Zero   RW         1177    .bss.task_reg       sloop.o
    0x20000fbc        -       0x00000004   Zero   RW         1165    .bss.tick           sloop.o
    0x20000fc0        -       0x000000c0   Zero   RW         1172    .bss.timeout_reg    sloop.o
    0x20001080        -       0x000000c0   Zero   RW         1171    .bss.timeout_run.backup_reg  sloop.o
    0x20001140        -       0x00000001   Zero   RW          982    .bss.to_slice       sl_slice.o
    0x20001141   0x08004ce4   0x00000003   PAD
    0x20001144        -       0x00000004   Zero   RW          821    .bss.uwTick         stm32g0xx_hal.o
    0x20001148        -       0x00000001   Zero   RW         1181    .bss.wait           sloop.o
    0x20001149   0x08004ce4   0x00000007   PAD
    0x20001150        -       0x00000000   Zero   RW            2    HEAP                startup_stm32g030xx.o
    0x20001150        -       0x00000400   Zero   RW            1    STACK               startup_stm32g030xx.o


==============================================================================

Image component sizes


      Code (inc. data)   RO Data    RW Data    ZI Data      Debug   Object Name

        24          4          0          0          0        717   _main.o
        32          4          0          0          0       1194   gpio.o
       172          0          0          0          0       1628   main.o
       998         32         42          0       2137      13981   segger_rtt.o
      1946         64         23          0          0       4010   segger_rtt_printf.o
       836         52        288          0        513       6357   sl_slice.o
      4436        264       1873          0       1574       8642   sloop.o
        52         22        192          0       1024        604   startup_stm32g030xx.o
       208          8          0          5          4       6422   stm32g0xx_hal.o
       322         24          0          0          0       6297   stm32g0xx_hal_cortex.o
        76          8          0          0          0       1871   stm32g0xx_hal_msp.o
       124         12          0          0          0       3940   stm32g0xx_hal_pwr_ex.o
      2580        116          0          0          0       8900   stm32g0xx_hal_rcc.o
      1306         48          0          0          0      38908   stm32g0xx_hal_tim.o
        24          0          0          0          0      18296   stm32g0xx_hal_tim_ex.o
       868         32        668          0          0       1507   stm32g0xx_it.o
         2          0         64          4          0       1851   system_stm32g0xx.o
       380         12        163          0          0        586   task_baseinit.o
       540         24         88          0          0        603   task_idle.o
       172          8         90          0          0        540   task_slice.o
       128         16          0          0         76       5617   tim.o

    ----------------------------------------------------------------------
     15230        750       3524         12       5348     132471   Object Totals
         0          0         32          0          0          0   (incl. Generated)
         4          0          1          3         20          0   (incl. Padding)

    ----------------------------------------------------------------------

      Code (inc. data)   RO Data    RW Data    ZI Data      Debug   Library Member Name

         8          0          0          0          0         68   __main.o
         0          0          0          0          0          0   __rtentry.o
        12          0          0          0          0          0   __rtentry2.o
         6          0          0          0          0          0   __rtentry4.o
        86         10          0          0          0          0   __scatter.o
        26          0          0          0          0          0   __scatter_copy.o
        28          0          0          0          0          0   __scatter_zi.o
       364          4          0          0          0         92   aeabi_sdiv.o
        16          0          0          0          0         68   exit.o
         6          0          0          0          0        136   heapauxi.o
         0          0          0          0          0          0   indicate_semi.o
         2          0          0          0          0          0   libinit.o
         2          0          0          0          0          0   libinit2.o
         2          0          0          0          0          0   libshutdown.o
         2          0          0          0          0          0   libshutdown2.o
         8          4          0          0         96         68   libspace.o
        64          0          0          0          0        108   rt_memclr.o
       186          0          0          0          0        144   rt_memcpy.o
         2          0          0          0          0          0   rtexit.o
        10          0          0          0          0          0   rtexit2.o
        12          4          0          0          0         60   sys_exit.o
        62          0          0          0          0         80   sys_stackheap_outer.o
         2          0          0          0          0         68   use_no_semi.o

    ----------------------------------------------------------------------
       914         22          0          0         96        892   Library Totals
         8          0          0          0          0          0   (incl. Padding)

    ----------------------------------------------------------------------

      Code (inc. data)   RO Data    RW Data    ZI Data      Debug   Library Name

       906         22          0          0         96        892   c_p.l

    ----------------------------------------------------------------------
       914         22          0          0         96        892   Library Totals

    ----------------------------------------------------------------------

==============================================================================


      Code (inc. data)   RO Data    RW Data    ZI Data      Debug   

     16144        772       3524         12       5444     132767   Grand Totals
     16144        772       3524         12       5444     132767   ELF Image Totals
     16144        772       3524         12          0          0   ROM Totals

==============================================================================

    Total RO  Size (Code + RO Data)                19668 (  19.21kB)
    Total RW  Size (RW Data + ZI Data)              5456 (   5.33kB)
    Total ROM Size (Code + RO Data + RW Data)      19680 (  19.22kB)

==============================================================================

